Apache Maven 3.9.11 (3e54c93a704957b63ee3494413a2b544fd3d825b)
Maven home: C:\Users\abhis\.m2\wrapper\dists\apache-maven-3.9.11\03d7e36a140982eea48e22c1dcac01d8862b2550b2939e09a0809bbc5182a5bc
Java version: 21.0.9, vendor: Oracle Corporation, runtime: C:\Program Files\Java\jdk-21
Default locale: en_IN, platform encoding: UTF-8
OS name: "windows 11", version: "10.0", arch: "amd64", family: "windows"
[DEBUG] Created new class realm maven.api
[DEBUG] Importing foreign packages into class realm maven.api
[DEBUG]   Imported: javax.annotation.* < plexus.core
[DEBUG]   Imported: javax.annotation.security.* < plexus.core
[DEBUG]   Imported: javax.inject.* < plexus.core
[DEBUG]   Imported: org.apache.maven.* < plexus.core
[DEBUG]   Imported: org.apache.maven.artifact < plexus.core
[DEBUG]   Imported: org.apache.maven.classrealm < plexus.core
[DEBUG]   Imported: org.apache.maven.cli < plexus.core
[DEBUG]   Imported: org.apache.maven.configuration < plexus.core
[DEBUG]   Imported: org.apache.maven.exception < plexus.core
[DEBUG]   Imported: org.apache.maven.execution < plexus.core
[DEBUG]   Imported: org.apache.maven.execution.scope < plexus.core
[DEBUG]   Imported: org.apache.maven.graph < plexus.core
[DEBUG]   Imported: org.apache.maven.lifecycle < plexus.core
[DEBUG]   Imported: org.apache.maven.model < plexus.core
[DEBUG]   Imported: org.apache.maven.monitor < plexus.core
[DEBUG]   Imported: org.apache.maven.plugin < plexus.core
[DEBUG]   Imported: org.apache.maven.profiles < plexus.core
[DEBUG]   Imported: org.apache.maven.project < plexus.core
[DEBUG]   Imported: org.apache.maven.reporting < plexus.core
[DEBUG]   Imported: org.apache.maven.repository < plexus.core
[DEBUG]   Imported: org.apache.maven.rtinfo < plexus.core
[DEBUG]   Imported: org.apache.maven.settings < plexus.core
[DEBUG]   Imported: org.apache.maven.toolchain < plexus.core
[DEBUG]   Imported: org.apache.maven.usability < plexus.core
[DEBUG]   Imported: org.apache.maven.wagon.* < plexus.core
[DEBUG]   Imported: org.apache.maven.wagon.authentication < plexus.core
[DEBUG]   Imported: org.apache.maven.wagon.authorization < plexus.core
[DEBUG]   Imported: org.apache.maven.wagon.events < plexus.core
[DEBUG]   Imported: org.apache.maven.wagon.observers < plexus.core
[DEBUG]   Imported: org.apache.maven.wagon.proxy < plexus.core
[DEBUG]   Imported: org.apache.maven.wagon.repository < plexus.core
[DEBUG]   Imported: org.apache.maven.wagon.resource < plexus.core
[DEBUG]   Imported: org.codehaus.classworlds < plexus.core
[DEBUG]   Imported: org.codehaus.plexus.* < plexus.core
[DEBUG]   Imported: org.codehaus.plexus.classworlds < plexus.core
[DEBUG]   Imported: org.codehaus.plexus.component < plexus.core
[DEBUG]   Imported: org.codehaus.plexus.configuration < plexus.core
[DEBUG]   Imported: org.codehaus.plexus.container < plexus.core
[DEBUG]   Imported: org.codehaus.plexus.context < plexus.core
[DEBUG]   Imported: org.codehaus.plexus.lifecycle < plexus.core
[DEBUG]   Imported: org.codehaus.plexus.logging < plexus.core
[DEBUG]   Imported: org.codehaus.plexus.personality < plexus.core
[DEBUG]   Imported: org.codehaus.plexus.util.xml.Xpp3Dom < plexus.core
[DEBUG]   Imported: org.codehaus.plexus.util.xml.pull.XmlPullParser < plexus.core
[DEBUG]   Imported: org.codehaus.plexus.util.xml.pull.XmlPullParserException < plexus.core
[DEBUG]   Imported: org.codehaus.plexus.util.xml.pull.XmlSerializer < plexus.core
[DEBUG]   Imported: org.eclipse.aether.* < plexus.core
[DEBUG]   Imported: org.eclipse.aether.artifact < plexus.core
[DEBUG]   Imported: org.eclipse.aether.collection < plexus.core
[DEBUG]   Imported: org.eclipse.aether.deployment < plexus.core
[DEBUG]   Imported: org.eclipse.aether.graph < plexus.core
[DEBUG]   Imported: org.eclipse.aether.impl < plexus.core
[DEBUG]   Imported: org.eclipse.aether.installation < plexus.core
[DEBUG]   Imported: org.eclipse.aether.internal.impl < plexus.core
[DEBUG]   Imported: org.eclipse.aether.metadata < plexus.core
[DEBUG]   Imported: org.eclipse.aether.repository < plexus.core
[DEBUG]   Imported: org.eclipse.aether.resolution < plexus.core
[DEBUG]   Imported: org.eclipse.aether.spi < plexus.core
[DEBUG]   Imported: org.eclipse.aether.transfer < plexus.core
[DEBUG]   Imported: org.eclipse.aether.util < plexus.core
[DEBUG]   Imported: org.eclipse.aether.version < plexus.core
[DEBUG]   Imported: org.fusesource.jansi.* < plexus.core
[DEBUG]   Imported: org.slf4j.* < plexus.core
[DEBUG]   Imported: org.slf4j.event.* < plexus.core
[DEBUG]   Imported: org.slf4j.helpers.* < plexus.core
[DEBUG]   Imported: org.slf4j.spi.* < plexus.core
[DEBUG] Populating class realm maven.api
[DEBUG] Created adapter factory; available factories [file-lock, rwlock-local, semaphore-local, noop]; available name mappers [discriminating, file-gav, file-hgav, file-static, gav, static]
[INFO] Error stacktraces are turned on.
[DEBUG] Message scheme: color
[DEBUG] Message styles: debug info warning error success failure strong mojo project
[DEBUG] Reading global settings from C:\Users\abhis\.m2\wrapper\dists\apache-maven-3.9.11\03d7e36a140982eea48e22c1dcac01d8862b2550b2939e09a0809bbc5182a5bc\conf\settings.xml
[DEBUG] Reading user settings from C:\Users\abhis\.m2\settings.xml
[DEBUG] Reading global toolchains from C:\Users\abhis\.m2\wrapper\dists\apache-maven-3.9.11\03d7e36a140982eea48e22c1dcac01d8862b2550b2939e09a0809bbc5182a5bc\conf\toolchains.xml
[DEBUG] Reading user toolchains from C:\Users\abhis\.m2\toolchains.xml
[DEBUG] Using local repository at C:\Users\abhis\.m2\repository
[DEBUG] Using manager EnhancedLocalRepositoryManager with priority 10.0 for C:\Users\abhis\.m2\repository
[INFO] Scanning for projects...
[DEBUG] Creating adapter using nameMapper 'gav' and factory 'rwlock-local'
[DEBUG] Extension realms for project com.jobhunt:saas:jar:0.0.1-SNAPSHOT: (none)
[DEBUG] Looking up lifecycle mappings for packaging jar from ClassRealm[plexus.core, parent: null]
[DEBUG] Extension realms for project org.springframework.boot:spring-boot-starter-parent:pom:3.4.2: (none)
[DEBUG] Looking up lifecycle mappings for packaging pom from ClassRealm[plexus.core, parent: null]
[DEBUG] Extension realms for project org.springframework.boot:spring-boot-dependencies:pom:3.4.2: (none)
[DEBUG] Looking up lifecycle mappings for packaging pom from ClassRealm[plexus.core, parent: null]
[DEBUG] === REACTOR BUILD PLAN ================================================
[DEBUG] Project: com.jobhunt:saas:jar:0.0.1-SNAPSHOT
[DEBUG] Tasks:   [test]
[DEBUG] Style:   Regular
[DEBUG] =======================================================================
[INFO] 
[INFO] --------------------------< com.jobhunt:saas >--------------------------
[INFO] Building saas 0.0.1-SNAPSHOT
[INFO]   from pom.xml
[INFO] --------------------------------[ jar ]---------------------------------
[DEBUG] Lifecycle clean -> [pre-clean, clean, post-clean]
[DEBUG] Lifecycle default -> [validate, initialize, generate-sources, process-sources, generate-resources, process-resources, compile, process-classes, generate-test-sources, process-test-sources, generate-test-resources, process-test-resources, test-compile, process-test-classes, test, prepare-package, package, pre-integration-test, integration-test, post-integration-test, verify, install, deploy]
[DEBUG] Lifecycle site -> [pre-site, site, post-site, site-deploy]
[DEBUG] Lifecycle clean -> [pre-clean, clean, post-clean]
[DEBUG] Lifecycle default -> [validate, initialize, generate-sources, process-sources, generate-resources, process-resources, compile, process-classes, generate-test-sources, process-test-sources, generate-test-resources, process-test-resources, test-compile, process-test-classes, test, prepare-package, package, pre-integration-test, integration-test, post-integration-test, verify, install, deploy]
[DEBUG] Lifecycle site -> [pre-site, site, post-site, site-deploy]
[DEBUG] Lifecycle clean -> [pre-clean, clean, post-clean]
[DEBUG] Lifecycle default -> [validate, initialize, generate-sources, process-sources, generate-resources, process-resources, compile, process-classes, generate-test-sources, process-test-sources, generate-test-resources, process-test-resources, test-compile, process-test-classes, test, prepare-package, package, pre-integration-test, integration-test, post-integration-test, verify, install, deploy]
[DEBUG] Lifecycle site -> [pre-site, site, post-site, site-deploy]
[DEBUG] Lifecycle clean -> [pre-clean, clean, post-clean]
[DEBUG] Lifecycle default -> [validate, initialize, generate-sources, process-sources, generate-resources, process-resources, compile, process-classes, generate-test-sources, process-test-sources, generate-test-resources, process-test-resources, test-compile, process-test-classes, test, prepare-package, package, pre-integration-test, integration-test, post-integration-test, verify, install, deploy]
[DEBUG] Lifecycle site -> [pre-site, site, post-site, site-deploy]
[DEBUG] Lifecycle clean -> [pre-clean, clean, post-clean]
[DEBUG] Lifecycle default -> [validate, initialize, generate-sources, process-sources, generate-resources, process-resources, compile, process-classes, generate-test-sources, process-test-sources, generate-test-resources, process-test-resources, test-compile, process-test-classes, test, prepare-package, package, pre-integration-test, integration-test, post-integration-test, verify, install, deploy]
[DEBUG] Lifecycle site -> [pre-site, site, post-site, site-deploy]
[DEBUG] Lifecycle clean -> [pre-clean, clean, post-clean]
[DEBUG] Lifecycle default -> [validate, initialize, generate-sources, process-sources, generate-resources, process-resources, compile, process-classes, generate-test-sources, process-test-sources, generate-test-resources, process-test-resources, test-compile, process-test-classes, test, prepare-package, package, pre-integration-test, integration-test, post-integration-test, verify, install, deploy]
[DEBUG] Lifecycle site -> [pre-site, site, post-site, site-deploy]
[DEBUG] === PROJECT BUILD PLAN ================================================
[DEBUG] Project:       com.jobhunt:saas:0.0.1-SNAPSHOT
[DEBUG] Dependencies (collect): []
[DEBUG] Dependencies (resolve): [compile, test]
[DEBUG] Repositories (dependencies): [spring-milestones (https://repo.spring.io/milestone, default, releases), spring-snapshots (https://repo.spring.io/snapshot, default, snapshots), central (https://repo.maven.apache.org/maven2, default, releases)]
[DEBUG] Repositories (plugins)     : [spring-milestones (https://repo.spring.io/milestone, default, releases), central (https://repo.maven.apache.org/maven2, default, releases)]
[DEBUG] -----------------------------------------------------------------------
[DEBUG] Goal:          org.apache.maven.plugins:maven-resources-plugin:3.3.1:resources (default-resources)
[DEBUG] Style:         Regular
[DEBUG] Configuration: <?xml version="1.0" encoding="UTF-8"?>
<configuration>
  <addDefaultExcludes default-value="true"/>
  <buildFilters default-value="${project.build.filters}"/>
  <delimiters>
    <delimiter>@</delimiter>
  </delimiters>
  <encoding default-value="${project.build.sourceEncoding}"/>
  <escapeWindowsPaths default-value="true"/>
  <fileNameFiltering default-value="false"/>
  <includeEmptyDirs default-value="false"/>
  <outputDirectory default-value="${project.build.outputDirectory}"/>
  <overwrite default-value="false"/>
  <project default-value="${project}"/>
  <propertiesEncoding>UTF-8</propertiesEncoding>
  <resources default-value="${project.resources}"/>
  <session default-value="${session}"/>
  <skip default-value="false">${maven.resources.skip}</skip>
  <supportMultiLineFiltering default-value="false"/>
  <useBuildFilters default-value="true"/>
  <useDefaultDelimiters default-value="true">false</useDefaultDelimiters>
</configuration>
[DEBUG] -----------------------------------------------------------------------
[DEBUG] Goal:          org.apache.maven.plugins:maven-compiler-plugin:3.13.0:compile (default-compile)
[DEBUG] Style:         Regular
[DEBUG] Configuration: <?xml version="1.0" encoding="UTF-8"?>
<configuration>
  <annotationProcessorPathsUseDepMgmt default-value="false"/>
  <basedir default-value="${basedir}"/>
  <buildDirectory default-value="${project.build.directory}"/>
  <compilePath default-value="${project.compileClasspathElements}"/>
  <compileSourceRoots default-value="${project.compileSourceRoots}"/>
  <compilerId default-value="javac">${maven.compiler.compilerId}</compilerId>
  <compilerReuseStrategy default-value="${reuseCreated}">${maven.compiler.compilerReuseStrategy}</compilerReuseStrategy>
  <compilerVersion>${maven.compiler.compilerVersion}</compilerVersion>
  <createMissingPackageInfoClass default-value="true">${maven.compiler.createMissingPackageInfoClass}</createMissingPackageInfoClass>
  <debug default-value="true">${maven.compiler.debug}</debug>
  <debugFileName default-value="javac"/>
  <debuglevel>${maven.compiler.debuglevel}</debuglevel>
  <enablePreview default-value="false">${maven.compiler.enablePreview}</enablePreview>
  <encoding default-value="${project.build.sourceEncoding}">${encoding}</encoding>
  <executable>${maven.compiler.executable}</executable>
  <failOnError default-value="true">${maven.compiler.failOnError}</failOnError>
  <failOnWarning default-value="false">${maven.compiler.failOnWarning}</failOnWarning>
  <fileExtensions default-value="class,jar"/>
  <forceJavacCompilerUse default-value="false">${maven.compiler.forceJavacCompilerUse}</forceJavacCompilerUse>
  <forceLegacyJavacApi default-value="false">${maven.compiler.forceLegacyJavacApi}</forceLegacyJavacApi>
  <fork default-value="false">${maven.compiler.fork}</fork>
  <generatedSourcesDirectory default-value="${project.build.directory}/generated-sources/annotations"/>
  <implicit>${maven.compiler.implicit}</implicit>
  <maxmem>${maven.compiler.maxmem}</maxmem>
  <meminitial>${maven.compiler.meminitial}</meminitial>
  <mojoExecution default-value="${mojoExecution}"/>
  <optimize default-value="false">${maven.compiler.optimize}</optimize>
  <outputDirectory default-value="${project.build.outputDirectory}">${maven.compiler.outputDirectory}</outputDirectory>
  <outputTimestamp default-value="${project.build.outputTimestamp}"/>
  <parameters default-value="false">true</parameters>
  <proc>${maven.compiler.proc}</proc>
  <project default-value="${project}"/>
  <projectArtifact default-value="${project.artifact}"/>
  <release>${maven.compiler.release}</release>
  <session default-value="${session}"/>
  <showCompilationChanges default-value="false">${maven.compiler.showCompilationChanges}</showCompilationChanges>
  <showDeprecation default-value="false">${maven.compiler.showDeprecation}</showDeprecation>
  <showWarnings default-value="true">${maven.compiler.showWarnings}</showWarnings>
  <skipMain>${maven.main.skip}</skipMain>
  <skipMultiThreadWarning default-value="false">${maven.compiler.skipMultiThreadWarning}</skipMultiThreadWarning>
  <source default-value="1.8">${maven.compiler.source}</source>
  <staleMillis default-value="0">${lastModGranularityMs}</staleMillis>
  <target default-value="1.8">${maven.compiler.target}</target>
  <useIncrementalCompilation default-value="true">${maven.compiler.useIncrementalCompilation}</useIncrementalCompilation>
  <verbose default-value="false">${maven.compiler.verbose}</verbose>
</configuration>
[DEBUG] -----------------------------------------------------------------------
[DEBUG] Goal:          org.apache.maven.plugins:maven-resources-plugin:3.3.1:testResources (default-testResources)
[DEBUG] Style:         Regular
[DEBUG] Configuration: <?xml version="1.0" encoding="UTF-8"?>
<configuration>
  <addDefaultExcludes default-value="true"/>
  <buildFilters default-value="${project.build.filters}"/>
  <delimiters>
    <delimiter>@</delimiter>
  </delimiters>
  <encoding default-value="${project.build.sourceEncoding}"/>
  <escapeWindowsPaths default-value="true"/>
  <fileNameFiltering default-value="false"/>
  <includeEmptyDirs default-value="false"/>
  <outputDirectory default-value="${project.build.testOutputDirectory}"/>
  <overwrite default-value="false"/>
  <project default-value="${project}"/>
  <propertiesEncoding>UTF-8</propertiesEncoding>
  <resources default-value="${project.testResources}"/>
  <session default-value="${session}"/>
  <skip default-value="false">${maven.test.skip}</skip>
  <supportMultiLineFiltering default-value="false"/>
  <useBuildFilters default-value="true"/>
  <useDefaultDelimiters default-value="true">false</useDefaultDelimiters>
</configuration>
[DEBUG] -----------------------------------------------------------------------
[DEBUG] Goal:          org.apache.maven.plugins:maven-compiler-plugin:3.13.0:testCompile (default-testCompile)
[DEBUG] Style:         Regular
[DEBUG] Configuration: <?xml version="1.0" encoding="UTF-8"?>
<configuration>
  <annotationProcessorPathsUseDepMgmt default-value="false"/>
  <basedir default-value="${basedir}"/>
  <buildDirectory default-value="${project.build.directory}"/>
  <compileSourceRoots default-value="${project.testCompileSourceRoots}"/>
  <compilerId default-value="javac">${maven.compiler.compilerId}</compilerId>
  <compilerReuseStrategy default-value="${reuseCreated}">${maven.compiler.compilerReuseStrategy}</compilerReuseStrategy>
  <compilerVersion>${maven.compiler.compilerVersion}</compilerVersion>
  <createMissingPackageInfoClass default-value="true">${maven.compiler.createMissingPackageInfoClass}</createMissingPackageInfoClass>
  <debug default-value="true">${maven.compiler.debug}</debug>
  <debugFileName default-value="javac-test"/>
  <debuglevel>${maven.compiler.debuglevel}</debuglevel>
  <enablePreview default-value="false">${maven.compiler.enablePreview}</enablePreview>
  <encoding default-value="${project.build.sourceEncoding}">${encoding}</encoding>
  <executable>${maven.compiler.executable}</executable>
  <failOnError default-value="true">${maven.compiler.failOnError}</failOnError>
  <failOnWarning default-value="false">${maven.compiler.failOnWarning}</failOnWarning>
  <fileExtensions default-value="class,jar"/>
  <forceJavacCompilerUse default-value="false">${maven.compiler.forceJavacCompilerUse}</forceJavacCompilerUse>
  <forceLegacyJavacApi default-value="false">${maven.compiler.forceLegacyJavacApi}</forceLegacyJavacApi>
  <fork default-value="false">${maven.compiler.fork}</fork>
  <generatedTestSourcesDirectory default-value="${project.build.directory}/generated-test-sources/test-annotations"/>
  <implicit>${maven.compiler.implicit}</implicit>
  <maxmem>${maven.compiler.maxmem}</maxmem>
  <meminitial>${maven.compiler.meminitial}</meminitial>
  <mojoExecution default-value="${mojoExecution}"/>
  <optimize default-value="false">${maven.compiler.optimize}</optimize>
  <outputDirectory default-value="${project.build.testOutputDirectory}"/>
  <outputTimestamp default-value="${project.build.outputTimestamp}"/>
  <parameters default-value="false">true</parameters>
  <proc>${maven.compiler.proc}</proc>
  <project default-value="${project}"/>
  <release>${maven.compiler.release}</release>
  <session default-value="${session}"/>
  <showCompilationChanges default-value="false">${maven.compiler.showCompilationChanges}</showCompilationChanges>
  <showDeprecation default-value="false">${maven.compiler.showDeprecation}</showDeprecation>
  <showWarnings default-value="true">${maven.compiler.showWarnings}</showWarnings>
  <skip>${maven.test.skip}</skip>
  <skipMultiThreadWarning default-value="false">${maven.compiler.skipMultiThreadWarning}</skipMultiThreadWarning>
  <source default-value="1.8">${maven.compiler.source}</source>
  <staleMillis default-value="0">${lastModGranularityMs}</staleMillis>
  <target default-value="1.8">${maven.compiler.target}</target>
  <testPath default-value="${project.testClasspathElements}"/>
  <testRelease>${maven.compiler.testRelease}</testRelease>
  <testSource>${maven.compiler.testSource}</testSource>
  <testTarget>${maven.compiler.testTarget}</testTarget>
  <useIncrementalCompilation default-value="true">${maven.compiler.useIncrementalCompilation}</useIncrementalCompilation>
  <useModulePath default-value="true"/>
  <verbose default-value="false">${maven.compiler.verbose}</verbose>
</configuration>
[DEBUG] -----------------------------------------------------------------------
[DEBUG] Goal:          org.apache.maven.plugins:maven-surefire-plugin:3.5.2:test (default-test)
[DEBUG] Style:         Regular
[DEBUG] Configuration: <?xml version="1.0" encoding="UTF-8"?>
<configuration>
  <additionalClasspathDependencies>${maven.test.additionalClasspathDependencies}</additionalClasspathDependencies>
  <additionalClasspathElements>${maven.test.additionalClasspath}</additionalClasspathElements>
  <argLine>${argLine}</argLine>
  <basedir default-value="${basedir}"/>
  <childDelegation default-value="false">${childDelegation}</childDelegation>
  <classesDirectory default-value="${project.build.outputDirectory}"/>
  <classpathDependencyExcludes>${maven.test.dependency.excludes}</classpathDependencyExcludes>
  <debugForkedProcess>${maven.surefire.debug}</debugForkedProcess>
  <dependenciesToScan>${dependenciesToScan}</dependenciesToScan>
  <disableXmlReport default-value="false">${disableXmlReport}</disableXmlReport>
  <enableAssertions default-value="true">${enableAssertions}</enableAssertions>
  <enableOutErrElements default-value="true">${enableOutErrElements}</enableOutErrElements>
  <enableProcessChecker>${surefire.enableProcessChecker}</enableProcessChecker>
  <enablePropertiesElement default-value="true">${enablePropertiesElement}</enablePropertiesElement>
  <encoding default-value="${project.reporting.outputEncoding}">${surefire.encoding}</encoding>
  <excludeJUnit5Engines>${surefire.excludeJUnit5Engines}</excludeJUnit5Engines>
  <excludedEnvironmentVariables>${surefire.excludedEnvironmentVariables}</excludedEnvironmentVariables>
  <excludedGroups>${excludedGroups}</excludedGroups>
  <excludes>${surefire.excludes}</excludes>
  <excludesFile>${surefire.excludesFile}</excludesFile>
  <failIfNoSpecifiedTests default-value="true">${surefire.failIfNoSpecifiedTests}</failIfNoSpecifiedTests>
  <failIfNoTests default-value="false">${failIfNoTests}</failIfNoTests>
  <failOnFlakeCount default-value="0">${surefire.failOnFlakeCount}</failOnFlakeCount>
  <forkCount default-value="1">${forkCount}</forkCount>
  <forkNode>${surefire.forkNode}</forkNode>
  <forkedProcessExitTimeoutInSeconds default-value="30">${surefire.exitTimeout}</forkedProcessExitTimeoutInSeconds>
  <forkedProcessTimeoutInSeconds>${surefire.timeout}</forkedProcessTimeoutInSeconds>
  <groups>${groups}</groups>
  <includeJUnit5Engines>${surefire.includeJUnit5Engines}</includeJUnit5Engines>
  <includes>${surefire.includes}</includes>
  <includesFile>${surefire.includesFile}</includesFile>
  <junitArtifactName default-value="junit:junit">${junitArtifactName}</junitArtifactName>
  <jvm>${jvm}</jvm>
  <objectFactory>${objectFactory}</objectFactory>
  <parallel>${parallel}</parallel>
  <parallelMavenExecution default-value="${session.parallel}"/>
  <parallelOptimized default-value="true">${parallelOptimized}</parallelOptimized>
  <parallelTestsTimeoutForcedInSeconds>${surefire.parallel.forcedTimeout}</parallelTestsTimeoutForcedInSeconds>
  <parallelTestsTimeoutInSeconds>${surefire.parallel.timeout}</parallelTestsTimeoutInSeconds>
  <perCoreThreadCount default-value="true">${perCoreThreadCount}</perCoreThreadCount>
  <pluginArtifactMap>${plugin.artifactMap}</pluginArtifactMap>
  <pluginDescriptor default-value="${plugin}"/>
  <printSummary default-value="true">${surefire.printSummary}</printSummary>
  <project default-value="${project}"/>
  <projectArtifactMap>${project.artifactMap}</projectArtifactMap>
  <projectBuildDirectory default-value="${project.build.directory}"/>
  <promoteUserPropertiesToSystemProperties default-value="true"/>
  <redirectTestOutputToFile default-value="false">${maven.test.redirectTestOutputToFile}</redirectTestOutputToFile>
  <reportFormat default-value="brief">${surefire.reportFormat}</reportFormat>
  <reportNameSuffix default-value="">${surefire.reportNameSuffix}</reportNameSuffix>
  <reportsDirectory default-value="${project.build.directory}/surefire-reports"/>
  <rerunFailingTestsCount default-value="0">${surefire.rerunFailingTestsCount}</rerunFailingTestsCount>
  <reuseForks default-value="true">${reuseForks}</reuseForks>
  <runOrder default-value="filesystem">${surefire.runOrder}</runOrder>
  <runOrderRandomSeed>${surefire.runOrder.random.seed}</runOrderRandomSeed>
  <session default-value="${session}"/>
  <shutdown default-value="exit">${surefire.shutdown}</shutdown>
  <skip default-value="false">${maven.test.skip}</skip>
  <skipAfterFailureCount default-value="0">${surefire.skipAfterFailureCount}</skipAfterFailureCount>
  <skipExec>${maven.test.skip.exec}</skipExec>
  <skipTests default-value="false">${skipTests}</skipTests>
  <suiteXmlFiles>${surefire.suiteXmlFiles}</suiteXmlFiles>
  <systemPropertiesFile>${surefire.systemPropertiesFile}</systemPropertiesFile>
  <tempDir default-value="surefire">${tempDir}</tempDir>
  <test>${test}</test>
  <testClassesDirectory default-value="${project.build.testOutputDirectory}"/>
  <testFailureIgnore default-value="false">${maven.test.failure.ignore}</testFailureIgnore>
  <testNGArtifactName default-value="org.testng:testng">${testNGArtifactName}</testNGArtifactName>
  <testSourceDirectory default-value="${project.build.testSourceDirectory}"/>
  <threadCount>${threadCount}</threadCount>
  <threadCountClasses default-value="0">${threadCountClasses}</threadCountClasses>
  <threadCountMethods default-value="0">${threadCountMethods}</threadCountMethods>
  <threadCountSuites default-value="0">${threadCountSuites}</threadCountSuites>
  <trimStackTrace default-value="false">${trimStackTrace}</trimStackTrace>
  <useFile default-value="true">${surefire.useFile}</useFile>
  <useManifestOnlyJar default-value="true">${surefire.useManifestOnlyJar}</useManifestOnlyJar>
  <useModulePath default-value="true">${surefire.useModulePath}</useModulePath>
  <useSystemClassLoader default-value="true">${surefire.useSystemClassLoader}</useSystemClassLoader>
  <useUnlimitedThreads default-value="false">${useUnlimitedThreads}</useUnlimitedThreads>
  <workingDirectory>${basedir}</workingDirectory>
</configuration>
[DEBUG] =======================================================================
[DEBUG] Using mirror maven-default-http-blocker (http://0.0.0.0/) for vaadin-snapshots (http://oss.sonatype.org/content/repositories/vaadin-snapshots/).
[DEBUG] Using mirror maven-default-http-blocker (http://0.0.0.0/) for vaadin-releases (http://oss.sonatype.org/content/repositories/vaadin-releases/).
[DEBUG] Using mirror maven-default-http-blocker (http://0.0.0.0/) for apache.snapshots (http://repository.apache.org/snapshots).
[DEBUG] Dependency collection stats {ConflictMarker.analyzeTime=2261000, ConflictMarker.markTime=349500, ConflictMarker.nodeCount=339, ConflictIdSorter.graphTime=1741000, ConflictIdSorter.topsortTime=1366400, ConflictIdSorter.conflictIdCount=181, ConflictIdSorter.conflictIdCycleCount=0, ConflictResolver.totalTime=16321000, ConflictResolver.conflictItemCount=332, DfDependencyCollector.collectTime=525184400, DfDependencyCollector.transformTime=27323400}
[DEBUG] com.jobhunt:saas:jar:0.0.1-SNAPSHOT
[DEBUG]    org.springframework.boot:spring-boot-starter-web:jar:3.4.2:compile
[DEBUG]       org.springframework.boot:spring-boot-starter:jar:3.4.2:compile (version managed from 3.4.2)
[DEBUG]          org.springframework.boot:spring-boot:jar:3.4.2:compile (version managed from 3.4.2)
[DEBUG]          org.springframework.boot:spring-boot-autoconfigure:jar:3.4.2:compile (version managed from 3.4.2)
[DEBUG]          org.springframework.boot:spring-boot-starter-logging:jar:3.4.2:compile (version managed from 3.4.2)
[DEBUG]             ch.qos.logback:logback-classic:jar:1.5.25:compile (version managed from 1.5.16)
[DEBUG]                ch.qos.logback:logback-core:jar:1.5.25:compile (version managed from 1.5.25)
[DEBUG]             org.apache.logging.log4j:log4j-to-slf4j:jar:2.24.3:compile (version managed from 2.24.3)
[DEBUG]                org.apache.logging.log4j:log4j-api:jar:2.24.3:compile (version managed from 2.24.3)
[DEBUG]             org.slf4j:jul-to-slf4j:jar:2.0.16:compile (version managed from 2.0.16)
[DEBUG]          jakarta.annotation:jakarta.annotation-api:jar:2.1.1:compile (version managed from 2.1.1)
[DEBUG]          org.yaml:snakeyaml:jar:2.3:compile (version managed from 2.3)
[DEBUG]       org.springframework.boot:spring-boot-starter-json:jar:3.4.2:compile (version managed from 3.4.2)
[DEBUG]          com.fasterxml.jackson.datatype:jackson-datatype-jdk8:jar:2.18.2:compile (version managed from 2.18.2)
[DEBUG]          com.fasterxml.jackson.datatype:jackson-datatype-jsr310:jar:2.18.2:compile (version managed from 2.18.2)
[DEBUG]          com.fasterxml.jackson.module:jackson-module-parameter-names:jar:2.18.2:compile (version managed from 2.18.2)
[DEBUG]       org.springframework.boot:spring-boot-starter-tomcat:jar:3.4.2:compile (version managed from 3.4.2)
[DEBUG]          org.apache.tomcat.embed:tomcat-embed-core:jar:10.1.34:compile (version managed from 10.1.34)
[DEBUG]          org.apache.tomcat.embed:tomcat-embed-websocket:jar:10.1.34:compile (version managed from 10.1.34)
[DEBUG]       org.springframework:spring-web:jar:6.2.2:compile (version managed from 6.2.2)
[DEBUG]          org.springframework:spring-beans:jar:6.2.2:compile (version managed from 6.2.2)
[DEBUG]          io.micrometer:micrometer-observation:jar:1.14.3:compile (version managed from 1.14.3)
[DEBUG]             io.micrometer:micrometer-commons:jar:1.14.3:compile (version managed from 1.14.3)
[DEBUG]       org.springframework:spring-webmvc:jar:6.2.2:compile (version managed from 6.2.2)
[DEBUG]          org.springframework:spring-context:jar:6.2.2:compile (version managed from 6.2.2)
[DEBUG]          org.springframework:spring-expression:jar:6.2.2:compile (version managed from 6.2.2)
[DEBUG]    org.springframework.boot:spring-boot-starter-test:jar:3.4.2:test
[DEBUG]       org.springframework.boot:spring-boot-test:jar:3.4.2:test (version managed from 3.4.2)
[DEBUG]       org.springframework.boot:spring-boot-test-autoconfigure:jar:3.4.2:test (version managed from 3.4.2)
[DEBUG]       com.jayway.jsonpath:json-path:jar:2.9.0:test (version managed from 2.9.0)
[DEBUG]          org.slf4j:slf4j-api:jar:2.0.16:compile (version managed from 2.0.11)
[DEBUG]       jakarta.xml.bind:jakarta.xml.bind-api:jar:4.0.2:runtime (version managed from 4.0.2)
[DEBUG]          jakarta.activation:jakarta.activation-api:jar:2.1.3:compile (version managed from 2.1.3)
[DEBUG]       net.minidev:json-smart:jar:2.5.1:test (version managed from 2.5.1)
[DEBUG]          net.minidev:accessors-smart:jar:2.5.1:test
[DEBUG]             org.ow2.asm:asm:jar:9.6:test
[DEBUG]       org.assertj:assertj-core:jar:3.26.3:test (version managed from 3.26.3)
[DEBUG]          net.bytebuddy:byte-buddy:jar:1.15.11:runtime (version managed from 1.14.18)
[DEBUG]       org.awaitility:awaitility:jar:4.2.2:test (version managed from 4.2.2)
[DEBUG]       org.hamcrest:hamcrest:jar:2.2:test (version managed from 2.2)
[DEBUG]       org.junit.jupiter:junit-jupiter:jar:5.11.4:test (version managed from 5.11.4)
[DEBUG]          org.junit.jupiter:junit-jupiter-api:jar:5.11.4:test (version managed from 5.11.4)
[DEBUG]             org.opentest4j:opentest4j:jar:1.3.0:test
[DEBUG]             org.junit.platform:junit-platform-commons:jar:1.11.4:test (version managed from 1.11.4)
[DEBUG]             org.apiguardian:apiguardian-api:jar:1.1.2:test
[DEBUG]          org.junit.jupiter:junit-jupiter-params:jar:5.11.4:test (version managed from 5.11.4)
[DEBUG]          org.junit.jupiter:junit-jupiter-engine:jar:5.11.4:test (version managed from 5.11.4)
[DEBUG]             org.junit.platform:junit-platform-engine:jar:1.11.4:test (version managed from 1.11.4)
[DEBUG]       org.mockito:mockito-core:jar:5.14.2:test (version managed from 5.14.2)
[DEBUG]          net.bytebuddy:byte-buddy-agent:jar:1.15.11:test (version managed from 1.15.4)
[DEBUG]          org.objenesis:objenesis:jar:3.3:test
[DEBUG]       org.mockito:mockito-junit-jupiter:jar:5.14.2:test (version managed from 5.14.2)
[DEBUG]       org.skyscreamer:jsonassert:jar:1.5.3:test (version managed from 1.5.3)
[DEBUG]          com.vaadin.external.google:android-json:jar:0.0.20131108.vaadin1:test
[DEBUG]       org.springframework:spring-core:jar:6.2.2:compile (version managed from 6.2.2)
[DEBUG]          org.springframework:spring-jcl:jar:6.2.2:compile (version managed from 6.2.2)
[DEBUG]       org.springframework:spring-test:jar:6.2.2:test (version managed from 6.2.2)
[DEBUG]       org.xmlunit:xmlunit-core:jar:2.10.0:test (version managed from 2.10.0)
[DEBUG]    org.springframework.security:spring-security-test:jar:6.4.2:test
[DEBUG]       org.springframework.security:spring-security-core:jar:6.4.2:compile (version managed from 6.4.2)
[DEBUG]          org.springframework.security:spring-security-crypto:jar:6.4.2:compile (version managed from 6.4.2)
[DEBUG]       org.springframework.security:spring-security-web:jar:6.4.2:compile (version managed from 6.4.2)
[DEBUG]    org.springframework.boot:spring-boot-starter-data-jpa:jar:3.4.2:compile
[DEBUG]       org.springframework.boot:spring-boot-starter-jdbc:jar:3.4.2:compile (version managed from 3.4.2)
[DEBUG]          com.zaxxer:HikariCP:jar:5.1.0:compile (version managed from 5.1.0)
[DEBUG]          org.springframework:spring-jdbc:jar:6.2.2:compile (version managed from 6.2.2)
[DEBUG]       org.hibernate.orm:hibernate-core:jar:6.6.5.Final:compile (version managed from 6.6.5.Final)
[DEBUG]          jakarta.persistence:jakarta.persistence-api:jar:3.1.0:compile (version managed from 3.1.0)
[DEBUG]          jakarta.transaction:jakarta.transaction-api:jar:2.0.1:compile (version managed from 2.0.1)
[DEBUG]          org.jboss.logging:jboss-logging:jar:3.6.1.Final:compile (version managed from 3.5.0.Final)
[DEBUG]          org.hibernate.common:hibernate-commons-annotations:jar:7.0.3.Final:runtime
[DEBUG]          io.smallrye:jandex:jar:3.2.0:runtime
[DEBUG]          com.fasterxml:classmate:jar:1.7.0:compile (version managed from 1.5.1)
[DEBUG]          org.glassfish.jaxb:jaxb-runtime:jar:4.0.5:runtime (version managed from 4.0.2)
[DEBUG]             org.glassfish.jaxb:jaxb-core:jar:4.0.5:runtime (version managed from 4.0.5)
[DEBUG]                org.glassfish.jaxb:txw2:jar:4.0.5:runtime (version managed from 4.0.5)
[DEBUG]                com.sun.istack:istack-commons-runtime:jar:4.1.2:runtime (version managed from 4.1.2)
[DEBUG]          jakarta.inject:jakarta.inject-api:jar:2.0.1:runtime (version managed from 2.0.1)
[DEBUG]          org.antlr:antlr4-runtime:jar:4.13.0:compile
[DEBUG]       org.springframework.data:spring-data-jpa:jar:3.4.2:compile (version managed from 3.4.2)
[DEBUG]          org.springframework.data:spring-data-commons:jar:3.4.2:compile (version managed from 3.4.2)
[DEBUG]          org.springframework:spring-orm:jar:6.2.2:compile (version managed from 6.2.2)
[DEBUG]          org.springframework:spring-tx:jar:6.2.2:compile (version managed from 6.2.2)
[DEBUG]       org.springframework:spring-aspects:jar:6.2.2:compile (version managed from 6.2.2)
[DEBUG]          org.aspectj:aspectjweaver:jar:1.9.22.1:compile (version managed from 1.9.22.1)
[DEBUG]    com.mysql:mysql-connector-j:jar:9.1.0:runtime (exclusions managed from [com.google.protobuf:protobuf-java:*:*])
[DEBUG]    org.springframework.boot:spring-boot-starter-validation:jar:3.4.2:compile
[DEBUG]       org.apache.tomcat.embed:tomcat-embed-el:jar:10.1.34:compile (version managed from 10.1.34)
[DEBUG]       org.hibernate.validator:hibernate-validator:jar:8.0.2.Final:compile (version managed from 8.0.2.Final)
[DEBUG]          jakarta.validation:jakarta.validation-api:jar:3.0.2:compile (version managed from 3.0.2)
[DEBUG]    org.springframework.boot:spring-boot-starter-security:jar:3.4.2:compile
[DEBUG]       org.springframework:spring-aop:jar:6.2.2:compile (version managed from 6.2.2)
[DEBUG]       org.springframework.security:spring-security-config:jar:6.4.2:compile (version managed from 6.4.2)
[DEBUG]    io.jsonwebtoken:jjwt-api:jar:0.11.5:compile
[DEBUG]    io.jsonwebtoken:jjwt-impl:jar:0.11.5:runtime
[DEBUG]    io.jsonwebtoken:jjwt-jackson:jar:0.11.5:runtime
[DEBUG]       com.fasterxml.jackson.core:jackson-databind:jar:2.18.2:compile (version managed from 2.12.6.1)
[DEBUG]          com.fasterxml.jackson.core:jackson-annotations:jar:2.18.2:compile (version managed from 2.18.2)
[DEBUG]          com.fasterxml.jackson.core:jackson-core:jar:2.18.2:compile (version managed from 2.18.2)
[DEBUG]    org.projectlombok:lombok:jar:1.18.36:provided
[DEBUG]    org.springframework.boot:spring-boot-starter-cache:jar:3.4.2:compile
[DEBUG]       org.springframework:spring-context-support:jar:6.2.2:compile (version managed from 6.2.2)
[DEBUG]    org.springframework.boot:spring-boot-starter-mail:jar:3.4.2:compile
[DEBUG]       org.eclipse.angus:jakarta.mail:jar:2.0.3:compile (version managed from 2.0.3)
[DEBUG]          org.eclipse.angus:angus-activation:jar:2.0.2:runtime (version managed from 2.0.2)
[DEBUG]    com.h2database:h2:jar:2.3.232:test
[DEBUG]    org.springframework.ai:spring-ai-vertex-ai-gemini-spring-boot-starter:jar:1.0.0-M5:compile
[DEBUG]       org.springframework.ai:spring-ai-spring-boot-autoconfigure:jar:1.0.0-M5:compile (version managed from 1.0.0-M5)
[DEBUG]       org.springframework.ai:spring-ai-vertex-ai-gemini:jar:1.0.0-M5:compile (version managed from 1.0.0-M5)
[DEBUG]          com.google.cloud:google-cloud-vertexai:jar:1.11.0:compile
[DEBUG]             io.grpc:grpc-api:jar:1.68.0:compile
[DEBUG]             com.google.code.findbugs:jsr305:jar:3.0.2:compile
[DEBUG]             com.google.errorprone:error_prone_annotations:jar:2.32.0:compile
[DEBUG]             io.grpc:grpc-stub:jar:1.68.0:compile
[DEBUG]             io.grpc:grpc-protobuf:jar:1.68.0:compile
[DEBUG]             io.grpc:grpc-protobuf-lite:jar:1.68.0:runtime
[DEBUG]             com.google.api:api-common:jar:2.37.1:compile
[DEBUG]             com.google.auto.value:auto-value-annotations:jar:1.11.0:compile
[DEBUG]             javax.annotation:javax.annotation-api:jar:1.3.2:compile
[DEBUG]             com.google.j2objc:j2objc-annotations:jar:3.0.0:compile
[DEBUG]             com.google.protobuf:protobuf-java:jar:3.25.5:compile
[DEBUG]             com.google.api.grpc:proto-google-common-protos:jar:2.45.1:compile
[DEBUG]             com.google.api.grpc:proto-google-cloud-vertexai-v1:jar:1.11.0:compile
[DEBUG]             com.google.guava:guava:jar:33.3.1-jre:compile (version managed from 33.3.0-jre)
[DEBUG]             com.google.guava:failureaccess:jar:1.0.2:compile
[DEBUG]             com.google.guava:listenablefuture:jar:9999.0-empty-to-avoid-conflict-with-guava:compile
[DEBUG]             org.checkerframework:checker-qual:jar:3.47.0:compile
[DEBUG]             com.google.api:gax:jar:2.54.1:compile
[DEBUG]             com.google.auth:google-auth-library-credentials:jar:1.27.0:compile
[DEBUG]             io.opencensus:opencensus-api:jar:0.31.1:compile
[DEBUG]             io.grpc:grpc-context:jar:1.68.0:compile
[DEBUG]             com.google.auth:google-auth-library-oauth2-http:jar:1.27.0:compile
[DEBUG]             com.google.api:gax-grpc:jar:2.54.1:compile
[DEBUG]             io.grpc:grpc-inprocess:jar:1.68.0:compile
[DEBUG]             io.grpc:grpc-core:jar:1.68.0:compile
[DEBUG]             com.google.android:annotations:jar:4.1.1.4:runtime
[DEBUG]             org.codehaus.mojo:animal-sniffer-annotations:jar:1.24:runtime
[DEBUG]             io.grpc:grpc-alts:jar:1.68.0:compile
[DEBUG]             io.grpc:grpc-grpclb:jar:1.68.0:compile
[DEBUG]             org.conscrypt:conscrypt-openjdk-uber:jar:2.5.2:compile
[DEBUG]             io.grpc:grpc-auth:jar:1.68.0:compile
[DEBUG]             io.grpc:grpc-netty-shaded:jar:1.68.0:compile
[DEBUG]             io.grpc:grpc-util:jar:1.68.0:runtime
[DEBUG]             io.perfmark:perfmark-api:jar:0.27.0:runtime
[DEBUG]             io.grpc:grpc-googleapis:jar:1.68.0:runtime
[DEBUG]             io.grpc:grpc-xds:jar:1.68.0:runtime
[DEBUG]             io.grpc:grpc-services:jar:1.68.0:runtime
[DEBUG]             com.google.re2j:re2j:jar:1.7:runtime
[DEBUG]             com.google.api:gax-httpjson:jar:2.54.1:compile
[DEBUG]             com.google.code.gson:gson:jar:2.11.0:compile (version managed from 2.11.0)
[DEBUG]             com.google.http-client:google-http-client:jar:1.45.0:compile
[DEBUG]             org.apache.httpcomponents:httpclient:jar:4.5.14:compile
[DEBUG]             commons-codec:commons-codec:jar:1.17.2:compile (version managed from 1.17.1)
[DEBUG]             org.apache.httpcomponents:httpcore:jar:4.4.16:compile (version managed from 4.4.16)
[DEBUG]             io.opencensus:opencensus-contrib-http-util:jar:0.31.1:compile
[DEBUG]             com.google.http-client:google-http-client-gson:jar:1.45.0:compile
[DEBUG]             com.google.protobuf:protobuf-java-util:jar:3.25.5:compile
[DEBUG]             com.google.api.grpc:grpc-google-common-protos:jar:2.45.1:compile
[DEBUG]             com.google.api.grpc:proto-google-iam-v1:jar:1.40.1:compile
[DEBUG]             com.google.api.grpc:grpc-google-iam-v1:jar:1.40.1:compile
[DEBUG]             org.threeten:threetenbp:jar:1.7.0:compile
[DEBUG]          org.springframework.ai:spring-ai-core:jar:1.0.0-M5:compile (version managed from 1.0.0-M5)
[DEBUG]             com.fasterxml.jackson.module:jackson-module-jsonSchema:jar:2.18.2:compile (version managed from 2.17.2)
[DEBUG]                javax.validation:validation-api:jar:1.1.0.Final:compile
[DEBUG]             io.swagger.core.v3:swagger-annotations:jar:2.2.20:compile
[DEBUG]             com.github.victools:jsonschema-module-swagger-2:jar:4.35.0:compile
[DEBUG]             org.antlr:ST4:jar:4.3.4:compile
[DEBUG]                org.antlr:antlr-runtime:jar:3.5.3:compile
[DEBUG]             io.projectreactor:reactor-core:jar:3.7.2:compile (version managed from 3.6.12)
[DEBUG]                org.reactivestreams:reactive-streams:jar:1.0.4:compile (version managed from 1.0.4)
[DEBUG]             org.springframework:spring-messaging:jar:6.2.2:compile (version managed from 6.1.15)
[DEBUG]             io.micrometer:micrometer-core:jar:1.14.3:compile (version managed from 1.13.8)
[DEBUG]                org.hdrhistogram:HdrHistogram:jar:2.2.2:runtime
[DEBUG]                org.latencyutils:LatencyUtils:jar:2.0.3:runtime
[DEBUG]             io.micrometer:context-propagation:jar:1.1.2:compile (version managed from 1.1.2)
[DEBUG]             com.knuddels:jtokkit:jar:1.1.0:compile
[DEBUG]             com.github.victools:jsonschema-generator:jar:4.35.0:compile
[DEBUG]             com.github.victools:jsonschema-module-jackson:jar:4.35.0:compile
[DEBUG]          org.springframework.ai:spring-ai-retry:jar:1.0.0-M5:compile (version managed from 1.0.0-M5)
[DEBUG]             org.springframework.retry:spring-retry:jar:2.0.11:compile (version managed from 2.0.9)
[DEBUG]             org.springframework:spring-webflux:jar:6.2.2:compile (version managed from 6.1.15)
[INFO] 
[INFO] --- resources:3.3.1:resources (default-resources) @ saas ---
[DEBUG] Dependency collection stats {ConflictMarker.analyzeTime=147800, ConflictMarker.markTime=21900, ConflictMarker.nodeCount=13, ConflictIdSorter.graphTime=77800, ConflictIdSorter.topsortTime=10900, ConflictIdSorter.conflictIdCount=9, ConflictIdSorter.conflictIdCycleCount=0, ConflictResolver.totalTime=397600, ConflictResolver.conflictItemCount=13, DfDependencyCollector.collectTime=31613200, DfDependencyCollector.transformTime=675200}
[DEBUG] org.apache.maven.plugins:maven-resources-plugin:jar:3.3.1
[DEBUG]    org.codehaus.plexus:plexus-interpolation:jar:1.26:runtime
[DEBUG]    org.codehaus.plexus:plexus-utils:jar:3.5.1:compile
[DEBUG]    org.apache.maven.shared:maven-filtering:jar:3.3.1:compile
[DEBUG]       javax.inject:javax.inject:jar:1:compile
[DEBUG]       org.slf4j:slf4j-api:jar:1.7.36:compile
[DEBUG]       org.sonatype.plexus:plexus-build-api:jar:0.0.7:compile
[DEBUG]    commons-io:commons-io:jar:2.11.0:compile
[DEBUG]    org.apache.commons:commons-lang3:jar:3.12.0:compile
[DEBUG] Created new class realm plugin>org.apache.maven.plugins:maven-resources-plugin:3.3.1
[DEBUG] Importing foreign packages into class realm plugin>org.apache.maven.plugins:maven-resources-plugin:3.3.1
[DEBUG]   Imported:  < maven.api
[DEBUG] Populating class realm plugin>org.apache.maven.plugins:maven-resources-plugin:3.3.1
[DEBUG]   Included: org.apache.maven.plugins:maven-resources-plugin:jar:3.3.1
[DEBUG]   Included: org.codehaus.plexus:plexus-interpolation:jar:1.26
[DEBUG]   Included: org.codehaus.plexus:plexus-utils:jar:3.5.1
[DEBUG]   Included: org.apache.maven.shared:maven-filtering:jar:3.3.1
[DEBUG]   Included: org.sonatype.plexus:plexus-build-api:jar:0.0.7
[DEBUG]   Included: commons-io:commons-io:jar:2.11.0
[DEBUG]   Included: org.apache.commons:commons-lang3:jar:3.12.0
[DEBUG] Loading mojo org.apache.maven.plugins:maven-resources-plugin:3.3.1:resources from plugin realm ClassRealm[plugin>org.apache.maven.plugins:maven-resources-plugin:3.3.1, parent: jdk.internal.loader.ClassLoaders$AppClassLoader@33909752]
[DEBUG] Configuring mojo execution 'org.apache.maven.plugins:maven-resources-plugin:3.3.1:resources:default-resources' with basic configurator -->
[DEBUG]   (f) addDefaultExcludes = true
[DEBUG]   (f) buildFilters = []
[DEBUG]   (s) delimiters = [@]
[DEBUG]   (f) encoding = UTF-8
[DEBUG]   (f) escapeWindowsPaths = true
[DEBUG]   (f) fileNameFiltering = false
[DEBUG]   (s) includeEmptyDirs = false
[DEBUG]   (s) outputDirectory = C:\SpringBoot Projects\saas\target\classes
[DEBUG]   (s) overwrite = false
[DEBUG]   (f) project = MavenProject: com.jobhunt:saas:0.0.1-SNAPSHOT @ C:\SpringBoot Projects\saas\pom.xml
[DEBUG]   (f) propertiesEncoding = UTF-8
[DEBUG]   (s) resources = [Resource {targetPath: null, filtering: true, FileSet {directory: C:\SpringBoot Projects\saas\src\main\resources, PatternSet [includes: {**/application*.yml, **/application*.yaml, **/application*.properties}, excludes: {}]}}, Resource {targetPath: null, filtering: false, FileSet {directory: C:\SpringBoot Projects\saas\src\main\resources, PatternSet [includes: {}, excludes: {**/application*.yml, **/application*.yaml, **/application*.properties}]}}]
[DEBUG]   (f) session = org.apache.maven.execution.MavenSession@7b81616b
[DEBUG]   (f) skip = false
[DEBUG]   (f) supportMultiLineFiltering = false
[DEBUG]   (f) useBuildFilters = true
[DEBUG]   (s) useDefaultDelimiters = false
[DEBUG] -- end configuration --
[DEBUG] properties used:
[DEBUG] activemq.version: 6.1.5
[DEBUG] angus-mail.version: 2.0.3
[DEBUG] artemis.version: 2.37.0
[DEBUG] aspectj.version: 1.9.22.1
[DEBUG] assertj.version: 3.26.3
[DEBUG] awaitility.version: 4.2.2
[DEBUG] brave.version: 6.0.3
[DEBUG] build-helper-maven-plugin.version: 3.6.0
[DEBUG] byte-buddy.version: 1.15.11
[DEBUG] cache2k.version: 2.6.1.Final
[DEBUG] caffeine.version: 3.1.8
[DEBUG] cassandra-driver.version: 4.18.1
[DEBUG] classmate.version: 1.7.0
[DEBUG] classworlds.conf: C:\Users\abhis\.m2\wrapper\dists\apache-maven-3.9.11\03d7e36a140982eea48e22c1dcac01d8862b2550b2939e09a0809bbc5182a5bc\bin\m2.conf
[DEBUG] commons-codec.version: 1.17.2
[DEBUG] commons-dbcp2.version: 2.12.0
[DEBUG] commons-lang3.version: 3.17.0
[DEBUG] commons-pool.version: 1.6
[DEBUG] commons-pool2.version: 2.12.0
[DEBUG] couchbase-client.version: 3.7.7
[DEBUG] crac.version: 1.5.0
[DEBUG] cyclonedx-maven-plugin.version: 2.9.1
[DEBUG] db2-jdbc.version: 11.5.9.0
[DEBUG] dependency-management-plugin.version: 1.1.7
[DEBUG] derby.version: 10.16.1.1
[DEBUG] ehcache3.version: 3.10.8
[DEBUG] elasticsearch-client.version: 8.15.5
[DEBUG] env.=C:: C:\SpringBoot Projects\saas
[DEBUG] env.=EXITCODE: 00000000
[DEBUG] env.ALLUSERSPROFILE: C:\ProgramData
[DEBUG] env.ANTIGRAVITY_AGENT: 1
[DEBUG] env.ANTIGRAVITY_CLI_ALIAS: agy
[DEBUG] env.APPDATA: C:\Users\abhis\AppData\Roaming
[DEBUG] env.CHROME_CRASHPAD_PIPE_NAME: \\.\pipe\crashpad_27316_VNLZXTSHAGVZVMAS
[DEBUG] env.CLASSWORLDS_JAR: "C:\Users\abhis\.m2\wrapper\dists\apache-maven-3.9.11\03d7e36a140982eea48e22c1dcac01d8862b2550b2939e09a0809bbc5182a5bc\boot\plexus-classworlds-2.9.0.jar"
[DEBUG] env.CLASSWORLDS_LAUNCHER: org.codehaus.plexus.classworlds.launcher.Launcher
[DEBUG] env.CLAUDE_CODE_PROVIDER: ollama
[DEBUG] env.COLORTERM: truecolor
[DEBUG] env.COMMONPROGRAMFILES: C:\Program Files\Common Files
[DEBUG] env.COMMONPROGRAMFILES(X86): C:\Program Files (x86)\Common Files
[DEBUG] env.COMMONPROGRAMW6432: C:\Program Files\Common Files
[DEBUG] env.COMPUTERNAME: ABHISHEKMOHANTY
[DEBUG] env.COMSPEC: C:\WINDOWS\system32\cmd.exe
[DEBUG] env.DRIVERDATA: C:\Windows\System32\Drivers\DriverData
[DEBUG] env.EFC_9408_1592913036: 1
[DEBUG] env.ERROR_CODE: 0
[DEBUG] env.EXEC_DIR: C:\SpringBoot Projects\saas
[DEBUG] env.GIT_ASKPASS: c:\Users\abhis\AppData\Local\Programs\Antigravity\resources\app\extensions\git\dist\askpass.sh
[DEBUG] env.HOMEDRIVE: C:
[DEBUG] env.HOMEPATH: \Users\abhis
[DEBUG] env.JAVACMD: C:\Program Files\Java\jdk-21\bin\java.exe
[DEBUG] env.JAVA_HOME: C:\Program Files\Java\jdk-21
[DEBUG] env.JVMCONFIG: \.mvn\jvm.config
[DEBUG] env.LANG: en_US.UTF-8
[DEBUG] env.LOCALAPPDATA: C:\Users\abhis\AppData\Local
[DEBUG] env.LOGONSERVER: \\ABHISHEKMOHANTY
[DEBUG] env.MAVEN_CMD_LINE_ARGS: test -Dtest=SaasApplicationTests -DfailIfNoTests=false -X
[DEBUG] env.MAVEN_HOME: C:\Users\abhis\.m2\wrapper\dists\apache-maven-3.9.11\03d7e36a140982eea48e22c1dcac01d8862b2550b2939e09a0809bbc5182a5bc
[DEBUG] env.MAVEN_OPTS: --enable-native-access=ALL-UNNAMED 
[DEBUG] env.MAVEN_PROJECTBASEDIR: C:\SpringBoot Projects\saas
[DEBUG] env.NUMBER_OF_PROCESSORS: 16
[DEBUG] env.OLLAMA_NUM_CTX: 4096
[DEBUG] env.OLLAMA_NUM_THREADS: 8
[DEBUG] env.ONEDRIVE: C:\Users\abhis\OneDrive
[DEBUG] env.ONEDRIVECONSUMER: C:\Users\abhis\OneDrive
[DEBUG] env.ONLINESERVICES: Online Services
[DEBUG] env.OS: Windows_NT
[DEBUG] env.PAGER: cat
[DEBUG] env.PATH: C:\Program Files\Java\jdk-21\bin;C:\Program Files\Common Files\Oracle\Java\javapath;C:\WINDOWS\system32;C:\WINDOWS;C:\WINDOWS\System32\Wbem;C:\WINDOWS\System32\WindowsPowerShell\v1.0\;C:\WINDOWS\System32\OpenSSH\;C:\Program Files\HP\HP One Agent;C:\Program Files\Cloudflare\Cloudflare WARP\;C:\Program Files\Git\cmd;C:\Program Files\nodejs\;C:\Program Files\MySQL\MySQL Shell 8.0\bin\;C:\Users\abhis\AppData\Local\Microsoft\WindowsApps;C:\Users\abhis\AppData\Local\Programs\Microsoft VS Code\bin;C:\Users\abhis\AppData\Roaming\npm;C:\Users\abhis\AppData\Local\Programs\cursor\resources\app\bin;C:\Users\abhis\AppData\Local\Programs\Antigravity\bin;C:\Users\abhis\AppData\Local\Programs\Ollama;c:\Users\abhis\.antigravity\extensions\vscjava.vscode-java-debug-0.58.5-universal\bundled\scripts\noConfigScripts
[DEBUG] env.PATHEXT: .COM;.EXE;.BAT;.CMD;.VBS;.VBE;.JS;.JSE;.WSF;.WSH;.MSC;.CPL
[DEBUG] env.PLATFORMCODE: AN
[DEBUG] env.PROCESSOR_ARCHITECTURE: AMD64
[DEBUG] env.PROCESSOR_IDENTIFIER: AMD64 Family 25 Model 117 Stepping 2, AuthenticAMD
[DEBUG] env.PROCESSOR_LEVEL: 25
[DEBUG] env.PROCESSOR_REVISION: 7502
[DEBUG] env.PROGRAMDATA: C:\ProgramData
[DEBUG] env.PROGRAMFILES: C:\Program Files
[DEBUG] env.PROGRAMFILES(X86): C:\Program Files (x86)
[DEBUG] env.PROGRAMW6432: C:\Program Files
[DEBUG] env.PROMPT: $P$G
[DEBUG] env.PSMODULEPATH: C:\Users\abhis\OneDrive\Documents\WindowsPowerShell\Modules;C:\Program Files\WindowsPowerShell\Modules;C:\WINDOWS\system32\WindowsPowerShell\v1.0\Modules
[DEBUG] env.PUBLIC: C:\Users\Public
[DEBUG] env.REGIONCODE: APJ
[DEBUG] env.SESSIONNAME: Console
[DEBUG] env.SYSTEMDRIVE: C:
[DEBUG] env.SYSTEMROOT: C:\WINDOWS
[DEBUG] env.TEMP: C:\Users\abhis\AppData\Local\Temp
[DEBUG] env.TERM_PROGRAM: vscode
[DEBUG] env.TERM_PROGRAM_VERSION: 1.107.0
[DEBUG] env.TMP: C:\Users\abhis\AppData\Local\Temp
[DEBUG] env.USERDOMAIN: ABHISHEKMOHANTY
[DEBUG] env.USERDOMAIN_ROAMINGPROFILE: ABHISHEKMOHANTY
[DEBUG] env.USERNAME: abhis
[DEBUG] env.USERPROFILE: C:\Users\abhis
[DEBUG] env.VSCODE_GIT_ASKPASS_EXTRA_ARGS: 
[DEBUG] env.VSCODE_GIT_ASKPASS_MAIN: c:\Users\abhis\AppData\Local\Programs\Antigravity\resources\app\extensions\git\dist\askpass-main.js
[DEBUG] env.VSCODE_GIT_ASKPASS_NODE: C:\Users\abhis\AppData\Local\Programs\Antigravity\Antigravity.exe
[DEBUG] env.VSCODE_GIT_IPC_HANDLE: \\.\pipe\vscode-git-d0be9dd6db-sock
[DEBUG] env.VSCODE_INJECTION: 1
[DEBUG] env.VSCODE_JAVA_EXEC: C:\Program Files\Java\jdk-21\bin\java
[DEBUG] env.VSCODE_JDWP_ADAPTER_ENDPOINTS: c:\Users\abhis\.antigravity\extensions\vscjava.vscode-java-debug-0.58.5-universal\.noConfigDebugAdapterEndpoints\endpoint-44f3caa908233deb.txt
[DEBUG] env.VSCODE_PYTHON_AUTOACTIVATE_GUARD: 1
[DEBUG] env.WDIR: C:\SpringBoot Projects\saas
[DEBUG] env.WINDIR: C:\WINDOWS
[DEBUG] env.__MVNW_CMD__: C:\Users\abhis/.m2/wrapper/dists/apache-maven-3.9.11/03d7e36a140982eea48e22c1dcac01d8862b2550b2939e09a0809bbc5182a5bc/bin/mvn.cmd
[DEBUG] failIfNoTests: false
[DEBUG] file.encoding: UTF-8
[DEBUG] file.separator: \
[DEBUG] flyway.version: 10.20.1
[DEBUG] freemarker.version: 2.3.34
[DEBUG] git-commit-id-maven-plugin.version: 9.0.1
[DEBUG] glassfish-jaxb.version: 4.0.5
[DEBUG] glassfish-jstl.version: 3.0.1
[DEBUG] graphql-java.version: 22.3
[DEBUG] groovy.version: 4.0.24
[DEBUG] gson.version: 2.11.0
[DEBUG] h2.version: 2.3.232
[DEBUG] hamcrest.version: 2.2
[DEBUG] hazelcast.version: 5.5.0
[DEBUG] hibernate-validator.version: 8.0.2.Final
[DEBUG] hibernate.version: 6.6.5.Final
[DEBUG] hikaricp.version: 5.1.0
[DEBUG] hsqldb.version: 2.7.3
[DEBUG] htmlunit.version: 4.5.0
[DEBUG] httpasyncclient.version: 4.1.5
[DEBUG] httpclient5.version: 5.4.1
[DEBUG] httpcore.version: 4.4.16
[DEBUG] httpcore5.version: 5.3.2
[DEBUG] infinispan.version: 15.0.12.Final
[DEBUG] influxdb-java.version: 2.24
[DEBUG] jackson-bom.version: 2.18.2
[DEBUG] jakarta-activation.version: 2.1.3
[DEBUG] jakarta-annotation.version: 2.1.1
[DEBUG] jakarta-inject.version: 2.0.1
[DEBUG] jakarta-jms.version: 3.1.0
[DEBUG] jakarta-json-bind.version: 3.0.1
[DEBUG] jakarta-json.version: 2.1.3
[DEBUG] jakarta-mail.version: 2.1.3
[DEBUG] jakarta-management.version: 1.1.4
[DEBUG] jakarta-persistence.version: 3.1.0
[DEBUG] jakarta-servlet-jsp-jstl.version: 3.0.2
[DEBUG] jakarta-servlet.version: 6.0.0
[DEBUG] jakarta-transaction.version: 2.0.1
[DEBUG] jakarta-validation.version: 3.0.2
[DEBUG] jakarta-websocket.version: 2.1.1
[DEBUG] jakarta-ws-rs.version: 3.1.0
[DEBUG] jakarta-xml-bind.version: 4.0.2
[DEBUG] jakarta-xml-soap.version: 3.0.2
[DEBUG] jakarta-xml-ws.version: 4.0.2
[DEBUG] janino.version: 3.1.12
[DEBUG] java.class.path: C:\Users\abhis\.m2\wrapper\dists\apache-maven-3.9.11\03d7e36a140982eea48e22c1dcac01d8862b2550b2939e09a0809bbc5182a5bc\boot\plexus-classworlds-2.9.0.jar
[DEBUG] java.class.version: 65.0
[DEBUG] java.home: C:\Program Files\Java\jdk-21
[DEBUG] java.io.tmpdir: C:\Users\abhis\AppData\Local\Temp\
[DEBUG] java.library.path: C:\Program Files\Java\jdk-21\bin;C:\WINDOWS\Sun\Java\bin;C:\WINDOWS\system32;C:\WINDOWS;C:\Program Files\Java\jdk-21\bin;C:\Program Files\Common Files\Oracle\Java\javapath;C:\WINDOWS\system32;C:\WINDOWS;C:\WINDOWS\System32\Wbem;C:\WINDOWS\System32\WindowsPowerShell\v1.0\;C:\WINDOWS\System32\OpenSSH\;C:\Program Files\HP\HP One Agent;C:\Program Files\Cloudflare\Cloudflare WARP\;C:\Program Files\Git\cmd;C:\Program Files\nodejs\;C:\Program Files\MySQL\MySQL Shell 8.0\bin\;C:\Users\abhis\AppData\Local\Microsoft\WindowsApps;C:\Users\abhis\AppData\Local\Programs\Microsoft VS Code\bin;C:\Users\abhis\AppData\Roaming\npm;C:\Users\abhis\AppData\Local\Programs\cursor\resources\app\bin;C:\Users\abhis\AppData\Local\Programs\Antigravity\bin;C:\Users\abhis\AppData\Local\Programs\Ollama;c:\Users\abhis\.antigravity\extensions\vscjava.vscode-java-debug-0.58.5-universal\bundled\scripts\noConfigScripts;.
[DEBUG] java.runtime.name: Java(TM) SE Runtime Environment
[DEBUG] java.runtime.version: 21.0.9+7-LTS-338
[DEBUG] java.specification.name: Java Platform API Specification
[DEBUG] java.specification.vendor: Oracle Corporation
[DEBUG] java.specification.version: 21
[DEBUG] java.vendor: Oracle Corporation
[DEBUG] java.vendor.url: https://java.oracle.com/
[DEBUG] java.vendor.url.bug: https://bugreport.java.com/bugreport/
[DEBUG] java.version: 21.0.9
[DEBUG] java.version.date: 2025-10-21
[DEBUG] java.vm.compressedOopsMode: Zero based
[DEBUG] java.vm.info: mixed mode, sharing
[DEBUG] java.vm.name: Java HotSpot(TM) 64-Bit Server VM
[DEBUG] java.vm.specification.name: Java Virtual Machine Specification
[DEBUG] java.vm.specification.vendor: Oracle Corporation
[DEBUG] java.vm.specification.version: 21
[DEBUG] java.vm.vendor: Oracle Corporation
[DEBUG] java.vm.version: 21.0.9+7-LTS-338
[DEBUG] javax-cache.version: 1.1.1
[DEBUG] javax-money.version: 1.1
[DEBUG] jaxen.version: 2.0.0
[DEBUG] jaybird.version: 5.0.6.java11
[DEBUG] jboss-logging.version: 3.6.1.Final
[DEBUG] jdk.debug: release
[DEBUG] jdom2.version: 2.0.6.1
[DEBUG] jedis.version: 5.2.0
[DEBUG] jersey.version: 3.1.10
[DEBUG] jetty-reactive-httpclient.version: 4.0.8
[DEBUG] jetty.version: 12.0.16
[DEBUG] jmustache.version: 1.16
[DEBUG] jooq.version: 3.19.18
[DEBUG] json-path.version: 2.9.0
[DEBUG] json-smart.version: 2.5.1
[DEBUG] jsonassert.version: 1.5.3
[DEBUG] jtds.version: 1.3.1
[DEBUG] junit-jupiter.version: 5.11.4
[DEBUG] junit.version: 4.13.2
[DEBUG] kafka.version: 3.8.1
[DEBUG] kotlin-coroutines.version: 1.8.1
[DEBUG] kotlin-serialization.version: 1.6.3
[DEBUG] kotlin.version: 1.9.25
[DEBUG] lettuce.version: 6.4.2.RELEASE
[DEBUG] library.jansi.path: C:\Users\abhis\.m2\wrapper\dists\apache-maven-3.9.11\03d7e36a140982eea48e22c1dcac01d8862b2550b2939e09a0809bbc5182a5bc\lib\jansi-native
[DEBUG] line.separator: 

[DEBUG] liquibase.version: 4.29.2
[DEBUG] log4j2.version: 2.24.3
[DEBUG] logback.version: 1.5.25
[DEBUG] lombok.version: 1.18.36
[DEBUG] mariadb.version: 3.4.1
[DEBUG] maven-antrun-plugin.version: 3.1.0
[DEBUG] maven-assembly-plugin.version: 3.7.1
[DEBUG] maven-clean-plugin.version: 3.4.0
[DEBUG] maven-compiler-plugin.version: 3.13.0
[DEBUG] maven-dependency-plugin.version: 3.8.1
[DEBUG] maven-deploy-plugin.version: 3.1.3
[DEBUG] maven-enforcer-plugin.version: 3.5.0
[DEBUG] maven-failsafe-plugin.version: 3.5.2
[DEBUG] maven-help-plugin.version: 3.5.1
[DEBUG] maven-install-plugin.version: 3.1.3
[DEBUG] maven-invoker-plugin.version: 3.8.1
[DEBUG] maven-jar-plugin.version: 3.4.2
[DEBUG] maven-javadoc-plugin.version: 3.10.1
[DEBUG] maven-resources-plugin.version: 3.3.1
[DEBUG] maven-shade-plugin.version: 3.6.0
[DEBUG] maven-source-plugin.version: 3.3.1
[DEBUG] maven-surefire-plugin.version: 3.5.2
[DEBUG] maven-war-plugin.version: 3.4.0
[DEBUG] maven.build.timestamp: 2026-02-23T20:27:02Z
[DEBUG] maven.build.version: Apache Maven 3.9.11 (3e54c93a704957b63ee3494413a2b544fd3d825b)
[DEBUG] maven.compiler.release: 21
[DEBUG] maven.conf: C:\Users\abhis\.m2\wrapper\dists\apache-maven-3.9.11\03d7e36a140982eea48e22c1dcac01d8862b2550b2939e09a0809bbc5182a5bc/conf
[DEBUG] maven.home: C:\Users\abhis\.m2\wrapper\dists\apache-maven-3.9.11\03d7e36a140982eea48e22c1dcac01d8862b2550b2939e09a0809bbc5182a5bc
[DEBUG] maven.multiModuleProjectDirectory: C:\SpringBoot Projects\saas
[DEBUG] maven.version: 3.9.11
[DEBUG] micrometer-tracing.version: 1.4.2
[DEBUG] micrometer.version: 1.14.3
[DEBUG] mockito.version: 5.14.2
[DEBUG] mongodb.version: 5.2.1
[DEBUG] mssql-jdbc.version: 12.8.1.jre11
[DEBUG] mysql.version: 9.1.0
[DEBUG] native-build-tools-plugin.version: 0.10.4
[DEBUG] native.encoding: Cp1252
[DEBUG] nekohtml.version: 1.9.22
[DEBUG] neo4j-java-driver.version: 5.25.0
[DEBUG] netty.version: 4.1.117.Final
[DEBUG] opentelemetry.version: 1.43.0
[DEBUG] oracle-database.version: 23.5.0.24.07
[DEBUG] oracle-r2dbc.version: 1.2.0
[DEBUG] os.arch: amd64
[DEBUG] os.name: Windows 11
[DEBUG] os.version: 10.0
[DEBUG] path.separator: ;
[DEBUG] pooled-jms.version: 3.1.7
[DEBUG] postgresql.version: 42.7.5
[DEBUG] project.baseUri: file:/C:/SpringBoot%20Projects/saas/
[DEBUG] project.build.sourceEncoding: UTF-8
[DEBUG] project.reporting.outputEncoding: UTF-8
[DEBUG] prometheus-client.version: 1.3.5
[DEBUG] prometheus-simpleclient.version: 0.16.0
[DEBUG] pulsar-reactive.version: 0.5.10
[DEBUG] pulsar.version: 3.3.4
[DEBUG] quartz.version: 2.3.2
[DEBUG] querydsl.version: 5.1.0
[DEBUG] r2dbc-h2.version: 1.0.0.RELEASE
[DEBUG] r2dbc-mariadb.version: 1.2.2
[DEBUG] r2dbc-mssql.version: 1.0.2.RELEASE
[DEBUG] r2dbc-mysql.version: 1.3.1
[DEBUG] r2dbc-pool.version: 1.0.2.RELEASE
[DEBUG] r2dbc-postgresql.version: 1.0.7.RELEASE
[DEBUG] r2dbc-proxy.version: 1.1.5.RELEASE
[DEBUG] r2dbc-spi.version: 1.0.0.RELEASE
[DEBUG] rabbit-amqp-client.version: 5.22.0
[DEBUG] rabbit-stream-client.version: 0.18.0
[DEBUG] reactive-streams.version: 1.0.4
[DEBUG] reactor-bom.version: 2024.0.2
[DEBUG] resource.delimiter: @
[DEBUG] rest-assured.version: 5.5.0
[DEBUG] rsocket.version: 1.1.3
[DEBUG] rxjava3.version: 3.1.10
[DEBUG] saaj-impl.version: 3.0.4
[DEBUG] selenium-htmlunit.version: 4.25.0
[DEBUG] selenium.version: 4.25.0
[DEBUG] sendgrid.version: 4.10.3
[DEBUG] slf4j.version: 2.0.16
[DEBUG] snakeyaml.version: 2.3
[DEBUG] spring-amqp.version: 3.2.2
[DEBUG] spring-authorization-server.version: 1.4.1
[DEBUG] spring-batch.version: 5.2.1
[DEBUG] spring-boot.run.main-class: ${start-class}
[DEBUG] spring-data-bom.version: 2024.1.2
[DEBUG] spring-framework.version: 6.2.2
[DEBUG] spring-graphql.version: 1.3.3
[DEBUG] spring-hateoas.version: 2.4.1
[DEBUG] spring-integration.version: 6.4.1
[DEBUG] spring-kafka.version: 3.3.2
[DEBUG] spring-ldap.version: 3.2.10
[DEBUG] spring-pulsar.version: 1.2.2
[DEBUG] spring-restdocs.version: 3.0.3
[DEBUG] spring-retry.version: 2.0.11
[DEBUG] spring-security.version: 6.4.2
[DEBUG] spring-session.version: 3.4.1
[DEBUG] spring-ws.version: 4.0.11
[DEBUG] sqlite-jdbc.version: 3.47.2.0
[DEBUG] stderr.encoding: cp437
[DEBUG] stdout.encoding: Cp1252
[DEBUG] sun.arch.data.model: 64
[DEBUG] sun.boot.library.path: C:\Program Files\Java\jdk-21\bin
[DEBUG] sun.cpu.endian: little
[DEBUG] sun.cpu.isalist: amd64
[DEBUG] sun.io.unicode.encoding: UnicodeLittle
[DEBUG] sun.java.command: org.codehaus.plexus.classworlds.launcher.Launcher test -Dtest=SaasApplicationTests -DfailIfNoTests=false -X
[DEBUG] sun.java.launcher: SUN_STANDARD
[DEBUG] sun.jnu.encoding: Cp1252
[DEBUG] sun.management.compiler: HotSpot 64-Bit Tiered Compilers
[DEBUG] sun.os.patch.level: 
[DEBUG] test: SaasApplicationTests
[DEBUG] testcontainers-redis-module.version: 2.2.2
[DEBUG] testcontainers.version: 1.20.4
[DEBUG] thymeleaf-extras-data-attribute.version: 2.0.1
[DEBUG] thymeleaf-extras-springsecurity.version: 3.1.3.RELEASE
[DEBUG] thymeleaf-layout-dialect.version: 3.3.0
[DEBUG] thymeleaf.version: 3.1.3.RELEASE
[DEBUG] tomcat.version: 10.1.34
[DEBUG] unboundid-ldapsdk.version: 6.0.11
[DEBUG] undertow.version: 2.3.18.Final
[DEBUG] user.country: IN
[DEBUG] user.dir: C:\SpringBoot Projects\saas
[DEBUG] user.home: C:\Users\abhis
[DEBUG] user.language: en
[DEBUG] user.name: abhis
[DEBUG] user.script: 
[DEBUG] user.variant: 
[DEBUG] versions-maven-plugin.version: 2.17.1
[DEBUG] webjars-locator-core.version: 0.59
[DEBUG] webjars-locator-lite.version: 1.0.1
[DEBUG] wsdl4j.version: 1.6.3
[DEBUG] xml-maven-plugin.version: 1.1.0
[DEBUG] xmlunit2.version: 2.10.0
[DEBUG] yasson.version: 3.0.4
[DEBUG] zipkin-reporter.version: 3.4.3
[DEBUG] Using 'UTF-8' encoding to copy filtered resources.
[DEBUG] Using 'UTF-8' encoding to copy filtered properties files.
[DEBUG] resource with targetPath null
directory C:\SpringBoot Projects\saas\src\main\resources
excludes []
includes [**/application*.yml, **/application*.yaml, **/application*.properties]
[DEBUG] ignoreDelta true
[INFO] Copying 1 resource from src\main\resources to target\classes
[DEBUG] Copying file application.yml
[DEBUG] file application.yml has a filtered file extension
[DEBUG] Using 'UTF-8' encoding to copy filtered resource 'application.yml'.
[DEBUG] filtering C:\SpringBoot Projects\saas\src\main\resources\application.yml to C:\SpringBoot Projects\saas\target\classes\application.yml
[DEBUG] resource with targetPath null
directory C:\SpringBoot Projects\saas\src\main\resources
excludes [**/application*.yml, **/application*.yaml, **/application*.properties]
includes []
[DEBUG] ignoreDelta true
[INFO] Copying 0 resource from src\main\resources to target\classes
[DEBUG] no user filter components
[INFO] 
[INFO] --- compiler:3.13.0:compile (default-compile) @ saas ---
[DEBUG] Dependency collection stats {ConflictMarker.analyzeTime=46100, ConflictMarker.markTime=14200, ConflictMarker.nodeCount=22, ConflictIdSorter.graphTime=16100, ConflictIdSorter.topsortTime=17000, ConflictIdSorter.conflictIdCount=14, ConflictIdSorter.conflictIdCycleCount=0, ConflictResolver.totalTime=168200, ConflictResolver.conflictItemCount=22, DfDependencyCollector.collectTime=22844100, DfDependencyCollector.transformTime=278500}
[DEBUG] org.apache.maven.plugins:maven-compiler-plugin:jar:3.13.0
[DEBUG]    org.apache.maven.shared:maven-shared-utils:jar:3.4.2:compile
[DEBUG]       org.slf4j:slf4j-api:jar:1.7.36:compile
[DEBUG]       commons-io:commons-io:jar:2.11.0:compile
[DEBUG]    org.apache.maven.shared:maven-shared-incremental:jar:1.1:compile
[DEBUG]    org.codehaus.plexus:plexus-java:jar:1.2.0:compile
[DEBUG]       org.ow2.asm:asm:jar:9.6:compile
[DEBUG]       com.thoughtworks.qdox:qdox:jar:2.0.3:compile
[DEBUG]    org.codehaus.plexus:plexus-compiler-api:jar:2.15.0:compile
[DEBUG]    org.codehaus.plexus:plexus-compiler-manager:jar:2.15.0:compile
[DEBUG]       javax.inject:javax.inject:jar:1:compile
[DEBUG]       org.codehaus.plexus:plexus-xml:jar:3.0.0:compile (version managed from default)
[DEBUG]    org.codehaus.plexus:plexus-compiler-javac:jar:2.15.0:runtime
[DEBUG]    org.codehaus.plexus:plexus-utils:jar:4.0.0:compile
[DEBUG] Created new class realm plugin>org.apache.maven.plugins:maven-compiler-plugin:3.13.0
[DEBUG] Importing foreign packages into class realm plugin>org.apache.maven.plugins:maven-compiler-plugin:3.13.0
[DEBUG]   Imported:  < maven.api
[DEBUG] Populating class realm plugin>org.apache.maven.plugins:maven-compiler-plugin:3.13.0
[DEBUG]   Included: org.apache.maven.plugins:maven-compiler-plugin:jar:3.13.0
[DEBUG]   Included: org.apache.maven.shared:maven-shared-utils:jar:3.4.2
[DEBUG]   Included: commons-io:commons-io:jar:2.11.0
[DEBUG]   Included: org.apache.maven.shared:maven-shared-incremental:jar:1.1
[DEBUG]   Included: org.codehaus.plexus:plexus-java:jar:1.2.0
[DEBUG]   Included: org.ow2.asm:asm:jar:9.6
[DEBUG]   Included: com.thoughtworks.qdox:qdox:jar:2.0.3
[DEBUG]   Included: org.codehaus.plexus:plexus-compiler-api:jar:2.15.0
[DEBUG]   Included: org.codehaus.plexus:plexus-compiler-manager:jar:2.15.0
[DEBUG]   Included: org.codehaus.plexus:plexus-xml:jar:3.0.0
[DEBUG]   Included: org.codehaus.plexus:plexus-compiler-javac:jar:2.15.0
[DEBUG]   Included: org.codehaus.plexus:plexus-utils:jar:4.0.0
[DEBUG] Loading mojo org.apache.maven.plugins:maven-compiler-plugin:3.13.0:compile from plugin realm ClassRealm[plugin>org.apache.maven.plugins:maven-compiler-plugin:3.13.0, parent: jdk.internal.loader.ClassLoaders$AppClassLoader@33909752]
[DEBUG] Configuring mojo execution 'org.apache.maven.plugins:maven-compiler-plugin:3.13.0:compile:default-compile' with basic configurator -->
[DEBUG]   (f) annotationProcessorPathsUseDepMgmt = false
[DEBUG]   (f) basedir = C:\SpringBoot Projects\saas
[DEBUG]   (f) buildDirectory = C:\SpringBoot Projects\saas\target
[DEBUG]   (f) compilePath = [C:\SpringBoot Projects\saas\target\classes, C:\Users\abhis\.m2\repository\org\springframework\boot\spring-boot-starter-web\3.4.2\spring-boot-starter-web-3.4.2.jar, C:\Users\abhis\.m2\repository\org\springframework\boot\spring-boot-starter\3.4.2\spring-boot-starter-3.4.2.jar, C:\Users\abhis\.m2\repository\org\springframework\boot\spring-boot\3.4.2\spring-boot-3.4.2.jar, C:\Users\abhis\.m2\repository\org\springframework\boot\spring-boot-autoconfigure\3.4.2\spring-boot-autoconfigure-3.4.2.jar, C:\Users\abhis\.m2\repository\org\springframework\boot\spring-boot-starter-logging\3.4.2\spring-boot-starter-logging-3.4.2.jar, C:\Users\abhis\.m2\repository\ch\qos\logback\logback-classic\1.5.25\logback-classic-1.5.25.jar, C:\Users\abhis\.m2\repository\ch\qos\logback\logback-core\1.5.25\logback-core-1.5.25.jar, C:\Users\abhis\.m2\repository\org\apache\logging\log4j\log4j-to-slf4j\2.24.3\log4j-to-slf4j-2.24.3.jar, C:\Users\abhis\.m2\repository\org\apache\logging\log4j\log4j-api\2.24.3\log4j-api-2.24.3.jar, C:\Users\abhis\.m2\repository\org\slf4j\jul-to-slf4j\2.0.16\jul-to-slf4j-2.0.16.jar, C:\Users\abhis\.m2\repository\jakarta\annotation\jakarta.annotation-api\2.1.1\jakarta.annotation-api-2.1.1.jar, C:\Users\abhis\.m2\repository\org\yaml\snakeyaml\2.3\snakeyaml-2.3.jar, C:\Users\abhis\.m2\repository\org\springframework\boot\spring-boot-starter-json\3.4.2\spring-boot-starter-json-3.4.2.jar, C:\Users\abhis\.m2\repository\com\fasterxml\jackson\datatype\jackson-datatype-jdk8\2.18.2\jackson-datatype-jdk8-2.18.2.jar, C:\Users\abhis\.m2\repository\com\fasterxml\jackson\datatype\jackson-datatype-jsr310\2.18.2\jackson-datatype-jsr310-2.18.2.jar, C:\Users\abhis\.m2\repository\com\fasterxml\jackson\module\jackson-module-parameter-names\2.18.2\jackson-module-parameter-names-2.18.2.jar, C:\Users\abhis\.m2\repository\org\springframework\boot\spring-boot-starter-tomcat\3.4.2\spring-boot-starter-tomcat-3.4.2.jar, C:\Users\abhis\.m2\repository\org\apache\tomcat\embed\tomcat-embed-core\10.1.34\tomcat-embed-core-10.1.34.jar, C:\Users\abhis\.m2\repository\org\apache\tomcat\embed\tomcat-embed-websocket\10.1.34\tomcat-embed-websocket-10.1.34.jar, C:\Users\abhis\.m2\repository\org\springframework\spring-web\6.2.2\spring-web-6.2.2.jar, C:\Users\abhis\.m2\repository\org\springframework\spring-beans\6.2.2\spring-beans-6.2.2.jar, C:\Users\abhis\.m2\repository\io\micrometer\micrometer-observation\1.14.3\micrometer-observation-1.14.3.jar, C:\Users\abhis\.m2\repository\io\micrometer\micrometer-commons\1.14.3\micrometer-commons-1.14.3.jar, C:\Users\abhis\.m2\repository\org\springframework\spring-webmvc\6.2.2\spring-webmvc-6.2.2.jar, C:\Users\abhis\.m2\repository\org\springframework\spring-context\6.2.2\spring-context-6.2.2.jar, C:\Users\abhis\.m2\repository\org\springframework\spring-expression\6.2.2\spring-expression-6.2.2.jar, C:\Users\abhis\.m2\repository\org\slf4j\slf4j-api\2.0.16\slf4j-api-2.0.16.jar, C:\Users\abhis\.m2\repository\jakarta\activation\jakarta.activation-api\2.1.3\jakarta.activation-api-2.1.3.jar, C:\Users\abhis\.m2\repository\org\springframework\spring-core\6.2.2\spring-core-6.2.2.jar, C:\Users\abhis\.m2\repository\org\springframework\spring-jcl\6.2.2\spring-jcl-6.2.2.jar, C:\Users\abhis\.m2\repository\org\springframework\security\spring-security-core\6.4.2\spring-security-core-6.4.2.jar, C:\Users\abhis\.m2\repository\org\springframework\security\spring-security-crypto\6.4.2\spring-security-crypto-6.4.2.jar, C:\Users\abhis\.m2\repository\org\springframework\security\spring-security-web\6.4.2\spring-security-web-6.4.2.jar, C:\Users\abhis\.m2\repository\org\springframework\boot\spring-boot-starter-data-jpa\3.4.2\spring-boot-starter-data-jpa-3.4.2.jar, C:\Users\abhis\.m2\repository\org\springframework\boot\spring-boot-starter-jdbc\3.4.2\spring-boot-starter-jdbc-3.4.2.jar, C:\Users\abhis\.m2\repository\com\zaxxer\HikariCP\5.1.0\HikariCP-5.1.0.jar, C:\Users\abhis\.m2\repository\org\springframework\spring-jdbc\6.2.2\spring-jdbc-6.2.2.jar, C:\Users\abhis\.m2\repository\org\hibernate\orm\hibernate-core\6.6.5.Final\hibernate-core-6.6.5.Final.jar, C:\Users\abhis\.m2\repository\jakarta\persistence\jakarta.persistence-api\3.1.0\jakarta.persistence-api-3.1.0.jar, C:\Users\abhis\.m2\repository\jakarta\transaction\jakarta.transaction-api\2.0.1\jakarta.transaction-api-2.0.1.jar, C:\Users\abhis\.m2\repository\org\jboss\logging\jboss-logging\3.6.1.Final\jboss-logging-3.6.1.Final.jar, C:\Users\abhis\.m2\repository\com\fasterxml\classmate\1.7.0\classmate-1.7.0.jar, C:\Users\abhis\.m2\repository\org\antlr\antlr4-runtime\4.13.0\antlr4-runtime-4.13.0.jar, C:\Users\abhis\.m2\repository\org\springframework\data\spring-data-jpa\3.4.2\spring-data-jpa-3.4.2.jar, C:\Users\abhis\.m2\repository\org\springframework\data\spring-data-commons\3.4.2\spring-data-commons-3.4.2.jar, C:\Users\abhis\.m2\repository\org\springframework\spring-orm\6.2.2\spring-orm-6.2.2.jar, C:\Users\abhis\.m2\repository\org\springframework\spring-tx\6.2.2\spring-tx-6.2.2.jar, C:\Users\abhis\.m2\repository\org\springframework\spring-aspects\6.2.2\spring-aspects-6.2.2.jar, C:\Users\abhis\.m2\repository\org\aspectj\aspectjweaver\1.9.22.1\aspectjweaver-1.9.22.1.jar, C:\Users\abhis\.m2\repository\org\springframework\boot\spring-boot-starter-validation\3.4.2\spring-boot-starter-validation-3.4.2.jar, C:\Users\abhis\.m2\repository\org\apache\tomcat\embed\tomcat-embed-el\10.1.34\tomcat-embed-el-10.1.34.jar, C:\Users\abhis\.m2\repository\org\hibernate\validator\hibernate-validator\8.0.2.Final\hibernate-validator-8.0.2.Final.jar, C:\Users\abhis\.m2\repository\jakarta\validation\jakarta.validation-api\3.0.2\jakarta.validation-api-3.0.2.jar, C:\Users\abhis\.m2\repository\org\springframework\boot\spring-boot-starter-security\3.4.2\spring-boot-starter-security-3.4.2.jar, C:\Users\abhis\.m2\repository\org\springframework\spring-aop\6.2.2\spring-aop-6.2.2.jar, C:\Users\abhis\.m2\repository\org\springframework\security\spring-security-config\6.4.2\spring-security-config-6.4.2.jar, C:\Users\abhis\.m2\repository\io\jsonwebtoken\jjwt-api\0.11.5\jjwt-api-0.11.5.jar, C:\Users\abhis\.m2\repository\com\fasterxml\jackson\core\jackson-databind\2.18.2\jackson-databind-2.18.2.jar, C:\Users\abhis\.m2\repository\com\fasterxml\jackson\core\jackson-annotations\2.18.2\jackson-annotations-2.18.2.jar, C:\Users\abhis\.m2\repository\com\fasterxml\jackson\core\jackson-core\2.18.2\jackson-core-2.18.2.jar, C:\Users\abhis\.m2\repository\org\projectlombok\lombok\1.18.36\lombok-1.18.36.jar, C:\Users\abhis\.m2\repository\org\springframework\boot\spring-boot-starter-cache\3.4.2\spring-boot-starter-cache-3.4.2.jar, C:\Users\abhis\.m2\repository\org\springframework\spring-context-support\6.2.2\spring-context-support-6.2.2.jar, C:\Users\abhis\.m2\repository\org\springframework\boot\spring-boot-starter-mail\3.4.2\spring-boot-starter-mail-3.4.2.jar, C:\Users\abhis\.m2\repository\org\eclipse\angus\jakarta.mail\2.0.3\jakarta.mail-2.0.3.jar, C:\Users\abhis\.m2\repository\org\springframework\ai\spring-ai-vertex-ai-gemini-spring-boot-starter\1.0.0-M5\spring-ai-vertex-ai-gemini-spring-boot-starter-1.0.0-M5.jar, C:\Users\abhis\.m2\repository\org\springframework\ai\spring-ai-spring-boot-autoconfigure\1.0.0-M5\spring-ai-spring-boot-autoconfigure-1.0.0-M5.jar, C:\Users\abhis\.m2\repository\org\springframework\ai\spring-ai-vertex-ai-gemini\1.0.0-M5\spring-ai-vertex-ai-gemini-1.0.0-M5.jar, C:\Users\abhis\.m2\repository\com\google\cloud\google-cloud-vertexai\1.11.0\google-cloud-vertexai-1.11.0.jar, C:\Users\abhis\.m2\repository\io\grpc\grpc-api\1.68.0\grpc-api-1.68.0.jar, C:\Users\abhis\.m2\repository\com\google\code\findbugs\jsr305\3.0.2\jsr305-3.0.2.jar, C:\Users\abhis\.m2\repository\com\google\errorprone\error_prone_annotations\2.32.0\error_prone_annotations-2.32.0.jar, C:\Users\abhis\.m2\repository\io\grpc\grpc-stub\1.68.0\grpc-stub-1.68.0.jar, C:\Users\abhis\.m2\repository\io\grpc\grpc-protobuf\1.68.0\grpc-protobuf-1.68.0.jar, C:\Users\abhis\.m2\repository\com\google\api\api-common\2.37.1\api-common-2.37.1.jar, C:\Users\abhis\.m2\repository\com\google\auto\value\auto-value-annotations\1.11.0\auto-value-annotations-1.11.0.jar, C:\Users\abhis\.m2\repository\javax\annotation\javax.annotation-api\1.3.2\javax.annotation-api-1.3.2.jar, C:\Users\abhis\.m2\repository\com\google\j2objc\j2objc-annotations\3.0.0\j2objc-annotations-3.0.0.jar, C:\Users\abhis\.m2\repository\com\google\protobuf\protobuf-java\3.25.5\protobuf-java-3.25.5.jar, C:\Users\abhis\.m2\repository\com\google\api\grpc\proto-google-common-protos\2.45.1\proto-google-common-protos-2.45.1.jar, C:\Users\abhis\.m2\repository\com\google\api\grpc\proto-google-cloud-vertexai-v1\1.11.0\proto-google-cloud-vertexai-v1-1.11.0.jar, C:\Users\abhis\.m2\repository\com\google\guava\guava\33.3.1-jre\guava-33.3.1-jre.jar, C:\Users\abhis\.m2\repository\com\google\guava\failureaccess\1.0.2\failureaccess-1.0.2.jar, C:\Users\abhis\.m2\repository\com\google\guava\listenablefuture\9999.0-empty-to-avoid-conflict-with-guava\listenablefuture-9999.0-empty-to-avoid-conflict-with-guava.jar, C:\Users\abhis\.m2\repository\org\checkerframework\checker-qual\3.47.0\checker-qual-3.47.0.jar, C:\Users\abhis\.m2\repository\com\google\api\gax\2.54.1\gax-2.54.1.jar, C:\Users\abhis\.m2\repository\com\google\auth\google-auth-library-credentials\1.27.0\google-auth-library-credentials-1.27.0.jar, C:\Users\abhis\.m2\repository\io\opencensus\opencensus-api\0.31.1\opencensus-api-0.31.1.jar, C:\Users\abhis\.m2\repository\io\grpc\grpc-context\1.68.0\grpc-context-1.68.0.jar, C:\Users\abhis\.m2\repository\com\google\auth\google-auth-library-oauth2-http\1.27.0\google-auth-library-oauth2-http-1.27.0.jar, C:\Users\abhis\.m2\repository\com\google\api\gax-grpc\2.54.1\gax-grpc-2.54.1.jar, C:\Users\abhis\.m2\repository\io\grpc\grpc-inprocess\1.68.0\grpc-inprocess-1.68.0.jar, C:\Users\abhis\.m2\repository\io\grpc\grpc-core\1.68.0\grpc-core-1.68.0.jar, C:\Users\abhis\.m2\repository\io\grpc\grpc-alts\1.68.0\grpc-alts-1.68.0.jar, C:\Users\abhis\.m2\repository\io\grpc\grpc-grpclb\1.68.0\grpc-grpclb-1.68.0.jar, C:\Users\abhis\.m2\repository\org\conscrypt\conscrypt-openjdk-uber\2.5.2\conscrypt-openjdk-uber-2.5.2.jar, C:\Users\abhis\.m2\repository\io\grpc\grpc-auth\1.68.0\grpc-auth-1.68.0.jar, C:\Users\abhis\.m2\repository\io\grpc\grpc-netty-shaded\1.68.0\grpc-netty-shaded-1.68.0.jar, C:\Users\abhis\.m2\repository\com\google\api\gax-httpjson\2.54.1\gax-httpjson-2.54.1.jar, C:\Users\abhis\.m2\repository\com\google\code\gson\gson\2.11.0\gson-2.11.0.jar, C:\Users\abhis\.m2\repository\com\google\http-client\google-http-client\1.45.0\google-http-client-1.45.0.jar, C:\Users\abhis\.m2\repository\org\apache\httpcomponents\httpclient\4.5.14\httpclient-4.5.14.jar, C:\Users\abhis\.m2\repository\commons-codec\commons-codec\1.17.2\commons-codec-1.17.2.jar, C:\Users\abhis\.m2\repository\org\apache\httpcomponents\httpcore\4.4.16\httpcore-4.4.16.jar, C:\Users\abhis\.m2\repository\io\opencensus\opencensus-contrib-http-util\0.31.1\opencensus-contrib-http-util-0.31.1.jar, C:\Users\abhis\.m2\repository\com\google\http-client\google-http-client-gson\1.45.0\google-http-client-gson-1.45.0.jar, C:\Users\abhis\.m2\repository\com\google\protobuf\protobuf-java-util\3.25.5\protobuf-java-util-3.25.5.jar, C:\Users\abhis\.m2\repository\com\google\api\grpc\grpc-google-common-protos\2.45.1\grpc-google-common-protos-2.45.1.jar, C:\Users\abhis\.m2\repository\com\google\api\grpc\proto-google-iam-v1\1.40.1\proto-google-iam-v1-1.40.1.jar, C:\Users\abhis\.m2\repository\com\google\api\grpc\grpc-google-iam-v1\1.40.1\grpc-google-iam-v1-1.40.1.jar, C:\Users\abhis\.m2\repository\org\threeten\threetenbp\1.7.0\threetenbp-1.7.0.jar, C:\Users\abhis\.m2\repository\org\springframework\ai\spring-ai-core\1.0.0-M5\spring-ai-core-1.0.0-M5.jar, C:\Users\abhis\.m2\repository\com\fasterxml\jackson\module\jackson-module-jsonSchema\2.18.2\jackson-module-jsonSchema-2.18.2.jar, C:\Users\abhis\.m2\repository\javax\validation\validation-api\1.1.0.Final\validation-api-1.1.0.Final.jar, C:\Users\abhis\.m2\repository\io\swagger\core\v3\swagger-annotations\2.2.20\swagger-annotations-2.2.20.jar, C:\Users\abhis\.m2\repository\com\github\victools\jsonschema-module-swagger-2\4.35.0\jsonschema-module-swagger-2-4.35.0.jar, C:\Users\abhis\.m2\repository\org\antlr\ST4\4.3.4\ST4-4.3.4.jar, C:\Users\abhis\.m2\repository\org\antlr\antlr-runtime\3.5.3\antlr-runtime-3.5.3.jar, C:\Users\abhis\.m2\repository\io\projectreactor\reactor-core\3.7.2\reactor-core-3.7.2.jar, C:\Users\abhis\.m2\repository\org\reactivestreams\reactive-streams\1.0.4\reactive-streams-1.0.4.jar, C:\Users\abhis\.m2\repository\org\springframework\spring-messaging\6.2.2\spring-messaging-6.2.2.jar, C:\Users\abhis\.m2\repository\io\micrometer\micrometer-core\1.14.3\micrometer-core-1.14.3.jar, C:\Users\abhis\.m2\repository\io\micrometer\context-propagation\1.1.2\context-propagation-1.1.2.jar, C:\Users\abhis\.m2\repository\com\knuddels\jtokkit\1.1.0\jtokkit-1.1.0.jar, C:\Users\abhis\.m2\repository\com\github\victools\jsonschema-generator\4.35.0\jsonschema-generator-4.35.0.jar, C:\Users\abhis\.m2\repository\com\github\victools\jsonschema-module-jackson\4.35.0\jsonschema-module-jackson-4.35.0.jar, C:\Users\abhis\.m2\repository\org\springframework\ai\spring-ai-retry\1.0.0-M5\spring-ai-retry-1.0.0-M5.jar, C:\Users\abhis\.m2\repository\org\springframework\retry\spring-retry\2.0.11\spring-retry-2.0.11.jar, C:\Users\abhis\.m2\repository\org\springframework\spring-webflux\6.2.2\spring-webflux-6.2.2.jar]
[DEBUG]   (f) compileSourceRoots = [C:\SpringBoot Projects\saas\src\main\java]
[DEBUG]   (f) compilerId = javac
[DEBUG]   (f) createMissingPackageInfoClass = true
[DEBUG]   (f) debug = true
[DEBUG]   (f) debugFileName = javac
[DEBUG]   (f) enablePreview = false
[DEBUG]   (f) encoding = UTF-8
[DEBUG]   (f) failOnError = true
[DEBUG]   (f) failOnWarning = false
[DEBUG]   (f) fileExtensions = [jar, class]
[DEBUG]   (f) forceJavacCompilerUse = false
[DEBUG]   (f) forceLegacyJavacApi = false
[DEBUG]   (f) fork = false
[DEBUG]   (f) generatedSourcesDirectory = C:\SpringBoot Projects\saas\target\generated-sources\annotations
[DEBUG]   (f) mojoExecution = org.apache.maven.plugins:maven-compiler-plugin:3.13.0:compile {execution: default-compile}
[DEBUG]   (f) optimize = false
[DEBUG]   (f) outputDirectory = C:\SpringBoot Projects\saas\target\classes
[DEBUG]   (f) parameters = true
[DEBUG]   (f) project = MavenProject: com.jobhunt:saas:0.0.1-SNAPSHOT @ C:\SpringBoot Projects\saas\pom.xml
[DEBUG]   (f) projectArtifact = com.jobhunt:saas:jar:0.0.1-SNAPSHOT
[DEBUG]   (s) release = 21
[DEBUG]   (f) session = org.apache.maven.execution.MavenSession@7b81616b
[DEBUG]   (f) showCompilationChanges = false
[DEBUG]   (f) showDeprecation = false
[DEBUG]   (f) showWarnings = true
[DEBUG]   (f) skipMultiThreadWarning = false
[DEBUG]   (f) source = 1.8
[DEBUG]   (f) staleMillis = 0
[DEBUG]   (s) target = 1.8
[DEBUG]   (f) useIncrementalCompilation = true
[DEBUG]   (f) verbose = false
[DEBUG] -- end configuration --
[DEBUG] Using compiler 'javac'.
[DEBUG] Adding C:\SpringBoot Projects\saas\target\generated-sources\annotations to compile source roots:
  C:\SpringBoot Projects\saas\src\main\java
[DEBUG] New compile source roots:
  C:\SpringBoot Projects\saas\src\main\java
  C:\SpringBoot Projects\saas\target\generated-sources\annotations
[DEBUG] CompilerReuseStrategy: reuseCreated
[DEBUG] useIncrementalCompilation enabled
[INFO] Nothing to compile - all classes are up to date.
[INFO] 
[INFO] --- resources:3.3.1:testResources (default-testResources) @ saas ---
[DEBUG] Loading mojo org.apache.maven.plugins:maven-resources-plugin:3.3.1:testResources from plugin realm ClassRealm[plugin>org.apache.maven.plugins:maven-resources-plugin:3.3.1, parent: jdk.internal.loader.ClassLoaders$AppClassLoader@33909752]
[DEBUG] Configuring mojo execution 'org.apache.maven.plugins:maven-resources-plugin:3.3.1:testResources:default-testResources' with basic configurator -->
[DEBUG]   (f) addDefaultExcludes = true
[DEBUG]   (f) buildFilters = []
[DEBUG]   (s) delimiters = [@]
[DEBUG]   (f) encoding = UTF-8
[DEBUG]   (f) escapeWindowsPaths = true
[DEBUG]   (f) fileNameFiltering = false
[DEBUG]   (s) includeEmptyDirs = false
[DEBUG]   (s) outputDirectory = C:\SpringBoot Projects\saas\target\test-classes
[DEBUG]   (s) overwrite = false
[DEBUG]   (f) project = MavenProject: com.jobhunt:saas:0.0.1-SNAPSHOT @ C:\SpringBoot Projects\saas\pom.xml
[DEBUG]   (f) propertiesEncoding = UTF-8
[DEBUG]   (s) resources = [Resource {targetPath: null, filtering: false, FileSet {directory: C:\SpringBoot Projects\saas\src\test\resources, PatternSet [includes: {}, excludes: {}]}}]
[DEBUG]   (f) session = org.apache.maven.execution.MavenSession@7b81616b
[DEBUG]   (f) skip = false
[DEBUG]   (f) supportMultiLineFiltering = false
[DEBUG]   (f) useBuildFilters = true
[DEBUG]   (s) useDefaultDelimiters = false
[DEBUG] -- end configuration --
[DEBUG] properties used:
[DEBUG] activemq.version: 6.1.5
[DEBUG] angus-mail.version: 2.0.3
[DEBUG] artemis.version: 2.37.0
[DEBUG] aspectj.version: 1.9.22.1
[DEBUG] assertj.version: 3.26.3
[DEBUG] awaitility.version: 4.2.2
[DEBUG] brave.version: 6.0.3
[DEBUG] build-helper-maven-plugin.version: 3.6.0
[DEBUG] byte-buddy.version: 1.15.11
[DEBUG] cache2k.version: 2.6.1.Final
[DEBUG] caffeine.version: 3.1.8
[DEBUG] cassandra-driver.version: 4.18.1
[DEBUG] classmate.version: 1.7.0
[DEBUG] classworlds.conf: C:\Users\abhis\.m2\wrapper\dists\apache-maven-3.9.11\03d7e36a140982eea48e22c1dcac01d8862b2550b2939e09a0809bbc5182a5bc\bin\m2.conf
[DEBUG] commons-codec.version: 1.17.2
[DEBUG] commons-dbcp2.version: 2.12.0
[DEBUG] commons-lang3.version: 3.17.0
[DEBUG] commons-pool.version: 1.6
[DEBUG] commons-pool2.version: 2.12.0
[DEBUG] couchbase-client.version: 3.7.7
[DEBUG] crac.version: 1.5.0
[DEBUG] cyclonedx-maven-plugin.version: 2.9.1
[DEBUG] db2-jdbc.version: 11.5.9.0
[DEBUG] dependency-management-plugin.version: 1.1.7
[DEBUG] derby.version: 10.16.1.1
[DEBUG] ehcache3.version: 3.10.8
[DEBUG] elasticsearch-client.version: 8.15.5
[DEBUG] env.=C:: C:\SpringBoot Projects\saas
[DEBUG] env.=EXITCODE: 00000000
[DEBUG] env.ALLUSERSPROFILE: C:\ProgramData
[DEBUG] env.ANTIGRAVITY_AGENT: 1
[DEBUG] env.ANTIGRAVITY_CLI_ALIAS: agy
[DEBUG] env.APPDATA: C:\Users\abhis\AppData\Roaming
[DEBUG] env.CHROME_CRASHPAD_PIPE_NAME: \\.\pipe\crashpad_27316_VNLZXTSHAGVZVMAS
[DEBUG] env.CLASSWORLDS_JAR: "C:\Users\abhis\.m2\wrapper\dists\apache-maven-3.9.11\03d7e36a140982eea48e22c1dcac01d8862b2550b2939e09a0809bbc5182a5bc\boot\plexus-classworlds-2.9.0.jar"
[DEBUG] env.CLASSWORLDS_LAUNCHER: org.codehaus.plexus.classworlds.launcher.Launcher
[DEBUG] env.CLAUDE_CODE_PROVIDER: ollama
[DEBUG] env.COLORTERM: truecolor
[DEBUG] env.COMMONPROGRAMFILES: C:\Program Files\Common Files
[DEBUG] env.COMMONPROGRAMFILES(X86): C:\Program Files (x86)\Common Files
[DEBUG] env.COMMONPROGRAMW6432: C:\Program Files\Common Files
[DEBUG] env.COMPUTERNAME: ABHISHEKMOHANTY
[DEBUG] env.COMSPEC: C:\WINDOWS\system32\cmd.exe
[DEBUG] env.DRIVERDATA: C:\Windows\System32\Drivers\DriverData
[DEBUG] env.EFC_9408_1592913036: 1
[DEBUG] env.ERROR_CODE: 0
[DEBUG] env.EXEC_DIR: C:\SpringBoot Projects\saas
[DEBUG] env.GIT_ASKPASS: c:\Users\abhis\AppData\Local\Programs\Antigravity\resources\app\extensions\git\dist\askpass.sh
[DEBUG] env.HOMEDRIVE: C:
[DEBUG] env.HOMEPATH: \Users\abhis
[DEBUG] env.JAVACMD: C:\Program Files\Java\jdk-21\bin\java.exe
[DEBUG] env.JAVA_HOME: C:\Program Files\Java\jdk-21
[DEBUG] env.JVMCONFIG: \.mvn\jvm.config
[DEBUG] env.LANG: en_US.UTF-8
[DEBUG] env.LOCALAPPDATA: C:\Users\abhis\AppData\Local
[DEBUG] env.LOGONSERVER: \\ABHISHEKMOHANTY
[DEBUG] env.MAVEN_CMD_LINE_ARGS: test -Dtest=SaasApplicationTests -DfailIfNoTests=false -X
[DEBUG] env.MAVEN_HOME: C:\Users\abhis\.m2\wrapper\dists\apache-maven-3.9.11\03d7e36a140982eea48e22c1dcac01d8862b2550b2939e09a0809bbc5182a5bc
[DEBUG] env.MAVEN_OPTS: --enable-native-access=ALL-UNNAMED 
[DEBUG] env.MAVEN_PROJECTBASEDIR: C:\SpringBoot Projects\saas
[DEBUG] env.NUMBER_OF_PROCESSORS: 16
[DEBUG] env.OLLAMA_NUM_CTX: 4096
[DEBUG] env.OLLAMA_NUM_THREADS: 8
[DEBUG] env.ONEDRIVE: C:\Users\abhis\OneDrive
[DEBUG] env.ONEDRIVECONSUMER: C:\Users\abhis\OneDrive
[DEBUG] env.ONLINESERVICES: Online Services
[DEBUG] env.OS: Windows_NT
[DEBUG] env.PAGER: cat
[DEBUG] env.PATH: C:\Program Files\Java\jdk-21\bin;C:\Program Files\Common Files\Oracle\Java\javapath;C:\WINDOWS\system32;C:\WINDOWS;C:\WINDOWS\System32\Wbem;C:\WINDOWS\System32\WindowsPowerShell\v1.0\;C:\WINDOWS\System32\OpenSSH\;C:\Program Files\HP\HP One Agent;C:\Program Files\Cloudflare\Cloudflare WARP\;C:\Program Files\Git\cmd;C:\Program Files\nodejs\;C:\Program Files\MySQL\MySQL Shell 8.0\bin\;C:\Users\abhis\AppData\Local\Microsoft\WindowsApps;C:\Users\abhis\AppData\Local\Programs\Microsoft VS Code\bin;C:\Users\abhis\AppData\Roaming\npm;C:\Users\abhis\AppData\Local\Programs\cursor\resources\app\bin;C:\Users\abhis\AppData\Local\Programs\Antigravity\bin;C:\Users\abhis\AppData\Local\Programs\Ollama;c:\Users\abhis\.antigravity\extensions\vscjava.vscode-java-debug-0.58.5-universal\bundled\scripts\noConfigScripts
[DEBUG] env.PATHEXT: .COM;.EXE;.BAT;.CMD;.VBS;.VBE;.JS;.JSE;.WSF;.WSH;.MSC;.CPL
[DEBUG] env.PLATFORMCODE: AN
[DEBUG] env.PROCESSOR_ARCHITECTURE: AMD64
[DEBUG] env.PROCESSOR_IDENTIFIER: AMD64 Family 25 Model 117 Stepping 2, AuthenticAMD
[DEBUG] env.PROCESSOR_LEVEL: 25
[DEBUG] env.PROCESSOR_REVISION: 7502
[DEBUG] env.PROGRAMDATA: C:\ProgramData
[DEBUG] env.PROGRAMFILES: C:\Program Files
[DEBUG] env.PROGRAMFILES(X86): C:\Program Files (x86)
[DEBUG] env.PROGRAMW6432: C:\Program Files
[DEBUG] env.PROMPT: $P$G
[DEBUG] env.PSMODULEPATH: C:\Users\abhis\OneDrive\Documents\WindowsPowerShell\Modules;C:\Program Files\WindowsPowerShell\Modules;C:\WINDOWS\system32\WindowsPowerShell\v1.0\Modules
[DEBUG] env.PUBLIC: C:\Users\Public
[DEBUG] env.REGIONCODE: APJ
[DEBUG] env.SESSIONNAME: Console
[DEBUG] env.SYSTEMDRIVE: C:
[DEBUG] env.SYSTEMROOT: C:\WINDOWS
[DEBUG] env.TEMP: C:\Users\abhis\AppData\Local\Temp
[DEBUG] env.TERM_PROGRAM: vscode
[DEBUG] env.TERM_PROGRAM_VERSION: 1.107.0
[DEBUG] env.TMP: C:\Users\abhis\AppData\Local\Temp
[DEBUG] env.USERDOMAIN: ABHISHEKMOHANTY
[DEBUG] env.USERDOMAIN_ROAMINGPROFILE: ABHISHEKMOHANTY
[DEBUG] env.USERNAME: abhis
[DEBUG] env.USERPROFILE: C:\Users\abhis
[DEBUG] env.VSCODE_GIT_ASKPASS_EXTRA_ARGS: 
[DEBUG] env.VSCODE_GIT_ASKPASS_MAIN: c:\Users\abhis\AppData\Local\Programs\Antigravity\resources\app\extensions\git\dist\askpass-main.js
[DEBUG] env.VSCODE_GIT_ASKPASS_NODE: C:\Users\abhis\AppData\Local\Programs\Antigravity\Antigravity.exe
[DEBUG] env.VSCODE_GIT_IPC_HANDLE: \\.\pipe\vscode-git-d0be9dd6db-sock
[DEBUG] env.VSCODE_INJECTION: 1
[DEBUG] env.VSCODE_JAVA_EXEC: C:\Program Files\Java\jdk-21\bin\java
[DEBUG] env.VSCODE_JDWP_ADAPTER_ENDPOINTS: c:\Users\abhis\.antigravity\extensions\vscjava.vscode-java-debug-0.58.5-universal\.noConfigDebugAdapterEndpoints\endpoint-44f3caa908233deb.txt
[DEBUG] env.VSCODE_PYTHON_AUTOACTIVATE_GUARD: 1
[DEBUG] env.WDIR: C:\SpringBoot Projects\saas
[DEBUG] env.WINDIR: C:\WINDOWS
[DEBUG] env.__MVNW_CMD__: C:\Users\abhis/.m2/wrapper/dists/apache-maven-3.9.11/03d7e36a140982eea48e22c1dcac01d8862b2550b2939e09a0809bbc5182a5bc/bin/mvn.cmd
[DEBUG] failIfNoTests: false
[DEBUG] file.encoding: UTF-8
[DEBUG] file.separator: \
[DEBUG] flyway.version: 10.20.1
[DEBUG] freemarker.version: 2.3.34
[DEBUG] git-commit-id-maven-plugin.version: 9.0.1
[DEBUG] glassfish-jaxb.version: 4.0.5
[DEBUG] glassfish-jstl.version: 3.0.1
[DEBUG] graphql-java.version: 22.3
[DEBUG] groovy.version: 4.0.24
[DEBUG] gson.version: 2.11.0
[DEBUG] h2.version: 2.3.232
[DEBUG] hamcrest.version: 2.2
[DEBUG] hazelcast.version: 5.5.0
[DEBUG] hibernate-validator.version: 8.0.2.Final
[DEBUG] hibernate.version: 6.6.5.Final
[DEBUG] hikaricp.version: 5.1.0
[DEBUG] hsqldb.version: 2.7.3
[DEBUG] htmlunit.version: 4.5.0
[DEBUG] httpasyncclient.version: 4.1.5
[DEBUG] httpclient5.version: 5.4.1
[DEBUG] httpcore.version: 4.4.16
[DEBUG] httpcore5.version: 5.3.2
[DEBUG] infinispan.version: 15.0.12.Final
[DEBUG] influxdb-java.version: 2.24
[DEBUG] jackson-bom.version: 2.18.2
[DEBUG] jakarta-activation.version: 2.1.3
[DEBUG] jakarta-annotation.version: 2.1.1
[DEBUG] jakarta-inject.version: 2.0.1
[DEBUG] jakarta-jms.version: 3.1.0
[DEBUG] jakarta-json-bind.version: 3.0.1
[DEBUG] jakarta-json.version: 2.1.3
[DEBUG] jakarta-mail.version: 2.1.3
[DEBUG] jakarta-management.version: 1.1.4
[DEBUG] jakarta-persistence.version: 3.1.0
[DEBUG] jakarta-servlet-jsp-jstl.version: 3.0.2
[DEBUG] jakarta-servlet.version: 6.0.0
[DEBUG] jakarta-transaction.version: 2.0.1
[DEBUG] jakarta-validation.version: 3.0.2
[DEBUG] jakarta-websocket.version: 2.1.1
[DEBUG] jakarta-ws-rs.version: 3.1.0
[DEBUG] jakarta-xml-bind.version: 4.0.2
[DEBUG] jakarta-xml-soap.version: 3.0.2
[DEBUG] jakarta-xml-ws.version: 4.0.2
[DEBUG] janino.version: 3.1.12
[DEBUG] java.class.path: C:\Users\abhis\.m2\wrapper\dists\apache-maven-3.9.11\03d7e36a140982eea48e22c1dcac01d8862b2550b2939e09a0809bbc5182a5bc\boot\plexus-classworlds-2.9.0.jar
[DEBUG] java.class.version: 65.0
[DEBUG] java.home: C:\Program Files\Java\jdk-21
[DEBUG] java.io.tmpdir: C:\Users\abhis\AppData\Local\Temp\
[DEBUG] java.library.path: C:\Program Files\Java\jdk-21\bin;C:\WINDOWS\Sun\Java\bin;C:\WINDOWS\system32;C:\WINDOWS;C:\Program Files\Java\jdk-21\bin;C:\Program Files\Common Files\Oracle\Java\javapath;C:\WINDOWS\system32;C:\WINDOWS;C:\WINDOWS\System32\Wbem;C:\WINDOWS\System32\WindowsPowerShell\v1.0\;C:\WINDOWS\System32\OpenSSH\;C:\Program Files\HP\HP One Agent;C:\Program Files\Cloudflare\Cloudflare WARP\;C:\Program Files\Git\cmd;C:\Program Files\nodejs\;C:\Program Files\MySQL\MySQL Shell 8.0\bin\;C:\Users\abhis\AppData\Local\Microsoft\WindowsApps;C:\Users\abhis\AppData\Local\Programs\Microsoft VS Code\bin;C:\Users\abhis\AppData\Roaming\npm;C:\Users\abhis\AppData\Local\Programs\cursor\resources\app\bin;C:\Users\abhis\AppData\Local\Programs\Antigravity\bin;C:\Users\abhis\AppData\Local\Programs\Ollama;c:\Users\abhis\.antigravity\extensions\vscjava.vscode-java-debug-0.58.5-universal\bundled\scripts\noConfigScripts;.
[DEBUG] java.runtime.name: Java(TM) SE Runtime Environment
[DEBUG] java.runtime.version: 21.0.9+7-LTS-338
[DEBUG] java.specification.name: Java Platform API Specification
[DEBUG] java.specification.vendor: Oracle Corporation
[DEBUG] java.specification.version: 21
[DEBUG] java.vendor: Oracle Corporation
[DEBUG] java.vendor.url: https://java.oracle.com/
[DEBUG] java.vendor.url.bug: https://bugreport.java.com/bugreport/
[DEBUG] java.version: 21.0.9
[DEBUG] java.version.date: 2025-10-21
[DEBUG] java.vm.compressedOopsMode: Zero based
[DEBUG] java.vm.info: mixed mode, sharing
[DEBUG] java.vm.name: Java HotSpot(TM) 64-Bit Server VM
[DEBUG] java.vm.specification.name: Java Virtual Machine Specification
[DEBUG] java.vm.specification.vendor: Oracle Corporation
[DEBUG] java.vm.specification.version: 21
[DEBUG] java.vm.vendor: Oracle Corporation
[DEBUG] java.vm.version: 21.0.9+7-LTS-338
[DEBUG] javax-cache.version: 1.1.1
[DEBUG] javax-money.version: 1.1
[DEBUG] jaxen.version: 2.0.0
[DEBUG] jaybird.version: 5.0.6.java11
[DEBUG] jboss-logging.version: 3.6.1.Final
[DEBUG] jdk.debug: release
[DEBUG] jdom2.version: 2.0.6.1
[DEBUG] jedis.version: 5.2.0
[DEBUG] jersey.version: 3.1.10
[DEBUG] jetty-reactive-httpclient.version: 4.0.8
[DEBUG] jetty.version: 12.0.16
[DEBUG] jmustache.version: 1.16
[DEBUG] jooq.version: 3.19.18
[DEBUG] json-path.version: 2.9.0
[DEBUG] json-smart.version: 2.5.1
[DEBUG] jsonassert.version: 1.5.3
[DEBUG] jtds.version: 1.3.1
[DEBUG] junit-jupiter.version: 5.11.4
[DEBUG] junit.version: 4.13.2
[DEBUG] kafka.version: 3.8.1
[DEBUG] kotlin-coroutines.version: 1.8.1
[DEBUG] kotlin-serialization.version: 1.6.3
[DEBUG] kotlin.version: 1.9.25
[DEBUG] lettuce.version: 6.4.2.RELEASE
[DEBUG] library.jansi.path: C:\Users\abhis\.m2\wrapper\dists\apache-maven-3.9.11\03d7e36a140982eea48e22c1dcac01d8862b2550b2939e09a0809bbc5182a5bc\lib\jansi-native
[DEBUG] line.separator: 

[DEBUG] liquibase.version: 4.29.2
[DEBUG] log4j2.version: 2.24.3
[DEBUG] logback.version: 1.5.25
[DEBUG] lombok.version: 1.18.36
[DEBUG] mariadb.version: 3.4.1
[DEBUG] maven-antrun-plugin.version: 3.1.0
[DEBUG] maven-assembly-plugin.version: 3.7.1
[DEBUG] maven-clean-plugin.version: 3.4.0
[DEBUG] maven-compiler-plugin.version: 3.13.0
[DEBUG] maven-dependency-plugin.version: 3.8.1
[DEBUG] maven-deploy-plugin.version: 3.1.3
[DEBUG] maven-enforcer-plugin.version: 3.5.0
[DEBUG] maven-failsafe-plugin.version: 3.5.2
[DEBUG] maven-help-plugin.version: 3.5.1
[DEBUG] maven-install-plugin.version: 3.1.3
[DEBUG] maven-invoker-plugin.version: 3.8.1
[DEBUG] maven-jar-plugin.version: 3.4.2
[DEBUG] maven-javadoc-plugin.version: 3.10.1
[DEBUG] maven-resources-plugin.version: 3.3.1
[DEBUG] maven-shade-plugin.version: 3.6.0
[DEBUG] maven-source-plugin.version: 3.3.1
[DEBUG] maven-surefire-plugin.version: 3.5.2
[DEBUG] maven-war-plugin.version: 3.4.0
[DEBUG] maven.build.timestamp: 2026-02-23T20:27:02Z
[DEBUG] maven.build.version: Apache Maven 3.9.11 (3e54c93a704957b63ee3494413a2b544fd3d825b)
[DEBUG] maven.compiler.release: 21
[DEBUG] maven.conf: C:\Users\abhis\.m2\wrapper\dists\apache-maven-3.9.11\03d7e36a140982eea48e22c1dcac01d8862b2550b2939e09a0809bbc5182a5bc/conf
[DEBUG] maven.home: C:\Users\abhis\.m2\wrapper\dists\apache-maven-3.9.11\03d7e36a140982eea48e22c1dcac01d8862b2550b2939e09a0809bbc5182a5bc
[DEBUG] maven.multiModuleProjectDirectory: C:\SpringBoot Projects\saas
[DEBUG] maven.version: 3.9.11
[DEBUG] micrometer-tracing.version: 1.4.2
[DEBUG] micrometer.version: 1.14.3
[DEBUG] mockito.version: 5.14.2
[DEBUG] mongodb.version: 5.2.1
[DEBUG] mssql-jdbc.version: 12.8.1.jre11
[DEBUG] mysql.version: 9.1.0
[DEBUG] native-build-tools-plugin.version: 0.10.4
[DEBUG] native.encoding: Cp1252
[DEBUG] nekohtml.version: 1.9.22
[DEBUG] neo4j-java-driver.version: 5.25.0
[DEBUG] netty.version: 4.1.117.Final
[DEBUG] opentelemetry.version: 1.43.0
[DEBUG] oracle-database.version: 23.5.0.24.07
[DEBUG] oracle-r2dbc.version: 1.2.0
[DEBUG] os.arch: amd64
[DEBUG] os.name: Windows 11
[DEBUG] os.version: 10.0
[DEBUG] path.separator: ;
[DEBUG] pooled-jms.version: 3.1.7
[DEBUG] postgresql.version: 42.7.5
[DEBUG] project.baseUri: file:/C:/SpringBoot%20Projects/saas/
[DEBUG] project.build.sourceEncoding: UTF-8
[DEBUG] project.reporting.outputEncoding: UTF-8
[DEBUG] prometheus-client.version: 1.3.5
[DEBUG] prometheus-simpleclient.version: 0.16.0
[DEBUG] pulsar-reactive.version: 0.5.10
[DEBUG] pulsar.version: 3.3.4
[DEBUG] quartz.version: 2.3.2
[DEBUG] querydsl.version: 5.1.0
[DEBUG] r2dbc-h2.version: 1.0.0.RELEASE
[DEBUG] r2dbc-mariadb.version: 1.2.2
[DEBUG] r2dbc-mssql.version: 1.0.2.RELEASE
[DEBUG] r2dbc-mysql.version: 1.3.1
[DEBUG] r2dbc-pool.version: 1.0.2.RELEASE
[DEBUG] r2dbc-postgresql.version: 1.0.7.RELEASE
[DEBUG] r2dbc-proxy.version: 1.1.5.RELEASE
[DEBUG] r2dbc-spi.version: 1.0.0.RELEASE
[DEBUG] rabbit-amqp-client.version: 5.22.0
[DEBUG] rabbit-stream-client.version: 0.18.0
[DEBUG] reactive-streams.version: 1.0.4
[DEBUG] reactor-bom.version: 2024.0.2
[DEBUG] resource.delimiter: @
[DEBUG] rest-assured.version: 5.5.0
[DEBUG] rsocket.version: 1.1.3
[DEBUG] rxjava3.version: 3.1.10
[DEBUG] saaj-impl.version: 3.0.4
[DEBUG] selenium-htmlunit.version: 4.25.0
[DEBUG] selenium.version: 4.25.0
[DEBUG] sendgrid.version: 4.10.3
[DEBUG] slf4j.version: 2.0.16
[DEBUG] snakeyaml.version: 2.3
[DEBUG] spring-amqp.version: 3.2.2
[DEBUG] spring-authorization-server.version: 1.4.1
[DEBUG] spring-batch.version: 5.2.1
[DEBUG] spring-boot.run.main-class: ${start-class}
[DEBUG] spring-data-bom.version: 2024.1.2
[DEBUG] spring-framework.version: 6.2.2
[DEBUG] spring-graphql.version: 1.3.3
[DEBUG] spring-hateoas.version: 2.4.1
[DEBUG] spring-integration.version: 6.4.1
[DEBUG] spring-kafka.version: 3.3.2
[DEBUG] spring-ldap.version: 3.2.10
[DEBUG] spring-pulsar.version: 1.2.2
[DEBUG] spring-restdocs.version: 3.0.3
[DEBUG] spring-retry.version: 2.0.11
[DEBUG] spring-security.version: 6.4.2
[DEBUG] spring-session.version: 3.4.1
[DEBUG] spring-ws.version: 4.0.11
[DEBUG] sqlite-jdbc.version: 3.47.2.0
[DEBUG] stderr.encoding: cp437
[DEBUG] stdout.encoding: Cp1252
[DEBUG] sun.arch.data.model: 64
[DEBUG] sun.boot.library.path: C:\Program Files\Java\jdk-21\bin
[DEBUG] sun.cpu.endian: little
[DEBUG] sun.cpu.isalist: amd64
[DEBUG] sun.io.unicode.encoding: UnicodeLittle
[DEBUG] sun.java.command: org.codehaus.plexus.classworlds.launcher.Launcher test -Dtest=SaasApplicationTests -DfailIfNoTests=false -X
[DEBUG] sun.java.launcher: SUN_STANDARD
[DEBUG] sun.jnu.encoding: Cp1252
[DEBUG] sun.management.compiler: HotSpot 64-Bit Tiered Compilers
[DEBUG] sun.os.patch.level: 
[DEBUG] test: SaasApplicationTests
[DEBUG] testcontainers-redis-module.version: 2.2.2
[DEBUG] testcontainers.version: 1.20.4
[DEBUG] thymeleaf-extras-data-attribute.version: 2.0.1
[DEBUG] thymeleaf-extras-springsecurity.version: 3.1.3.RELEASE
[DEBUG] thymeleaf-layout-dialect.version: 3.3.0
[DEBUG] thymeleaf.version: 3.1.3.RELEASE
[DEBUG] tomcat.version: 10.1.34
[DEBUG] unboundid-ldapsdk.version: 6.0.11
[DEBUG] undertow.version: 2.3.18.Final
[DEBUG] user.country: IN
[DEBUG] user.dir: C:\SpringBoot Projects\saas
[DEBUG] user.home: C:\Users\abhis
[DEBUG] user.language: en
[DEBUG] user.name: abhis
[DEBUG] user.script: 
[DEBUG] user.variant: 
[DEBUG] versions-maven-plugin.version: 2.17.1
[DEBUG] webjars-locator-core.version: 0.59
[DEBUG] webjars-locator-lite.version: 1.0.1
[DEBUG] wsdl4j.version: 1.6.3
[DEBUG] xml-maven-plugin.version: 1.1.0
[DEBUG] xmlunit2.version: 2.10.0
[DEBUG] yasson.version: 3.0.4
[DEBUG] zipkin-reporter.version: 3.4.3
[DEBUG] Using 'UTF-8' encoding to copy filtered resources.
[DEBUG] Using 'UTF-8' encoding to copy filtered properties files.
[DEBUG] resource with targetPath null
directory C:\SpringBoot Projects\saas\src\test\resources
excludes []
includes []
[DEBUG] ignoreDelta true
[INFO] Copying 0 resource from src\test\resources to target\test-classes
[DEBUG] no user filter components
[INFO] 
[INFO] --- compiler:3.13.0:testCompile (default-testCompile) @ saas ---
[DEBUG] Loading mojo org.apache.maven.plugins:maven-compiler-plugin:3.13.0:testCompile from plugin realm ClassRealm[plugin>org.apache.maven.plugins:maven-compiler-plugin:3.13.0, parent: jdk.internal.loader.ClassLoaders$AppClassLoader@33909752]
[DEBUG] Configuring mojo execution 'org.apache.maven.plugins:maven-compiler-plugin:3.13.0:testCompile:default-testCompile' with basic configurator -->
[DEBUG]   (f) annotationProcessorPathsUseDepMgmt = false
[DEBUG]   (f) basedir = C:\SpringBoot Projects\saas
[DEBUG]   (f) buildDirectory = C:\SpringBoot Projects\saas\target
[DEBUG]   (f) compileSourceRoots = [C:\SpringBoot Projects\saas\src\test\java]
[DEBUG]   (f) compilerId = javac
[DEBUG]   (f) createMissingPackageInfoClass = true
[DEBUG]   (f) debug = true
[DEBUG]   (f) debugFileName = javac-test
[DEBUG]   (f) enablePreview = false
[DEBUG]   (f) encoding = UTF-8
[DEBUG]   (f) failOnError = true
[DEBUG]   (f) failOnWarning = false
[DEBUG]   (f) fileExtensions = [jar, class]
[DEBUG]   (f) forceJavacCompilerUse = false
[DEBUG]   (f) forceLegacyJavacApi = false
[DEBUG]   (f) fork = false
[DEBUG]   (f) generatedTestSourcesDirectory = C:\SpringBoot Projects\saas\target\generated-test-sources\test-annotations
[DEBUG]   (f) mojoExecution = org.apache.maven.plugins:maven-compiler-plugin:3.13.0:testCompile {execution: default-testCompile}
[DEBUG]   (f) optimize = false
[DEBUG]   (f) outputDirectory = C:\SpringBoot Projects\saas\target\test-classes
[DEBUG]   (f) parameters = true
[DEBUG]   (f) project = MavenProject: com.jobhunt:saas:0.0.1-SNAPSHOT @ C:\SpringBoot Projects\saas\pom.xml
[DEBUG]   (s) release = 21
[DEBUG]   (f) session = org.apache.maven.execution.MavenSession@7b81616b
[DEBUG]   (f) showCompilationChanges = false
[DEBUG]   (f) showDeprecation = false
[DEBUG]   (f) showWarnings = true
[DEBUG]   (f) skipMultiThreadWarning = false
[DEBUG]   (f) source = 1.8
[DEBUG]   (f) staleMillis = 0
[DEBUG]   (s) target = 1.8
[DEBUG]   (f) testPath = [C:\SpringBoot Projects\saas\target\test-classes, C:\SpringBoot Projects\saas\target\classes, C:\Users\abhis\.m2\repository\org\springframework\boot\spring-boot-starter-web\3.4.2\spring-boot-starter-web-3.4.2.jar, C:\Users\abhis\.m2\repository\org\springframework\boot\spring-boot-starter\3.4.2\spring-boot-starter-3.4.2.jar, C:\Users\abhis\.m2\repository\org\springframework\boot\spring-boot\3.4.2\spring-boot-3.4.2.jar, C:\Users\abhis\.m2\repository\org\springframework\boot\spring-boot-autoconfigure\3.4.2\spring-boot-autoconfigure-3.4.2.jar, C:\Users\abhis\.m2\repository\org\springframework\boot\spring-boot-starter-logging\3.4.2\spring-boot-starter-logging-3.4.2.jar, C:\Users\abhis\.m2\repository\ch\qos\logback\logback-classic\1.5.25\logback-classic-1.5.25.jar, C:\Users\abhis\.m2\repository\ch\qos\logback\logback-core\1.5.25\logback-core-1.5.25.jar, C:\Users\abhis\.m2\repository\org\apache\logging\log4j\log4j-to-slf4j\2.24.3\log4j-to-slf4j-2.24.3.jar, C:\Users\abhis\.m2\repository\org\apache\logging\log4j\log4j-api\2.24.3\log4j-api-2.24.3.jar, C:\Users\abhis\.m2\repository\org\slf4j\jul-to-slf4j\2.0.16\jul-to-slf4j-2.0.16.jar, C:\Users\abhis\.m2\repository\jakarta\annotation\jakarta.annotation-api\2.1.1\jakarta.annotation-api-2.1.1.jar, C:\Users\abhis\.m2\repository\org\yaml\snakeyaml\2.3\snakeyaml-2.3.jar, C:\Users\abhis\.m2\repository\org\springframework\boot\spring-boot-starter-json\3.4.2\spring-boot-starter-json-3.4.2.jar, C:\Users\abhis\.m2\repository\com\fasterxml\jackson\datatype\jackson-datatype-jdk8\2.18.2\jackson-datatype-jdk8-2.18.2.jar, C:\Users\abhis\.m2\repository\com\fasterxml\jackson\datatype\jackson-datatype-jsr310\2.18.2\jackson-datatype-jsr310-2.18.2.jar, C:\Users\abhis\.m2\repository\com\fasterxml\jackson\module\jackson-module-parameter-names\2.18.2\jackson-module-parameter-names-2.18.2.jar, C:\Users\abhis\.m2\repository\org\springframework\boot\spring-boot-starter-tomcat\3.4.2\spring-boot-starter-tomcat-3.4.2.jar, C:\Users\abhis\.m2\repository\org\apache\tomcat\embed\tomcat-embed-core\10.1.34\tomcat-embed-core-10.1.34.jar, C:\Users\abhis\.m2\repository\org\apache\tomcat\embed\tomcat-embed-websocket\10.1.34\tomcat-embed-websocket-10.1.34.jar, C:\Users\abhis\.m2\repository\org\springframework\spring-web\6.2.2\spring-web-6.2.2.jar, C:\Users\abhis\.m2\repository\org\springframework\spring-beans\6.2.2\spring-beans-6.2.2.jar, C:\Users\abhis\.m2\repository\io\micrometer\micrometer-observation\1.14.3\micrometer-observation-1.14.3.jar, C:\Users\abhis\.m2\repository\io\micrometer\micrometer-commons\1.14.3\micrometer-commons-1.14.3.jar, C:\Users\abhis\.m2\repository\org\springframework\spring-webmvc\6.2.2\spring-webmvc-6.2.2.jar, C:\Users\abhis\.m2\repository\org\springframework\spring-context\6.2.2\spring-context-6.2.2.jar, C:\Users\abhis\.m2\repository\org\springframework\spring-expression\6.2.2\spring-expression-6.2.2.jar, C:\Users\abhis\.m2\repository\org\springframework\boot\spring-boot-starter-test\3.4.2\spring-boot-starter-test-3.4.2.jar, C:\Users\abhis\.m2\repository\org\springframework\boot\spring-boot-test\3.4.2\spring-boot-test-3.4.2.jar, C:\Users\abhis\.m2\repository\org\springframework\boot\spring-boot-test-autoconfigure\3.4.2\spring-boot-test-autoconfigure-3.4.2.jar, C:\Users\abhis\.m2\repository\com\jayway\jsonpath\json-path\2.9.0\json-path-2.9.0.jar, C:\Users\abhis\.m2\repository\org\slf4j\slf4j-api\2.0.16\slf4j-api-2.0.16.jar, C:\Users\abhis\.m2\repository\jakarta\xml\bind\jakarta.xml.bind-api\4.0.2\jakarta.xml.bind-api-4.0.2.jar, C:\Users\abhis\.m2\repository\jakarta\activation\jakarta.activation-api\2.1.3\jakarta.activation-api-2.1.3.jar, C:\Users\abhis\.m2\repository\net\minidev\json-smart\2.5.1\json-smart-2.5.1.jar, C:\Users\abhis\.m2\repository\net\minidev\accessors-smart\2.5.1\accessors-smart-2.5.1.jar, C:\Users\abhis\.m2\repository\org\ow2\asm\asm\9.6\asm-9.6.jar, C:\Users\abhis\.m2\repository\org\assertj\assertj-core\3.26.3\assertj-core-3.26.3.jar, C:\Users\abhis\.m2\repository\net\bytebuddy\byte-buddy\1.15.11\byte-buddy-1.15.11.jar, C:\Users\abhis\.m2\repository\org\awaitility\awaitility\4.2.2\awaitility-4.2.2.jar, C:\Users\abhis\.m2\repository\org\hamcrest\hamcrest\2.2\hamcrest-2.2.jar, C:\Users\abhis\.m2\repository\org\junit\jupiter\junit-jupiter\5.11.4\junit-jupiter-5.11.4.jar, C:\Users\abhis\.m2\repository\org\junit\jupiter\junit-jupiter-api\5.11.4\junit-jupiter-api-5.11.4.jar, C:\Users\abhis\.m2\repository\org\opentest4j\opentest4j\1.3.0\opentest4j-1.3.0.jar, C:\Users\abhis\.m2\repository\org\junit\platform\junit-platform-commons\1.11.4\junit-platform-commons-1.11.4.jar, C:\Users\abhis\.m2\repository\org\apiguardian\apiguardian-api\1.1.2\apiguardian-api-1.1.2.jar, C:\Users\abhis\.m2\repository\org\junit\jupiter\junit-jupiter-params\5.11.4\junit-jupiter-params-5.11.4.jar, C:\Users\abhis\.m2\repository\org\junit\jupiter\junit-jupiter-engine\5.11.4\junit-jupiter-engine-5.11.4.jar, C:\Users\abhis\.m2\repository\org\junit\platform\junit-platform-engine\1.11.4\junit-platform-engine-1.11.4.jar, C:\Users\abhis\.m2\repository\org\mockito\mockito-core\5.14.2\mockito-core-5.14.2.jar, C:\Users\abhis\.m2\repository\net\bytebuddy\byte-buddy-agent\1.15.11\byte-buddy-agent-1.15.11.jar, C:\Users\abhis\.m2\repository\org\objenesis\objenesis\3.3\objenesis-3.3.jar, C:\Users\abhis\.m2\repository\org\mockito\mockito-junit-jupiter\5.14.2\mockito-junit-jupiter-5.14.2.jar, C:\Users\abhis\.m2\repository\org\skyscreamer\jsonassert\1.5.3\jsonassert-1.5.3.jar, C:\Users\abhis\.m2\repository\com\vaadin\external\google\android-json\0.0.20131108.vaadin1\android-json-0.0.20131108.vaadin1.jar, C:\Users\abhis\.m2\repository\org\springframework\spring-core\6.2.2\spring-core-6.2.2.jar, C:\Users\abhis\.m2\repository\org\springframework\spring-jcl\6.2.2\spring-jcl-6.2.2.jar, C:\Users\abhis\.m2\repository\org\springframework\spring-test\6.2.2\spring-test-6.2.2.jar, C:\Users\abhis\.m2\repository\org\xmlunit\xmlunit-core\2.10.0\xmlunit-core-2.10.0.jar, C:\Users\abhis\.m2\repository\org\springframework\security\spring-security-test\6.4.2\spring-security-test-6.4.2.jar, C:\Users\abhis\.m2\repository\org\springframework\security\spring-security-core\6.4.2\spring-security-core-6.4.2.jar, C:\Users\abhis\.m2\repository\org\springframework\security\spring-security-crypto\6.4.2\spring-security-crypto-6.4.2.jar, C:\Users\abhis\.m2\repository\org\springframework\security\spring-security-web\6.4.2\spring-security-web-6.4.2.jar, C:\Users\abhis\.m2\repository\org\springframework\boot\spring-boot-starter-data-jpa\3.4.2\spring-boot-starter-data-jpa-3.4.2.jar, C:\Users\abhis\.m2\repository\org\springframework\boot\spring-boot-starter-jdbc\3.4.2\spring-boot-starter-jdbc-3.4.2.jar, C:\Users\abhis\.m2\repository\com\zaxxer\HikariCP\5.1.0\HikariCP-5.1.0.jar, C:\Users\abhis\.m2\repository\org\springframework\spring-jdbc\6.2.2\spring-jdbc-6.2.2.jar, C:\Users\abhis\.m2\repository\org\hibernate\orm\hibernate-core\6.6.5.Final\hibernate-core-6.6.5.Final.jar, C:\Users\abhis\.m2\repository\jakarta\persistence\jakarta.persistence-api\3.1.0\jakarta.persistence-api-3.1.0.jar, C:\Users\abhis\.m2\repository\jakarta\transaction\jakarta.transaction-api\2.0.1\jakarta.transaction-api-2.0.1.jar, C:\Users\abhis\.m2\repository\org\jboss\logging\jboss-logging\3.6.1.Final\jboss-logging-3.6.1.Final.jar, C:\Users\abhis\.m2\repository\org\hibernate\common\hibernate-commons-annotations\7.0.3.Final\hibernate-commons-annotations-7.0.3.Final.jar, C:\Users\abhis\.m2\repository\io\smallrye\jandex\3.2.0\jandex-3.2.0.jar, C:\Users\abhis\.m2\repository\com\fasterxml\classmate\1.7.0\classmate-1.7.0.jar, C:\Users\abhis\.m2\repository\org\glassfish\jaxb\jaxb-runtime\4.0.5\jaxb-runtime-4.0.5.jar, C:\Users\abhis\.m2\repository\org\glassfish\jaxb\jaxb-core\4.0.5\jaxb-core-4.0.5.jar, C:\Users\abhis\.m2\repository\org\glassfish\jaxb\txw2\4.0.5\txw2-4.0.5.jar, C:\Users\abhis\.m2\repository\com\sun\istack\istack-commons-runtime\4.1.2\istack-commons-runtime-4.1.2.jar, C:\Users\abhis\.m2\repository\jakarta\inject\jakarta.inject-api\2.0.1\jakarta.inject-api-2.0.1.jar, C:\Users\abhis\.m2\repository\org\antlr\antlr4-runtime\4.13.0\antlr4-runtime-4.13.0.jar, C:\Users\abhis\.m2\repository\org\springframework\data\spring-data-jpa\3.4.2\spring-data-jpa-3.4.2.jar, C:\Users\abhis\.m2\repository\org\springframework\data\spring-data-commons\3.4.2\spring-data-commons-3.4.2.jar, C:\Users\abhis\.m2\repository\org\springframework\spring-orm\6.2.2\spring-orm-6.2.2.jar, C:\Users\abhis\.m2\repository\org\springframework\spring-tx\6.2.2\spring-tx-6.2.2.jar, C:\Users\abhis\.m2\repository\org\springframework\spring-aspects\6.2.2\spring-aspects-6.2.2.jar, C:\Users\abhis\.m2\repository\org\aspectj\aspectjweaver\1.9.22.1\aspectjweaver-1.9.22.1.jar, C:\Users\abhis\.m2\repository\com\mysql\mysql-connector-j\9.1.0\mysql-connector-j-9.1.0.jar, C:\Users\abhis\.m2\repository\org\springframework\boot\spring-boot-starter-validation\3.4.2\spring-boot-starter-validation-3.4.2.jar, C:\Users\abhis\.m2\repository\org\apache\tomcat\embed\tomcat-embed-el\10.1.34\tomcat-embed-el-10.1.34.jar, C:\Users\abhis\.m2\repository\org\hibernate\validator\hibernate-validator\8.0.2.Final\hibernate-validator-8.0.2.Final.jar, C:\Users\abhis\.m2\repository\jakarta\validation\jakarta.validation-api\3.0.2\jakarta.validation-api-3.0.2.jar, C:\Users\abhis\.m2\repository\org\springframework\boot\spring-boot-starter-security\3.4.2\spring-boot-starter-security-3.4.2.jar, C:\Users\abhis\.m2\repository\org\springframework\spring-aop\6.2.2\spring-aop-6.2.2.jar, C:\Users\abhis\.m2\repository\org\springframework\security\spring-security-config\6.4.2\spring-security-config-6.4.2.jar, C:\Users\abhis\.m2\repository\io\jsonwebtoken\jjwt-api\0.11.5\jjwt-api-0.11.5.jar, C:\Users\abhis\.m2\repository\io\jsonwebtoken\jjwt-impl\0.11.5\jjwt-impl-0.11.5.jar, C:\Users\abhis\.m2\repository\io\jsonwebtoken\jjwt-jackson\0.11.5\jjwt-jackson-0.11.5.jar, C:\Users\abhis\.m2\repository\com\fasterxml\jackson\core\jackson-databind\2.18.2\jackson-databind-2.18.2.jar, C:\Users\abhis\.m2\repository\com\fasterxml\jackson\core\jackson-annotations\2.18.2\jackson-annotations-2.18.2.jar, C:\Users\abhis\.m2\repository\com\fasterxml\jackson\core\jackson-core\2.18.2\jackson-core-2.18.2.jar, C:\Users\abhis\.m2\repository\org\projectlombok\lombok\1.18.36\lombok-1.18.36.jar, C:\Users\abhis\.m2\repository\org\springframework\boot\spring-boot-starter-cache\3.4.2\spring-boot-starter-cache-3.4.2.jar, C:\Users\abhis\.m2\repository\org\springframework\spring-context-support\6.2.2\spring-context-support-6.2.2.jar, C:\Users\abhis\.m2\repository\org\springframework\boot\spring-boot-starter-mail\3.4.2\spring-boot-starter-mail-3.4.2.jar, C:\Users\abhis\.m2\repository\org\eclipse\angus\jakarta.mail\2.0.3\jakarta.mail-2.0.3.jar, C:\Users\abhis\.m2\repository\org\eclipse\angus\angus-activation\2.0.2\angus-activation-2.0.2.jar, C:\Users\abhis\.m2\repository\com\h2database\h2\2.3.232\h2-2.3.232.jar, C:\Users\abhis\.m2\repository\org\springframework\ai\spring-ai-vertex-ai-gemini-spring-boot-starter\1.0.0-M5\spring-ai-vertex-ai-gemini-spring-boot-starter-1.0.0-M5.jar, C:\Users\abhis\.m2\repository\org\springframework\ai\spring-ai-spring-boot-autoconfigure\1.0.0-M5\spring-ai-spring-boot-autoconfigure-1.0.0-M5.jar, C:\Users\abhis\.m2\repository\org\springframework\ai\spring-ai-vertex-ai-gemini\1.0.0-M5\spring-ai-vertex-ai-gemini-1.0.0-M5.jar, C:\Users\abhis\.m2\repository\com\google\cloud\google-cloud-vertexai\1.11.0\google-cloud-vertexai-1.11.0.jar, C:\Users\abhis\.m2\repository\io\grpc\grpc-api\1.68.0\grpc-api-1.68.0.jar, C:\Users\abhis\.m2\repository\com\google\code\findbugs\jsr305\3.0.2\jsr305-3.0.2.jar, C:\Users\abhis\.m2\repository\com\google\errorprone\error_prone_annotations\2.32.0\error_prone_annotations-2.32.0.jar, C:\Users\abhis\.m2\repository\io\grpc\grpc-stub\1.68.0\grpc-stub-1.68.0.jar, C:\Users\abhis\.m2\repository\io\grpc\grpc-protobuf\1.68.0\grpc-protobuf-1.68.0.jar, C:\Users\abhis\.m2\repository\io\grpc\grpc-protobuf-lite\1.68.0\grpc-protobuf-lite-1.68.0.jar, C:\Users\abhis\.m2\repository\com\google\api\api-common\2.37.1\api-common-2.37.1.jar, C:\Users\abhis\.m2\repository\com\google\auto\value\auto-value-annotations\1.11.0\auto-value-annotations-1.11.0.jar, C:\Users\abhis\.m2\repository\javax\annotation\javax.annotation-api\1.3.2\javax.annotation-api-1.3.2.jar, C:\Users\abhis\.m2\repository\com\google\j2objc\j2objc-annotations\3.0.0\j2objc-annotations-3.0.0.jar, C:\Users\abhis\.m2\repository\com\google\protobuf\protobuf-java\3.25.5\protobuf-java-3.25.5.jar, C:\Users\abhis\.m2\repository\com\google\api\grpc\proto-google-common-protos\2.45.1\proto-google-common-protos-2.45.1.jar, C:\Users\abhis\.m2\repository\com\google\api\grpc\proto-google-cloud-vertexai-v1\1.11.0\proto-google-cloud-vertexai-v1-1.11.0.jar, C:\Users\abhis\.m2\repository\com\google\guava\guava\33.3.1-jre\guava-33.3.1-jre.jar, C:\Users\abhis\.m2\repository\com\google\guava\failureaccess\1.0.2\failureaccess-1.0.2.jar, C:\Users\abhis\.m2\repository\com\google\guava\listenablefuture\9999.0-empty-to-avoid-conflict-with-guava\listenablefuture-9999.0-empty-to-avoid-conflict-with-guava.jar, C:\Users\abhis\.m2\repository\org\checkerframework\checker-qual\3.47.0\checker-qual-3.47.0.jar, C:\Users\abhis\.m2\repository\com\google\api\gax\2.54.1\gax-2.54.1.jar, C:\Users\abhis\.m2\repository\com\google\auth\google-auth-library-credentials\1.27.0\google-auth-library-credentials-1.27.0.jar, C:\Users\abhis\.m2\repository\io\opencensus\opencensus-api\0.31.1\opencensus-api-0.31.1.jar, C:\Users\abhis\.m2\repository\io\grpc\grpc-context\1.68.0\grpc-context-1.68.0.jar, C:\Users\abhis\.m2\repository\com\google\auth\google-auth-library-oauth2-http\1.27.0\google-auth-library-oauth2-http-1.27.0.jar, C:\Users\abhis\.m2\repository\com\google\api\gax-grpc\2.54.1\gax-grpc-2.54.1.jar, C:\Users\abhis\.m2\repository\io\grpc\grpc-inprocess\1.68.0\grpc-inprocess-1.68.0.jar, C:\Users\abhis\.m2\repository\io\grpc\grpc-core\1.68.0\grpc-core-1.68.0.jar, C:\Users\abhis\.m2\repository\com\google\android\annotations\4.1.1.4\annotations-4.1.1.4.jar, C:\Users\abhis\.m2\repository\org\codehaus\mojo\animal-sniffer-annotations\1.24\animal-sniffer-annotations-1.24.jar, C:\Users\abhis\.m2\repository\io\grpc\grpc-alts\1.68.0\grpc-alts-1.68.0.jar, C:\Users\abhis\.m2\repository\io\grpc\grpc-grpclb\1.68.0\grpc-grpclb-1.68.0.jar, C:\Users\abhis\.m2\repository\org\conscrypt\conscrypt-openjdk-uber\2.5.2\conscrypt-openjdk-uber-2.5.2.jar, C:\Users\abhis\.m2\repository\io\grpc\grpc-auth\1.68.0\grpc-auth-1.68.0.jar, C:\Users\abhis\.m2\repository\io\grpc\grpc-netty-shaded\1.68.0\grpc-netty-shaded-1.68.0.jar, C:\Users\abhis\.m2\repository\io\grpc\grpc-util\1.68.0\grpc-util-1.68.0.jar, C:\Users\abhis\.m2\repository\io\perfmark\perfmark-api\0.27.0\perfmark-api-0.27.0.jar, C:\Users\abhis\.m2\repository\io\grpc\grpc-googleapis\1.68.0\grpc-googleapis-1.68.0.jar, C:\Users\abhis\.m2\repository\io\grpc\grpc-xds\1.68.0\grpc-xds-1.68.0.jar, C:\Users\abhis\.m2\repository\io\grpc\grpc-services\1.68.0\grpc-services-1.68.0.jar, C:\Users\abhis\.m2\repository\com\google\re2j\re2j\1.7\re2j-1.7.jar, C:\Users\abhis\.m2\repository\com\google\api\gax-httpjson\2.54.1\gax-httpjson-2.54.1.jar, C:\Users\abhis\.m2\repository\com\google\code\gson\gson\2.11.0\gson-2.11.0.jar, C:\Users\abhis\.m2\repository\com\google\http-client\google-http-client\1.45.0\google-http-client-1.45.0.jar, C:\Users\abhis\.m2\repository\org\apache\httpcomponents\httpclient\4.5.14\httpclient-4.5.14.jar, C:\Users\abhis\.m2\repository\commons-codec\commons-codec\1.17.2\commons-codec-1.17.2.jar, C:\Users\abhis\.m2\repository\org\apache\httpcomponents\httpcore\4.4.16\httpcore-4.4.16.jar, C:\Users\abhis\.m2\repository\io\opencensus\opencensus-contrib-http-util\0.31.1\opencensus-contrib-http-util-0.31.1.jar, C:\Users\abhis\.m2\repository\com\google\http-client\google-http-client-gson\1.45.0\google-http-client-gson-1.45.0.jar, C:\Users\abhis\.m2\repository\com\google\protobuf\protobuf-java-util\3.25.5\protobuf-java-util-3.25.5.jar, C:\Users\abhis\.m2\repository\com\google\api\grpc\grpc-google-common-protos\2.45.1\grpc-google-common-protos-2.45.1.jar, C:\Users\abhis\.m2\repository\com\google\api\grpc\proto-google-iam-v1\1.40.1\proto-google-iam-v1-1.40.1.jar, C:\Users\abhis\.m2\repository\com\google\api\grpc\grpc-google-iam-v1\1.40.1\grpc-google-iam-v1-1.40.1.jar, C:\Users\abhis\.m2\repository\org\threeten\threetenbp\1.7.0\threetenbp-1.7.0.jar, C:\Users\abhis\.m2\repository\org\springframework\ai\spring-ai-core\1.0.0-M5\spring-ai-core-1.0.0-M5.jar, C:\Users\abhis\.m2\repository\com\fasterxml\jackson\module\jackson-module-jsonSchema\2.18.2\jackson-module-jsonSchema-2.18.2.jar, C:\Users\abhis\.m2\repository\javax\validation\validation-api\1.1.0.Final\validation-api-1.1.0.Final.jar, C:\Users\abhis\.m2\repository\io\swagger\core\v3\swagger-annotations\2.2.20\swagger-annotations-2.2.20.jar, C:\Users\abhis\.m2\repository\com\github\victools\jsonschema-module-swagger-2\4.35.0\jsonschema-module-swagger-2-4.35.0.jar, C:\Users\abhis\.m2\repository\org\antlr\ST4\4.3.4\ST4-4.3.4.jar, C:\Users\abhis\.m2\repository\org\antlr\antlr-runtime\3.5.3\antlr-runtime-3.5.3.jar, C:\Users\abhis\.m2\repository\io\projectreactor\reactor-core\3.7.2\reactor-core-3.7.2.jar, C:\Users\abhis\.m2\repository\org\reactivestreams\reactive-streams\1.0.4\reactive-streams-1.0.4.jar, C:\Users\abhis\.m2\repository\org\springframework\spring-messaging\6.2.2\spring-messaging-6.2.2.jar, C:\Users\abhis\.m2\repository\io\micrometer\micrometer-core\1.14.3\micrometer-core-1.14.3.jar, C:\Users\abhis\.m2\repository\org\hdrhistogram\HdrHistogram\2.2.2\HdrHistogram-2.2.2.jar, C:\Users\abhis\.m2\repository\org\latencyutils\LatencyUtils\2.0.3\LatencyUtils-2.0.3.jar, C:\Users\abhis\.m2\repository\io\micrometer\context-propagation\1.1.2\context-propagation-1.1.2.jar, C:\Users\abhis\.m2\repository\com\knuddels\jtokkit\1.1.0\jtokkit-1.1.0.jar, C:\Users\abhis\.m2\repository\com\github\victools\jsonschema-generator\4.35.0\jsonschema-generator-4.35.0.jar, C:\Users\abhis\.m2\repository\com\github\victools\jsonschema-module-jackson\4.35.0\jsonschema-module-jackson-4.35.0.jar, C:\Users\abhis\.m2\repository\org\springframework\ai\spring-ai-retry\1.0.0-M5\spring-ai-retry-1.0.0-M5.jar, C:\Users\abhis\.m2\repository\org\springframework\retry\spring-retry\2.0.11\spring-retry-2.0.11.jar, C:\Users\abhis\.m2\repository\org\springframework\spring-webflux\6.2.2\spring-webflux-6.2.2.jar]
[DEBUG]   (f) useIncrementalCompilation = true
[DEBUG]   (f) useModulePath = true
[DEBUG]   (f) verbose = false
[DEBUG] -- end configuration --
[DEBUG] Using compiler 'javac'.
[DEBUG] Adding C:\SpringBoot Projects\saas\target\generated-test-sources\test-annotations to test-compile source roots:
  C:\SpringBoot Projects\saas\src\test\java
[DEBUG] New test-compile source roots:
  C:\SpringBoot Projects\saas\src\test\java
  C:\SpringBoot Projects\saas\target\generated-test-sources\test-annotations
[DEBUG] CompilerReuseStrategy: reuseCreated
[DEBUG] useIncrementalCompilation enabled
[INFO] Nothing to compile - all classes are up to date.
[INFO] 
[INFO] --- surefire:3.5.2:test (default-test) @ saas ---
[DEBUG] Dependency collection stats {ConflictMarker.analyzeTime=50700, ConflictMarker.markTime=17100, ConflictMarker.nodeCount=25, ConflictIdSorter.graphTime=18000, ConflictIdSorter.topsortTime=15300, ConflictIdSorter.conflictIdCount=15, ConflictIdSorter.conflictIdCycleCount=0, ConflictResolver.totalTime=132600, ConflictResolver.conflictItemCount=25, DfDependencyCollector.collectTime=28821600, DfDependencyCollector.transformTime=252500}
[DEBUG] org.apache.maven.plugins:maven-surefire-plugin:jar:3.5.2
[DEBUG]    org.apache.maven.surefire:surefire-api:jar:3.5.2:compile
[DEBUG]       org.apache.maven.surefire:surefire-logger-api:jar:3.5.2:compile
[DEBUG]       org.apache.maven.surefire:surefire-shared-utils:jar:3.5.2:compile
[DEBUG]    org.apache.maven.surefire:surefire-extensions-api:jar:3.5.2:compile
[DEBUG]    org.apache.maven.surefire:maven-surefire-common:jar:3.5.2:compile
[DEBUG]       org.apache.maven.surefire:surefire-booter:jar:3.5.2:compile
[DEBUG]          org.apache.maven.surefire:surefire-extensions-spi:jar:3.5.2:compile
[DEBUG]       org.apache.maven.resolver:maven-resolver-util:jar:1.4.1:compile
[DEBUG]          org.apache.maven.resolver:maven-resolver-api:jar:1.4.1:compile
[DEBUG]       org.apache.maven.shared:maven-common-artifact-filters:jar:3.4.0:compile (version managed from default)
[DEBUG]          org.slf4j:slf4j-api:jar:1.7.36:compile
[DEBUG]       org.codehaus.plexus:plexus-java:jar:1.3.0:compile (version managed from default)
[DEBUG]          org.ow2.asm:asm:jar:9.7:compile
[DEBUG]          com.thoughtworks.qdox:qdox:jar:2.1.0:compile
[DEBUG] Created new class realm plugin>org.apache.maven.plugins:maven-surefire-plugin:3.5.2
[DEBUG] Importing foreign packages into class realm plugin>org.apache.maven.plugins:maven-surefire-plugin:3.5.2
[DEBUG]   Imported:  < maven.api
[DEBUG] Populating class realm plugin>org.apache.maven.plugins:maven-surefire-plugin:3.5.2
[DEBUG]   Included: org.apache.maven.plugins:maven-surefire-plugin:jar:3.5.2
[DEBUG]   Included: org.apache.maven.surefire:surefire-api:jar:3.5.2
[DEBUG]   Included: org.apache.maven.surefire:surefire-logger-api:jar:3.5.2
[DEBUG]   Included: org.apache.maven.surefire:surefire-shared-utils:jar:3.5.2
[DEBUG]   Included: org.apache.maven.surefire:surefire-extensions-api:jar:3.5.2
[DEBUG]   Included: org.apache.maven.surefire:maven-surefire-common:jar:3.5.2
[DEBUG]   Included: org.apache.maven.surefire:surefire-booter:jar:3.5.2
[DEBUG]   Included: org.apache.maven.surefire:surefire-extensions-spi:jar:3.5.2
[DEBUG]   Included: org.apache.maven.shared:maven-common-artifact-filters:jar:3.4.0
[DEBUG]   Included: org.codehaus.plexus:plexus-java:jar:1.3.0
[DEBUG]   Included: org.ow2.asm:asm:jar:9.7
[DEBUG]   Included: com.thoughtworks.qdox:qdox:jar:2.1.0
[DEBUG] Loading mojo org.apache.maven.plugins:maven-surefire-plugin:3.5.2:test from plugin realm ClassRealm[plugin>org.apache.maven.plugins:maven-surefire-plugin:3.5.2, parent: jdk.internal.loader.ClassLoaders$AppClassLoader@33909752]
[DEBUG] Configuring mojo execution 'org.apache.maven.plugins:maven-surefire-plugin:3.5.2:test:default-test' with basic configurator -->
[DEBUG]   (f) additionalClasspathDependencies = []
[DEBUG]   (s) additionalClasspathElements = []
[DEBUG]   (s) basedir = C:\SpringBoot Projects\saas
[DEBUG]   (s) childDelegation = false
[DEBUG]   (f) classesDirectory = C:\SpringBoot Projects\saas\target\classes
[DEBUG]   (s) classpathDependencyExcludes = []
[DEBUG]   (s) dependenciesToScan = []
[DEBUG]   (s) disableXmlReport = false
[DEBUG]   (s) enableAssertions = true
[DEBUG]   (s) enableOutErrElements = true
[DEBUG]   (s) enablePropertiesElement = true
[DEBUG]   (s) encoding = UTF-8
[DEBUG]   (s) excludeJUnit5Engines = []
[DEBUG]   (f) excludedEnvironmentVariables = []
[DEBUG]   (s) excludes = []
[DEBUG]   (s) failIfNoSpecifiedTests = true
[DEBUG]   (s) failIfNoTests = false
[DEBUG]   (s) failOnFlakeCount = 0
[DEBUG]   (f) forkCount = 1
[DEBUG]   (s) forkedProcessExitTimeoutInSeconds = 30
[DEBUG]   (s) includeJUnit5Engines = []
[DEBUG]   (s) includes = []
[DEBUG]   (s) junitArtifactName = junit:junit
[DEBUG]   (f) parallelMavenExecution = false
[DEBUG]   (s) parallelOptimized = true
[DEBUG]   (s) perCoreThreadCount = true
[DEBUG]   (s) pluginArtifactMap = {org.apache.maven.plugins:maven-surefire-plugin=org.apache.maven.plugins:maven-surefire-plugin:maven-plugin:3.5.2:, org.apache.maven.surefire:surefire-api=org.apache.maven.surefire:surefire-api:jar:3.5.2:compile, org.apache.maven.surefire:surefire-logger-api=org.apache.maven.surefire:surefire-logger-api:jar:3.5.2:compile, org.apache.maven.surefire:surefire-shared-utils=org.apache.maven.surefire:surefire-shared-utils:jar:3.5.2:compile, org.apache.maven.surefire:surefire-extensions-api=org.apache.maven.surefire:surefire-extensions-api:jar:3.5.2:compile, org.apache.maven.surefire:maven-surefire-common=org.apache.maven.surefire:maven-surefire-common:jar:3.5.2:compile, org.apache.maven.surefire:surefire-booter=org.apache.maven.surefire:surefire-booter:jar:3.5.2:compile, org.apache.maven.surefire:surefire-extensions-spi=org.apache.maven.surefire:surefire-extensions-spi:jar:3.5.2:compile, org.apache.maven.resolver:maven-resolver-util=org.apache.maven.resolver:maven-resolver-util:jar:1.4.1:compile, org.apache.maven.resolver:maven-resolver-api=org.apache.maven.resolver:maven-resolver-api:jar:1.4.1:compile, org.apache.maven.shared:maven-common-artifact-filters=org.apache.maven.shared:maven-common-artifact-filters:jar:3.4.0:compile, org.slf4j:slf4j-api=org.slf4j:slf4j-api:jar:1.7.36:compile, org.codehaus.plexus:plexus-java=org.codehaus.plexus:plexus-java:jar:1.3.0:compile, org.ow2.asm:asm=org.ow2.asm:asm:jar:9.7:compile, com.thoughtworks.qdox:qdox=com.thoughtworks.qdox:qdox:jar:2.1.0:compile}
[DEBUG]   (f) pluginDescriptor = Component Descriptor: role: 'org.apache.maven.plugin.Mojo', implementation: 'org.apache.maven.plugins.maven_surefire_plugin.HelpMojo', role hint: 'org.apache.maven.plugins:maven-surefire-plugin:3.5.2:help'
role: 'org.apache.maven.plugin.Mojo', implementation: 'org.apache.maven.plugin.surefire.SurefireMojo', role hint: 'org.apache.maven.plugins:maven-surefire-plugin:3.5.2:test'
---
[DEBUG]   (s) printSummary = true
[DEBUG]   (s) project = MavenProject: com.jobhunt:saas:0.0.1-SNAPSHOT @ C:\SpringBoot Projects\saas\pom.xml
[DEBUG]   (s) projectArtifactMap = {org.springframework.boot:spring-boot-starter-web=org.springframework.boot:spring-boot-starter-web:jar:3.4.2:compile, org.springframework.boot:spring-boot-starter=org.springframework.boot:spring-boot-starter:jar:3.4.2:compile, org.springframework.boot:spring-boot=org.springframework.boot:spring-boot:jar:3.4.2:compile, org.springframework.boot:spring-boot-autoconfigure=org.springframework.boot:spring-boot-autoconfigure:jar:3.4.2:compile, org.springframework.boot:spring-boot-starter-logging=org.springframework.boot:spring-boot-starter-logging:jar:3.4.2:compile, ch.qos.logback:logback-classic=ch.qos.logback:logback-classic:jar:1.5.25:compile, ch.qos.logback:logback-core=ch.qos.logback:logback-core:jar:1.5.25:compile, org.apache.logging.log4j:log4j-to-slf4j=org.apache.logging.log4j:log4j-to-slf4j:jar:2.24.3:compile, org.apache.logging.log4j:log4j-api=org.apache.logging.log4j:log4j-api:jar:2.24.3:compile, org.slf4j:jul-to-slf4j=org.slf4j:jul-to-slf4j:jar:2.0.16:compile, jakarta.annotation:jakarta.annotation-api=jakarta.annotation:jakarta.annotation-api:jar:2.1.1:compile, org.yaml:snakeyaml=org.yaml:snakeyaml:jar:2.3:compile, org.springframework.boot:spring-boot-starter-json=org.springframework.boot:spring-boot-starter-json:jar:3.4.2:compile, com.fasterxml.jackson.datatype:jackson-datatype-jdk8=com.fasterxml.jackson.datatype:jackson-datatype-jdk8:jar:2.18.2:compile, com.fasterxml.jackson.datatype:jackson-datatype-jsr310=com.fasterxml.jackson.datatype:jackson-datatype-jsr310:jar:2.18.2:compile, com.fasterxml.jackson.module:jackson-module-parameter-names=com.fasterxml.jackson.module:jackson-module-parameter-names:jar:2.18.2:compile, org.springframework.boot:spring-boot-starter-tomcat=org.springframework.boot:spring-boot-starter-tomcat:jar:3.4.2:compile, org.apache.tomcat.embed:tomcat-embed-core=org.apache.tomcat.embed:tomcat-embed-core:jar:10.1.34:compile, org.apache.tomcat.embed:tomcat-embed-websocket=org.apache.tomcat.embed:tomcat-embed-websocket:jar:10.1.34:compile, org.springframework:spring-web=org.springframework:spring-web:jar:6.2.2:compile, org.springframework:spring-beans=org.springframework:spring-beans:jar:6.2.2:compile, io.micrometer:micrometer-observation=io.micrometer:micrometer-observation:jar:1.14.3:compile, io.micrometer:micrometer-commons=io.micrometer:micrometer-commons:jar:1.14.3:compile, org.springframework:spring-webmvc=org.springframework:spring-webmvc:jar:6.2.2:compile, org.springframework:spring-context=org.springframework:spring-context:jar:6.2.2:compile, org.springframework:spring-expression=org.springframework:spring-expression:jar:6.2.2:compile, org.springframework.boot:spring-boot-starter-test=org.springframework.boot:spring-boot-starter-test:jar:3.4.2:test, org.springframework.boot:spring-boot-test=org.springframework.boot:spring-boot-test:jar:3.4.2:test, org.springframework.boot:spring-boot-test-autoconfigure=org.springframework.boot:spring-boot-test-autoconfigure:jar:3.4.2:test, com.jayway.jsonpath:json-path=com.jayway.jsonpath:json-path:jar:2.9.0:test, org.slf4j:slf4j-api=org.slf4j:slf4j-api:jar:2.0.16:compile, jakarta.xml.bind:jakarta.xml.bind-api=jakarta.xml.bind:jakarta.xml.bind-api:jar:4.0.2:runtime, jakarta.activation:jakarta.activation-api=jakarta.activation:jakarta.activation-api:jar:2.1.3:compile, net.minidev:json-smart=net.minidev:json-smart:jar:2.5.1:test, net.minidev:accessors-smart=net.minidev:accessors-smart:jar:2.5.1:test, org.ow2.asm:asm=org.ow2.asm:asm:jar:9.6:test, org.assertj:assertj-core=org.assertj:assertj-core:jar:3.26.3:test, net.bytebuddy:byte-buddy=net.bytebuddy:byte-buddy:jar:1.15.11:runtime, org.awaitility:awaitility=org.awaitility:awaitility:jar:4.2.2:test, org.hamcrest:hamcrest=org.hamcrest:hamcrest:jar:2.2:test, org.junit.jupiter:junit-jupiter=org.junit.jupiter:junit-jupiter:jar:5.11.4:test, org.junit.jupiter:junit-jupiter-api=org.junit.jupiter:junit-jupiter-api:jar:5.11.4:test, org.opentest4j:opentest4j=org.opentest4j:opentest4j:jar:1.3.0:test, org.junit.platform:junit-platform-commons=org.junit.platform:junit-platform-commons:jar:1.11.4:test, org.apiguardian:apiguardian-api=org.apiguardian:apiguardian-api:jar:1.1.2:test, org.junit.jupiter:junit-jupiter-params=org.junit.jupiter:junit-jupiter-params:jar:5.11.4:test, org.junit.jupiter:junit-jupiter-engine=org.junit.jupiter:junit-jupiter-engine:jar:5.11.4:test, org.junit.platform:junit-platform-engine=org.junit.platform:junit-platform-engine:jar:1.11.4:test, org.mockito:mockito-core=org.mockito:mockito-core:jar:5.14.2:test, net.bytebuddy:byte-buddy-agent=net.bytebuddy:byte-buddy-agent:jar:1.15.11:test, org.objenesis:objenesis=org.objenesis:objenesis:jar:3.3:test, org.mockito:mockito-junit-jupiter=org.mockito:mockito-junit-jupiter:jar:5.14.2:test, org.skyscreamer:jsonassert=org.skyscreamer:jsonassert:jar:1.5.3:test, com.vaadin.external.google:android-json=com.vaadin.external.google:android-json:jar:0.0.20131108.vaadin1:test, org.springframework:spring-core=org.springframework:spring-core:jar:6.2.2:compile, org.springframework:spring-jcl=org.springframework:spring-jcl:jar:6.2.2:compile, org.springframework:spring-test=org.springframework:spring-test:jar:6.2.2:test, org.xmlunit:xmlunit-core=org.xmlunit:xmlunit-core:jar:2.10.0:test, org.springframework.security:spring-security-test=org.springframework.security:spring-security-test:jar:6.4.2:test, org.springframework.security:spring-security-core=org.springframework.security:spring-security-core:jar:6.4.2:compile, org.springframework.security:spring-security-crypto=org.springframework.security:spring-security-crypto:jar:6.4.2:compile, org.springframework.security:spring-security-web=org.springframework.security:spring-security-web:jar:6.4.2:compile, org.springframework.boot:spring-boot-starter-data-jpa=org.springframework.boot:spring-boot-starter-data-jpa:jar:3.4.2:compile, org.springframework.boot:spring-boot-starter-jdbc=org.springframework.boot:spring-boot-starter-jdbc:jar:3.4.2:compile, com.zaxxer:HikariCP=com.zaxxer:HikariCP:jar:5.1.0:compile, org.springframework:spring-jdbc=org.springframework:spring-jdbc:jar:6.2.2:compile, org.hibernate.orm:hibernate-core=org.hibernate.orm:hibernate-core:jar:6.6.5.Final:compile, jakarta.persistence:jakarta.persistence-api=jakarta.persistence:jakarta.persistence-api:jar:3.1.0:compile, jakarta.transaction:jakarta.transaction-api=jakarta.transaction:jakarta.transaction-api:jar:2.0.1:compile, org.jboss.logging:jboss-logging=org.jboss.logging:jboss-logging:jar:3.6.1.Final:compile, org.hibernate.common:hibernate-commons-annotations=org.hibernate.common:hibernate-commons-annotations:jar:7.0.3.Final:runtime, io.smallrye:jandex=io.smallrye:jandex:jar:3.2.0:runtime, com.fasterxml:classmate=com.fasterxml:classmate:jar:1.7.0:compile, org.glassfish.jaxb:jaxb-runtime=org.glassfish.jaxb:jaxb-runtime:jar:4.0.5:runtime, org.glassfish.jaxb:jaxb-core=org.glassfish.jaxb:jaxb-core:jar:4.0.5:runtime, org.glassfish.jaxb:txw2=org.glassfish.jaxb:txw2:jar:4.0.5:runtime, com.sun.istack:istack-commons-runtime=com.sun.istack:istack-commons-runtime:jar:4.1.2:runtime, jakarta.inject:jakarta.inject-api=jakarta.inject:jakarta.inject-api:jar:2.0.1:runtime, org.antlr:antlr4-runtime=org.antlr:antlr4-runtime:jar:4.13.0:compile, org.springframework.data:spring-data-jpa=org.springframework.data:spring-data-jpa:jar:3.4.2:compile, org.springframework.data:spring-data-commons=org.springframework.data:spring-data-commons:jar:3.4.2:compile, org.springframework:spring-orm=org.springframework:spring-orm:jar:6.2.2:compile, org.springframework:spring-tx=org.springframework:spring-tx:jar:6.2.2:compile, org.springframework:spring-aspects=org.springframework:spring-aspects:jar:6.2.2:compile, org.aspectj:aspectjweaver=org.aspectj:aspectjweaver:jar:1.9.22.1:compile, com.mysql:mysql-connector-j=com.mysql:mysql-connector-j:jar:9.1.0:runtime, org.springframework.boot:spring-boot-starter-validation=org.springframework.boot:spring-boot-starter-validation:jar:3.4.2:compile, org.apache.tomcat.embed:tomcat-embed-el=org.apache.tomcat.embed:tomcat-embed-el:jar:10.1.34:compile, org.hibernate.validator:hibernate-validator=org.hibernate.validator:hibernate-validator:jar:8.0.2.Final:compile, jakarta.validation:jakarta.validation-api=jakarta.validation:jakarta.validation-api:jar:3.0.2:compile, org.springframework.boot:spring-boot-starter-security=org.springframework.boot:spring-boot-starter-security:jar:3.4.2:compile, org.springframework:spring-aop=org.springframework:spring-aop:jar:6.2.2:compile, org.springframework.security:spring-security-config=org.springframework.security:spring-security-config:jar:6.4.2:compile, io.jsonwebtoken:jjwt-api=io.jsonwebtoken:jjwt-api:jar:0.11.5:compile, io.jsonwebtoken:jjwt-impl=io.jsonwebtoken:jjwt-impl:jar:0.11.5:runtime, io.jsonwebtoken:jjwt-jackson=io.jsonwebtoken:jjwt-jackson:jar:0.11.5:runtime, com.fasterxml.jackson.core:jackson-databind=com.fasterxml.jackson.core:jackson-databind:jar:2.18.2:compile, com.fasterxml.jackson.core:jackson-annotations=com.fasterxml.jackson.core:jackson-annotations:jar:2.18.2:compile, com.fasterxml.jackson.core:jackson-core=com.fasterxml.jackson.core:jackson-core:jar:2.18.2:compile, org.projectlombok:lombok=org.projectlombok:lombok:jar:1.18.36:provided, org.springframework.boot:spring-boot-starter-cache=org.springframework.boot:spring-boot-starter-cache:jar:3.4.2:compile, org.springframework:spring-context-support=org.springframework:spring-context-support:jar:6.2.2:compile, org.springframework.boot:spring-boot-starter-mail=org.springframework.boot:spring-boot-starter-mail:jar:3.4.2:compile, org.eclipse.angus:jakarta.mail=org.eclipse.angus:jakarta.mail:jar:2.0.3:compile, org.eclipse.angus:angus-activation=org.eclipse.angus:angus-activation:jar:2.0.2:runtime, com.h2database:h2=com.h2database:h2:jar:2.3.232:test, org.springframework.ai:spring-ai-vertex-ai-gemini-spring-boot-starter=org.springframework.ai:spring-ai-vertex-ai-gemini-spring-boot-starter:jar:1.0.0-M5:compile, org.springframework.ai:spring-ai-spring-boot-autoconfigure=org.springframework.ai:spring-ai-spring-boot-autoconfigure:jar:1.0.0-M5:compile, org.springframework.ai:spring-ai-vertex-ai-gemini=org.springframework.ai:spring-ai-vertex-ai-gemini:jar:1.0.0-M5:compile, com.google.cloud:google-cloud-vertexai=com.google.cloud:google-cloud-vertexai:jar:1.11.0:compile, io.grpc:grpc-api=io.grpc:grpc-api:jar:1.68.0:compile, com.google.code.findbugs:jsr305=com.google.code.findbugs:jsr305:jar:3.0.2:compile, com.google.errorprone:error_prone_annotations=com.google.errorprone:error_prone_annotations:jar:2.32.0:compile, io.grpc:grpc-stub=io.grpc:grpc-stub:jar:1.68.0:compile, io.grpc:grpc-protobuf=io.grpc:grpc-protobuf:jar:1.68.0:compile, io.grpc:grpc-protobuf-lite=io.grpc:grpc-protobuf-lite:jar:1.68.0:runtime, com.google.api:api-common=com.google.api:api-common:jar:2.37.1:compile, com.google.auto.value:auto-value-annotations=com.google.auto.value:auto-value-annotations:jar:1.11.0:compile, javax.annotation:javax.annotation-api=javax.annotation:javax.annotation-api:jar:1.3.2:compile, com.google.j2objc:j2objc-annotations=com.google.j2objc:j2objc-annotations:jar:3.0.0:compile, com.google.protobuf:protobuf-java=com.google.protobuf:protobuf-java:jar:3.25.5:compile, com.google.api.grpc:proto-google-common-protos=com.google.api.grpc:proto-google-common-protos:jar:2.45.1:compile, com.google.api.grpc:proto-google-cloud-vertexai-v1=com.google.api.grpc:proto-google-cloud-vertexai-v1:jar:1.11.0:compile, com.google.guava:guava=com.google.guava:guava:jar:33.3.1-jre:compile, com.google.guava:failureaccess=com.google.guava:failureaccess:jar:1.0.2:compile, com.google.guava:listenablefuture=com.google.guava:listenablefuture:jar:9999.0-empty-to-avoid-conflict-with-guava:compile, org.checkerframework:checker-qual=org.checkerframework:checker-qual:jar:3.47.0:compile, com.google.api:gax=com.google.api:gax:jar:2.54.1:compile, com.google.auth:google-auth-library-credentials=com.google.auth:google-auth-library-credentials:jar:1.27.0:compile, io.opencensus:opencensus-api=io.opencensus:opencensus-api:jar:0.31.1:compile, io.grpc:grpc-context=io.grpc:grpc-context:jar:1.68.0:compile, com.google.auth:google-auth-library-oauth2-http=com.google.auth:google-auth-library-oauth2-http:jar:1.27.0:compile, com.google.api:gax-grpc=com.google.api:gax-grpc:jar:2.54.1:compile, io.grpc:grpc-inprocess=io.grpc:grpc-inprocess:jar:1.68.0:compile, io.grpc:grpc-core=io.grpc:grpc-core:jar:1.68.0:compile, com.google.android:annotations=com.google.android:annotations:jar:4.1.1.4:runtime, org.codehaus.mojo:animal-sniffer-annotations=org.codehaus.mojo:animal-sniffer-annotations:jar:1.24:runtime, io.grpc:grpc-alts=io.grpc:grpc-alts:jar:1.68.0:compile, io.grpc:grpc-grpclb=io.grpc:grpc-grpclb:jar:1.68.0:compile, org.conscrypt:conscrypt-openjdk-uber=org.conscrypt:conscrypt-openjdk-uber:jar:2.5.2:compile, io.grpc:grpc-auth=io.grpc:grpc-auth:jar:1.68.0:compile, io.grpc:grpc-netty-shaded=io.grpc:grpc-netty-shaded:jar:1.68.0:compile, io.grpc:grpc-util=io.grpc:grpc-util:jar:1.68.0:runtime, io.perfmark:perfmark-api=io.perfmark:perfmark-api:jar:0.27.0:runtime, io.grpc:grpc-googleapis=io.grpc:grpc-googleapis:jar:1.68.0:runtime, io.grpc:grpc-xds=io.grpc:grpc-xds:jar:1.68.0:runtime, io.grpc:grpc-services=io.grpc:grpc-services:jar:1.68.0:runtime, com.google.re2j:re2j=com.google.re2j:re2j:jar:1.7:runtime, com.google.api:gax-httpjson=com.google.api:gax-httpjson:jar:2.54.1:compile, com.google.code.gson:gson=com.google.code.gson:gson:jar:2.11.0:compile, com.google.http-client:google-http-client=com.google.http-client:google-http-client:jar:1.45.0:compile, org.apache.httpcomponents:httpclient=org.apache.httpcomponents:httpclient:jar:4.5.14:compile, commons-codec:commons-codec=commons-codec:commons-codec:jar:1.17.2:compile, org.apache.httpcomponents:httpcore=org.apache.httpcomponents:httpcore:jar:4.4.16:compile, io.opencensus:opencensus-contrib-http-util=io.opencensus:opencensus-contrib-http-util:jar:0.31.1:compile, com.google.http-client:google-http-client-gson=com.google.http-client:google-http-client-gson:jar:1.45.0:compile, com.google.protobuf:protobuf-java-util=com.google.protobuf:protobuf-java-util:jar:3.25.5:compile, com.google.api.grpc:grpc-google-common-protos=com.google.api.grpc:grpc-google-common-protos:jar:2.45.1:compile, com.google.api.grpc:proto-google-iam-v1=com.google.api.grpc:proto-google-iam-v1:jar:1.40.1:compile, com.google.api.grpc:grpc-google-iam-v1=com.google.api.grpc:grpc-google-iam-v1:jar:1.40.1:compile, org.threeten:threetenbp=org.threeten:threetenbp:jar:1.7.0:compile, org.springframework.ai:spring-ai-core=org.springframework.ai:spring-ai-core:jar:1.0.0-M5:compile, com.fasterxml.jackson.module:jackson-module-jsonSchema=com.fasterxml.jackson.module:jackson-module-jsonSchema:jar:2.18.2:compile, javax.validation:validation-api=javax.validation:validation-api:jar:1.1.0.Final:compile, io.swagger.core.v3:swagger-annotations=io.swagger.core.v3:swagger-annotations:jar:2.2.20:compile, com.github.victools:jsonschema-module-swagger-2=com.github.victools:jsonschema-module-swagger-2:jar:4.35.0:compile, org.antlr:ST4=org.antlr:ST4:jar:4.3.4:compile, org.antlr:antlr-runtime=org.antlr:antlr-runtime:jar:3.5.3:compile, io.projectreactor:reactor-core=io.projectreactor:reactor-core:jar:3.7.2:compile, org.reactivestreams:reactive-streams=org.reactivestreams:reactive-streams:jar:1.0.4:compile, org.springframework:spring-messaging=org.springframework:spring-messaging:jar:6.2.2:compile, io.micrometer:micrometer-core=io.micrometer:micrometer-core:jar:1.14.3:compile, org.hdrhistogram:HdrHistogram=org.hdrhistogram:HdrHistogram:jar:2.2.2:runtime, org.latencyutils:LatencyUtils=org.latencyutils:LatencyUtils:jar:2.0.3:runtime, io.micrometer:context-propagation=io.micrometer:context-propagation:jar:1.1.2:compile, com.knuddels:jtokkit=com.knuddels:jtokkit:jar:1.1.0:compile, com.github.victools:jsonschema-generator=com.github.victools:jsonschema-generator:jar:4.35.0:compile, com.github.victools:jsonschema-module-jackson=com.github.victools:jsonschema-module-jackson:jar:4.35.0:compile, org.springframework.ai:spring-ai-retry=org.springframework.ai:spring-ai-retry:jar:1.0.0-M5:compile, org.springframework.retry:spring-retry=org.springframework.retry:spring-retry:jar:2.0.11:compile, org.springframework:spring-webflux=org.springframework:spring-webflux:jar:6.2.2:compile}
[DEBUG]   (s) projectBuildDirectory = C:\SpringBoot Projects\saas\target
[DEBUG]   (f) promoteUserPropertiesToSystemProperties = true
[DEBUG]   (s) redirectTestOutputToFile = false
[DEBUG]   (s) reportFormat = brief
[DEBUG]   (s) reportsDirectory = C:\SpringBoot Projects\saas\target\surefire-reports
[DEBUG]   (f) rerunFailingTestsCount = 0
[DEBUG]   (f) reuseForks = true
[DEBUG]   (s) runOrder = filesystem
[DEBUG]   (s) session = org.apache.maven.execution.MavenSession@7b81616b
[DEBUG]   (f) shutdown = exit
[DEBUG]   (s) skip = false
[DEBUG]   (f) skipAfterFailureCount = 0
[DEBUG]   (s) skipTests = false
[DEBUG]   (s) suiteXmlFiles = []
[DEBUG]   (s) tempDir = surefire
[DEBUG]   (s) test = SaasApplicationTests
[DEBUG]   (s) testClassesDirectory = C:\SpringBoot Projects\saas\target\test-classes
[DEBUG]   (s) testFailureIgnore = false
[DEBUG]   (s) testNGArtifactName = org.testng:testng
[DEBUG]   (s) testSourceDirectory = C:\SpringBoot Projects\saas\src\test\java
[DEBUG]   (s) threadCountClasses = 0
[DEBUG]   (s) threadCountMethods = 0
[DEBUG]   (s) threadCountSuites = 0
[DEBUG]   (s) trimStackTrace = false
[DEBUG]   (s) useFile = true
[DEBUG]   (s) useManifestOnlyJar = true
[DEBUG]   (f) useModulePath = true
[DEBUG]   (s) useSystemClassLoader = true
[DEBUG]   (s) useUnlimitedThreads = false
[DEBUG]   (s) workingDirectory = C:\SpringBoot Projects\saas
[DEBUG] -- end configuration --
[DEBUG] Using JVM: C:\Program Files\Java\jdk-21\bin\java with Java version 21.0
[DEBUG] Resolved included and excluded patterns: SaasApplicationTests
[DEBUG] Surefire report directory: C:\SpringBoot Projects\saas\target\surefire-reports
[INFO] Using auto detected provider org.apache.maven.surefire.junitplatform.JUnitPlatformProvider
[DEBUG] Using the provider org.apache.maven.surefire.junitplatform.JUnitPlatformProvider
[DEBUG] Setting system property [basedir]=[C:\SpringBoot Projects\saas]
[DEBUG] Setting system property [test]=[SaasApplicationTests]
[DEBUG] Setting system property [failIfNoTests]=[false]
[DEBUG] Setting system property [localRepository]=[C:\Users\abhis\.m2\repository]
[DEBUG] Dependency collection stats {ConflictMarker.analyzeTime=19000, ConflictMarker.markTime=12800, ConflictMarker.nodeCount=9, ConflictIdSorter.graphTime=12300, ConflictIdSorter.topsortTime=8100, ConflictIdSorter.conflictIdCount=5, ConflictIdSorter.conflictIdCycleCount=0, ConflictResolver.totalTime=77400, ConflictResolver.conflictItemCount=8, DfDependencyCollector.collectTime=2663900, DfDependencyCollector.transformTime=143900}
[DEBUG] Found implementation of fork node factory: org.apache.maven.plugin.surefire.extensions.LegacyForkNodeFactory
[DEBUG] Using fork starter with configuration implementation org.apache.maven.plugin.surefire.booterclient.JarManifestForkConfiguration
[DEBUG] Dependency collection stats {ConflictMarker.analyzeTime=18700, ConflictMarker.markTime=15000, ConflictMarker.nodeCount=17, ConflictIdSorter.graphTime=37500, ConflictIdSorter.topsortTime=10000, ConflictIdSorter.conflictIdCount=10, ConflictIdSorter.conflictIdCycleCount=0, ConflictResolver.totalTime=141400, ConflictResolver.conflictItemCount=16, DfDependencyCollector.collectTime=9855300, DfDependencyCollector.transformTime=241200}
[DEBUG] Resolving artifact org.junit.platform:junit-platform-launcher:1.11.4
[DEBUG] Dependency collection stats {ConflictMarker.analyzeTime=12900, ConflictMarker.markTime=12300, ConflictMarker.nodeCount=8, ConflictIdSorter.graphTime=4900, ConflictIdSorter.topsortTime=8500, ConflictIdSorter.conflictIdCount=5, ConflictIdSorter.conflictIdCycleCount=0, ConflictResolver.totalTime=80500, ConflictResolver.conflictItemCount=7, DfDependencyCollector.collectTime=1441100, DfDependencyCollector.transformTime=133800}
[DEBUG] Resolved artifact org.junit.platform:junit-platform-launcher:1.11.4 to [org.junit.platform:junit-platform-launcher:jar:1.11.4, org.junit.platform:junit-platform-engine:jar:1.11.4, org.opentest4j:opentest4j:jar:1.3.0, org.junit.platform:junit-platform-commons:jar:1.11.4, org.apiguardian:apiguardian-api:jar:1.1.2]
[DEBUG] test classpath:  C:\SpringBoot Projects\saas\target\test-classes  C:\SpringBoot Projects\saas\target\classes  C:\Users\abhis\.m2\repository\org\springframework\boot\spring-boot-starter-web\3.4.2\spring-boot-starter-web-3.4.2.jar  C:\Users\abhis\.m2\repository\org\springframework\boot\spring-boot-starter\3.4.2\spring-boot-starter-3.4.2.jar  C:\Users\abhis\.m2\repository\org\springframework\boot\spring-boot\3.4.2\spring-boot-3.4.2.jar  C:\Users\abhis\.m2\repository\org\springframework\boot\spring-boot-autoconfigure\3.4.2\spring-boot-autoconfigure-3.4.2.jar  C:\Users\abhis\.m2\repository\org\springframework\boot\spring-boot-starter-logging\3.4.2\spring-boot-starter-logging-3.4.2.jar  C:\Users\abhis\.m2\repository\ch\qos\logback\logback-classic\1.5.25\logback-classic-1.5.25.jar  C:\Users\abhis\.m2\repository\ch\qos\logback\logback-core\1.5.25\logback-core-1.5.25.jar  C:\Users\abhis\.m2\repository\org\apache\logging\log4j\log4j-to-slf4j\2.24.3\log4j-to-slf4j-2.24.3.jar  C:\Users\abhis\.m2\repository\org\apache\logging\log4j\log4j-api\2.24.3\log4j-api-2.24.3.jar  C:\Users\abhis\.m2\repository\org\slf4j\jul-to-slf4j\2.0.16\jul-to-slf4j-2.0.16.jar  C:\Users\abhis\.m2\repository\jakarta\annotation\jakarta.annotation-api\2.1.1\jakarta.annotation-api-2.1.1.jar  C:\Users\abhis\.m2\repository\org\yaml\snakeyaml\2.3\snakeyaml-2.3.jar  C:\Users\abhis\.m2\repository\org\springframework\boot\spring-boot-starter-json\3.4.2\spring-boot-starter-json-3.4.2.jar  C:\Users\abhis\.m2\repository\com\fasterxml\jackson\datatype\jackson-datatype-jdk8\2.18.2\jackson-datatype-jdk8-2.18.2.jar  C:\Users\abhis\.m2\repository\com\fasterxml\jackson\datatype\jackson-datatype-jsr310\2.18.2\jackson-datatype-jsr310-2.18.2.jar  C:\Users\abhis\.m2\repository\com\fasterxml\jackson\module\jackson-module-parameter-names\2.18.2\jackson-module-parameter-names-2.18.2.jar  C:\Users\abhis\.m2\repository\org\springframework\boot\spring-boot-starter-tomcat\3.4.2\spring-boot-starter-tomcat-3.4.2.jar  C:\Users\abhis\.m2\repository\org\apache\tomcat\embed\tomcat-embed-core\10.1.34\tomcat-embed-core-10.1.34.jar  C:\Users\abhis\.m2\repository\org\apache\tomcat\embed\tomcat-embed-websocket\10.1.34\tomcat-embed-websocket-10.1.34.jar  C:\Users\abhis\.m2\repository\org\springframework\spring-web\6.2.2\spring-web-6.2.2.jar  C:\Users\abhis\.m2\repository\org\springframework\spring-beans\6.2.2\spring-beans-6.2.2.jar  C:\Users\abhis\.m2\repository\io\micrometer\micrometer-observation\1.14.3\micrometer-observation-1.14.3.jar  C:\Users\abhis\.m2\repository\io\micrometer\micrometer-commons\1.14.3\micrometer-commons-1.14.3.jar  C:\Users\abhis\.m2\repository\org\springframework\spring-webmvc\6.2.2\spring-webmvc-6.2.2.jar  C:\Users\abhis\.m2\repository\org\springframework\spring-context\6.2.2\spring-context-6.2.2.jar  C:\Users\abhis\.m2\repository\org\springframework\spring-expression\6.2.2\spring-expression-6.2.2.jar  C:\Users\abhis\.m2\repository\org\springframework\boot\spring-boot-starter-test\3.4.2\spring-boot-starter-test-3.4.2.jar  C:\Users\abhis\.m2\repository\org\springframework\boot\spring-boot-test\3.4.2\spring-boot-test-3.4.2.jar  C:\Users\abhis\.m2\repository\org\springframework\boot\spring-boot-test-autoconfigure\3.4.2\spring-boot-test-autoconfigure-3.4.2.jar  C:\Users\abhis\.m2\repository\com\jayway\jsonpath\json-path\2.9.0\json-path-2.9.0.jar  C:\Users\abhis\.m2\repository\org\slf4j\slf4j-api\2.0.16\slf4j-api-2.0.16.jar  C:\Users\abhis\.m2\repository\jakarta\xml\bind\jakarta.xml.bind-api\4.0.2\jakarta.xml.bind-api-4.0.2.jar  C:\Users\abhis\.m2\repository\jakarta\activation\jakarta.activation-api\2.1.3\jakarta.activation-api-2.1.3.jar  C:\Users\abhis\.m2\repository\net\minidev\json-smart\2.5.1\json-smart-2.5.1.jar  C:\Users\abhis\.m2\repository\net\minidev\accessors-smart\2.5.1\accessors-smart-2.5.1.jar  C:\Users\abhis\.m2\repository\org\ow2\asm\asm\9.6\asm-9.6.jar  C:\Users\abhis\.m2\repository\org\assertj\assertj-core\3.26.3\assertj-core-3.26.3.jar  C:\Users\abhis\.m2\repository\net\bytebuddy\byte-buddy\1.15.11\byte-buddy-1.15.11.jar  C:\Users\abhis\.m2\repository\org\awaitility\awaitility\4.2.2\awaitility-4.2.2.jar  C:\Users\abhis\.m2\repository\org\hamcrest\hamcrest\2.2\hamcrest-2.2.jar  C:\Users\abhis\.m2\repository\org\junit\jupiter\junit-jupiter\5.11.4\junit-jupiter-5.11.4.jar  C:\Users\abhis\.m2\repository\org\junit\jupiter\junit-jupiter-api\5.11.4\junit-jupiter-api-5.11.4.jar  C:\Users\abhis\.m2\repository\org\opentest4j\opentest4j\1.3.0\opentest4j-1.3.0.jar  C:\Users\abhis\.m2\repository\org\junit\platform\junit-platform-commons\1.11.4\junit-platform-commons-1.11.4.jar  C:\Users\abhis\.m2\repository\org\apiguardian\apiguardian-api\1.1.2\apiguardian-api-1.1.2.jar  C:\Users\abhis\.m2\repository\org\junit\jupiter\junit-jupiter-params\5.11.4\junit-jupiter-params-5.11.4.jar  C:\Users\abhis\.m2\repository\org\junit\jupiter\junit-jupiter-engine\5.11.4\junit-jupiter-engine-5.11.4.jar  C:\Users\abhis\.m2\repository\org\junit\platform\junit-platform-engine\1.11.4\junit-platform-engine-1.11.4.jar  C:\Users\abhis\.m2\repository\org\mockito\mockito-core\5.14.2\mockito-core-5.14.2.jar  C:\Users\abhis\.m2\repository\net\bytebuddy\byte-buddy-agent\1.15.11\byte-buddy-agent-1.15.11.jar  C:\Users\abhis\.m2\repository\org\objenesis\objenesis\3.3\objenesis-3.3.jar  C:\Users\abhis\.m2\repository\org\mockito\mockito-junit-jupiter\5.14.2\mockito-junit-jupiter-5.14.2.jar  C:\Users\abhis\.m2\repository\org\skyscreamer\jsonassert\1.5.3\jsonassert-1.5.3.jar  C:\Users\abhis\.m2\repository\com\vaadin\external\google\android-json\0.0.20131108.vaadin1\android-json-0.0.20131108.vaadin1.jar  C:\Users\abhis\.m2\repository\org\springframework\spring-core\6.2.2\spring-core-6.2.2.jar  C:\Users\abhis\.m2\repository\org\springframework\spring-jcl\6.2.2\spring-jcl-6.2.2.jar  C:\Users\abhis\.m2\repository\org\springframework\spring-test\6.2.2\spring-test-6.2.2.jar  C:\Users\abhis\.m2\repository\org\xmlunit\xmlunit-core\2.10.0\xmlunit-core-2.10.0.jar  C:\Users\abhis\.m2\repository\org\springframework\security\spring-security-test\6.4.2\spring-security-test-6.4.2.jar  C:\Users\abhis\.m2\repository\org\springframework\security\spring-security-core\6.4.2\spring-security-core-6.4.2.jar  C:\Users\abhis\.m2\repository\org\springframework\security\spring-security-crypto\6.4.2\spring-security-crypto-6.4.2.jar  C:\Users\abhis\.m2\repository\org\springframework\security\spring-security-web\6.4.2\spring-security-web-6.4.2.jar  C:\Users\abhis\.m2\repository\org\springframework\boot\spring-boot-starter-data-jpa\3.4.2\spring-boot-starter-data-jpa-3.4.2.jar  C:\Users\abhis\.m2\repository\org\springframework\boot\spring-boot-starter-jdbc\3.4.2\spring-boot-starter-jdbc-3.4.2.jar  C:\Users\abhis\.m2\repository\com\zaxxer\HikariCP\5.1.0\HikariCP-5.1.0.jar  C:\Users\abhis\.m2\repository\org\springframework\spring-jdbc\6.2.2\spring-jdbc-6.2.2.jar  C:\Users\abhis\.m2\repository\org\hibernate\orm\hibernate-core\6.6.5.Final\hibernate-core-6.6.5.Final.jar  C:\Users\abhis\.m2\repository\jakarta\persistence\jakarta.persistence-api\3.1.0\jakarta.persistence-api-3.1.0.jar  C:\Users\abhis\.m2\repository\jakarta\transaction\jakarta.transaction-api\2.0.1\jakarta.transaction-api-2.0.1.jar  C:\Users\abhis\.m2\repository\org\jboss\logging\jboss-logging\3.6.1.Final\jboss-logging-3.6.1.Final.jar  C:\Users\abhis\.m2\repository\org\hibernate\common\hibernate-commons-annotations\7.0.3.Final\hibernate-commons-annotations-7.0.3.Final.jar  C:\Users\abhis\.m2\repository\io\smallrye\jandex\3.2.0\jandex-3.2.0.jar  C:\Users\abhis\.m2\repository\com\fasterxml\classmate\1.7.0\classmate-1.7.0.jar  C:\Users\abhis\.m2\repository\org\glassfish\jaxb\jaxb-runtime\4.0.5\jaxb-runtime-4.0.5.jar  C:\Users\abhis\.m2\repository\org\glassfish\jaxb\jaxb-core\4.0.5\jaxb-core-4.0.5.jar  C:\Users\abhis\.m2\repository\org\glassfish\jaxb\txw2\4.0.5\txw2-4.0.5.jar  C:\Users\abhis\.m2\repository\com\sun\istack\istack-commons-runtime\4.1.2\istack-commons-runtime-4.1.2.jar  C:\Users\abhis\.m2\repository\jakarta\inject\jakarta.inject-api\2.0.1\jakarta.inject-api-2.0.1.jar  C:\Users\abhis\.m2\repository\org\antlr\antlr4-runtime\4.13.0\antlr4-runtime-4.13.0.jar  C:\Users\abhis\.m2\repository\org\springframework\data\spring-data-jpa\3.4.2\spring-data-jpa-3.4.2.jar  C:\Users\abhis\.m2\repository\org\springframework\data\spring-data-commons\3.4.2\spring-data-commons-3.4.2.jar  C:\Users\abhis\.m2\repository\org\springframework\spring-orm\6.2.2\spring-orm-6.2.2.jar  C:\Users\abhis\.m2\repository\org\springframework\spring-tx\6.2.2\spring-tx-6.2.2.jar  C:\Users\abhis\.m2\repository\org\springframework\spring-aspects\6.2.2\spring-aspects-6.2.2.jar  C:\Users\abhis\.m2\repository\org\aspectj\aspectjweaver\1.9.22.1\aspectjweaver-1.9.22.1.jar  C:\Users\abhis\.m2\repository\com\mysql\mysql-connector-j\9.1.0\mysql-connector-j-9.1.0.jar  C:\Users\abhis\.m2\repository\org\springframework\boot\spring-boot-starter-validation\3.4.2\spring-boot-starter-validation-3.4.2.jar  C:\Users\abhis\.m2\repository\org\apache\tomcat\embed\tomcat-embed-el\10.1.34\tomcat-embed-el-10.1.34.jar  C:\Users\abhis\.m2\repository\org\hibernate\validator\hibernate-validator\8.0.2.Final\hibernate-validator-8.0.2.Final.jar  C:\Users\abhis\.m2\repository\jakarta\validation\jakarta.validation-api\3.0.2\jakarta.validation-api-3.0.2.jar  C:\Users\abhis\.m2\repository\org\springframework\boot\spring-boot-starter-security\3.4.2\spring-boot-starter-security-3.4.2.jar  C:\Users\abhis\.m2\repository\org\springframework\spring-aop\6.2.2\spring-aop-6.2.2.jar  C:\Users\abhis\.m2\repository\org\springframework\security\spring-security-config\6.4.2\spring-security-config-6.4.2.jar  C:\Users\abhis\.m2\repository\io\jsonwebtoken\jjwt-api\0.11.5\jjwt-api-0.11.5.jar  C:\Users\abhis\.m2\repository\io\jsonwebtoken\jjwt-impl\0.11.5\jjwt-impl-0.11.5.jar  C:\Users\abhis\.m2\repository\io\jsonwebtoken\jjwt-jackson\0.11.5\jjwt-jackson-0.11.5.jar  C:\Users\abhis\.m2\repository\com\fasterxml\jackson\core\jackson-databind\2.18.2\jackson-databind-2.18.2.jar  C:\Users\abhis\.m2\repository\com\fasterxml\jackson\core\jackson-annotations\2.18.2\jackson-annotations-2.18.2.jar  C:\Users\abhis\.m2\repository\com\fasterxml\jackson\core\jackson-core\2.18.2\jackson-core-2.18.2.jar  C:\Users\abhis\.m2\repository\org\projectlombok\lombok\1.18.36\lombok-1.18.36.jar  C:\Users\abhis\.m2\repository\org\springframework\boot\spring-boot-starter-cache\3.4.2\spring-boot-starter-cache-3.4.2.jar  C:\Users\abhis\.m2\repository\org\springframework\spring-context-support\6.2.2\spring-context-support-6.2.2.jar  C:\Users\abhis\.m2\repository\org\springframework\boot\spring-boot-starter-mail\3.4.2\spring-boot-starter-mail-3.4.2.jar  C:\Users\abhis\.m2\repository\org\eclipse\angus\jakarta.mail\2.0.3\jakarta.mail-2.0.3.jar  C:\Users\abhis\.m2\repository\org\eclipse\angus\angus-activation\2.0.2\angus-activation-2.0.2.jar  C:\Users\abhis\.m2\repository\com\h2database\h2\2.3.232\h2-2.3.232.jar  C:\Users\abhis\.m2\repository\org\springframework\ai\spring-ai-vertex-ai-gemini-spring-boot-starter\1.0.0-M5\spring-ai-vertex-ai-gemini-spring-boot-starter-1.0.0-M5.jar  C:\Users\abhis\.m2\repository\org\springframework\ai\spring-ai-spring-boot-autoconfigure\1.0.0-M5\spring-ai-spring-boot-autoconfigure-1.0.0-M5.jar  C:\Users\abhis\.m2\repository\org\springframework\ai\spring-ai-vertex-ai-gemini\1.0.0-M5\spring-ai-vertex-ai-gemini-1.0.0-M5.jar  C:\Users\abhis\.m2\repository\com\google\cloud\google-cloud-vertexai\1.11.0\google-cloud-vertexai-1.11.0.jar  C:\Users\abhis\.m2\repository\io\grpc\grpc-api\1.68.0\grpc-api-1.68.0.jar  C:\Users\abhis\.m2\repository\com\google\code\findbugs\jsr305\3.0.2\jsr305-3.0.2.jar  C:\Users\abhis\.m2\repository\com\google\errorprone\error_prone_annotations\2.32.0\error_prone_annotations-2.32.0.jar  C:\Users\abhis\.m2\repository\io\grpc\grpc-stub\1.68.0\grpc-stub-1.68.0.jar  C:\Users\abhis\.m2\repository\io\grpc\grpc-protobuf\1.68.0\grpc-protobuf-1.68.0.jar  C:\Users\abhis\.m2\repository\io\grpc\grpc-protobuf-lite\1.68.0\grpc-protobuf-lite-1.68.0.jar  C:\Users\abhis\.m2\repository\com\google\api\api-common\2.37.1\api-common-2.37.1.jar  C:\Users\abhis\.m2\repository\com\google\auto\value\auto-value-annotations\1.11.0\auto-value-annotations-1.11.0.jar  C:\Users\abhis\.m2\repository\javax\annotation\javax.annotation-api\1.3.2\javax.annotation-api-1.3.2.jar  C:\Users\abhis\.m2\repository\com\google\j2objc\j2objc-annotations\3.0.0\j2objc-annotations-3.0.0.jar  C:\Users\abhis\.m2\repository\com\google\protobuf\protobuf-java\3.25.5\protobuf-java-3.25.5.jar  C:\Users\abhis\.m2\repository\com\google\api\grpc\proto-google-common-protos\2.45.1\proto-google-common-protos-2.45.1.jar  C:\Users\abhis\.m2\repository\com\google\api\grpc\proto-google-cloud-vertexai-v1\1.11.0\proto-google-cloud-vertexai-v1-1.11.0.jar  C:\Users\abhis\.m2\repository\com\google\guava\guava\33.3.1-jre\guava-33.3.1-jre.jar  C:\Users\abhis\.m2\repository\com\google\guava\failureaccess\1.0.2\failureaccess-1.0.2.jar  C:\Users\abhis\.m2\repository\com\google\guava\listenablefuture\9999.0-empty-to-avoid-conflict-with-guava\listenablefuture-9999.0-empty-to-avoid-conflict-with-guava.jar  C:\Users\abhis\.m2\repository\org\checkerframework\checker-qual\3.47.0\checker-qual-3.47.0.jar  C:\Users\abhis\.m2\repository\com\google\api\gax\2.54.1\gax-2.54.1.jar  C:\Users\abhis\.m2\repository\com\google\auth\google-auth-library-credentials\1.27.0\google-auth-library-credentials-1.27.0.jar  C:\Users\abhis\.m2\repository\io\opencensus\opencensus-api\0.31.1\opencensus-api-0.31.1.jar  C:\Users\abhis\.m2\repository\io\grpc\grpc-context\1.68.0\grpc-context-1.68.0.jar  C:\Users\abhis\.m2\repository\com\google\auth\google-auth-library-oauth2-http\1.27.0\google-auth-library-oauth2-http-1.27.0.jar  C:\Users\abhis\.m2\repository\com\google\api\gax-grpc\2.54.1\gax-grpc-2.54.1.jar  C:\Users\abhis\.m2\repository\io\grpc\grpc-inprocess\1.68.0\grpc-inprocess-1.68.0.jar  C:\Users\abhis\.m2\repository\io\grpc\grpc-core\1.68.0\grpc-core-1.68.0.jar  C:\Users\abhis\.m2\repository\com\google\android\annotations\4.1.1.4\annotations-4.1.1.4.jar  C:\Users\abhis\.m2\repository\org\codehaus\mojo\animal-sniffer-annotations\1.24\animal-sniffer-annotations-1.24.jar  C:\Users\abhis\.m2\repository\io\grpc\grpc-alts\1.68.0\grpc-alts-1.68.0.jar  C:\Users\abhis\.m2\repository\io\grpc\grpc-grpclb\1.68.0\grpc-grpclb-1.68.0.jar  C:\Users\abhis\.m2\repository\org\conscrypt\conscrypt-openjdk-uber\2.5.2\conscrypt-openjdk-uber-2.5.2.jar  C:\Users\abhis\.m2\repository\io\grpc\grpc-auth\1.68.0\grpc-auth-1.68.0.jar  C:\Users\abhis\.m2\repository\io\grpc\grpc-netty-shaded\1.68.0\grpc-netty-shaded-1.68.0.jar  C:\Users\abhis\.m2\repository\io\grpc\grpc-util\1.68.0\grpc-util-1.68.0.jar  C:\Users\abhis\.m2\repository\io\perfmark\perfmark-api\0.27.0\perfmark-api-0.27.0.jar  C:\Users\abhis\.m2\repository\io\grpc\grpc-googleapis\1.68.0\grpc-googleapis-1.68.0.jar  C:\Users\abhis\.m2\repository\io\grpc\grpc-xds\1.68.0\grpc-xds-1.68.0.jar  C:\Users\abhis\.m2\repository\io\grpc\grpc-services\1.68.0\grpc-services-1.68.0.jar  C:\Users\abhis\.m2\repository\com\google\re2j\re2j\1.7\re2j-1.7.jar  C:\Users\abhis\.m2\repository\com\google\api\gax-httpjson\2.54.1\gax-httpjson-2.54.1.jar  C:\Users\abhis\.m2\repository\com\google\code\gson\gson\2.11.0\gson-2.11.0.jar  C:\Users\abhis\.m2\repository\com\google\http-client\google-http-client\1.45.0\google-http-client-1.45.0.jar  C:\Users\abhis\.m2\repository\org\apache\httpcomponents\httpclient\4.5.14\httpclient-4.5.14.jar  C:\Users\abhis\.m2\repository\commons-codec\commons-codec\1.17.2\commons-codec-1.17.2.jar  C:\Users\abhis\.m2\repository\org\apache\httpcomponents\httpcore\4.4.16\httpcore-4.4.16.jar  C:\Users\abhis\.m2\repository\io\opencensus\opencensus-contrib-http-util\0.31.1\opencensus-contrib-http-util-0.31.1.jar  C:\Users\abhis\.m2\repository\com\google\http-client\google-http-client-gson\1.45.0\google-http-client-gson-1.45.0.jar  C:\Users\abhis\.m2\repository\com\google\protobuf\protobuf-java-util\3.25.5\protobuf-java-util-3.25.5.jar  C:\Users\abhis\.m2\repository\com\google\api\grpc\grpc-google-common-protos\2.45.1\grpc-google-common-protos-2.45.1.jar  C:\Users\abhis\.m2\repository\com\google\api\grpc\proto-google-iam-v1\1.40.1\proto-google-iam-v1-1.40.1.jar  C:\Users\abhis\.m2\repository\com\google\api\grpc\grpc-google-iam-v1\1.40.1\grpc-google-iam-v1-1.40.1.jar  C:\Users\abhis\.m2\repository\org\threeten\threetenbp\1.7.0\threetenbp-1.7.0.jar  C:\Users\abhis\.m2\repository\org\springframework\ai\spring-ai-core\1.0.0-M5\spring-ai-core-1.0.0-M5.jar  C:\Users\abhis\.m2\repository\com\fasterxml\jackson\module\jackson-module-jsonSchema\2.18.2\jackson-module-jsonSchema-2.18.2.jar  C:\Users\abhis\.m2\repository\javax\validation\validation-api\1.1.0.Final\validation-api-1.1.0.Final.jar  C:\Users\abhis\.m2\repository\io\swagger\core\v3\swagger-annotations\2.2.20\swagger-annotations-2.2.20.jar  C:\Users\abhis\.m2\repository\com\github\victools\jsonschema-module-swagger-2\4.35.0\jsonschema-module-swagger-2-4.35.0.jar  C:\Users\abhis\.m2\repository\org\antlr\ST4\4.3.4\ST4-4.3.4.jar  C:\Users\abhis\.m2\repository\org\antlr\antlr-runtime\3.5.3\antlr-runtime-3.5.3.jar  C:\Users\abhis\.m2\repository\io\projectreactor\reactor-core\3.7.2\reactor-core-3.7.2.jar  C:\Users\abhis\.m2\repository\org\reactivestreams\reactive-streams\1.0.4\reactive-streams-1.0.4.jar  C:\Users\abhis\.m2\repository\org\springframework\spring-messaging\6.2.2\spring-messaging-6.2.2.jar  C:\Users\abhis\.m2\repository\io\micrometer\micrometer-core\1.14.3\micrometer-core-1.14.3.jar  C:\Users\abhis\.m2\repository\org\hdrhistogram\HdrHistogram\2.2.2\HdrHistogram-2.2.2.jar  C:\Users\abhis\.m2\repository\org\latencyutils\LatencyUtils\2.0.3\LatencyUtils-2.0.3.jar  C:\Users\abhis\.m2\repository\io\micrometer\context-propagation\1.1.2\context-propagation-1.1.2.jar  C:\Users\abhis\.m2\repository\com\knuddels\jtokkit\1.1.0\jtokkit-1.1.0.jar  C:\Users\abhis\.m2\repository\com\github\victools\jsonschema-generator\4.35.0\jsonschema-generator-4.35.0.jar  C:\Users\abhis\.m2\repository\com\github\victools\jsonschema-module-jackson\4.35.0\jsonschema-module-jackson-4.35.0.jar  C:\Users\abhis\.m2\repository\org\springframework\ai\spring-ai-retry\1.0.0-M5\spring-ai-retry-1.0.0-M5.jar  C:\Users\abhis\.m2\repository\org\springframework\retry\spring-retry\2.0.11\spring-retry-2.0.11.jar  C:\Users\abhis\.m2\repository\org\springframework\spring-webflux\6.2.2\spring-webflux-6.2.2.jar
[DEBUG] provider classpath:  C:\Users\abhis\.m2\repository\org\apache\maven\surefire\surefire-junit-platform\3.5.2\surefire-junit-platform-3.5.2.jar  C:\Users\abhis\.m2\repository\org\apache\maven\surefire\surefire-api\3.5.2\surefire-api-3.5.2.jar  C:\Users\abhis\.m2\repository\org\apache\maven\surefire\surefire-logger-api\3.5.2\surefire-logger-api-3.5.2.jar  C:\Users\abhis\.m2\repository\org\apache\maven\surefire\surefire-shared-utils\3.5.2\surefire-shared-utils-3.5.2.jar  C:\Users\abhis\.m2\repository\org\apache\maven\surefire\common-java5\3.5.2\common-java5-3.5.2.jar  C:\Users\abhis\.m2\repository\org\junit\platform\junit-platform-launcher\1.11.4\junit-platform-launcher-1.11.4.jar
[DEBUG] test(compact) classpath:  test-classes  classes  spring-boot-starter-web-3.4.2.jar  spring-boot-starter-3.4.2.jar  spring-boot-3.4.2.jar  spring-boot-autoconfigure-3.4.2.jar  spring-boot-starter-logging-3.4.2.jar  logback-classic-1.5.25.jar  logback-core-1.5.25.jar  log4j-to-slf4j-2.24.3.jar  log4j-api-2.24.3.jar  jul-to-slf4j-2.0.16.jar  jakarta.annotation-api-2.1.1.jar  snakeyaml-2.3.jar  spring-boot-starter-json-3.4.2.jar  jackson-datatype-jdk8-2.18.2.jar  jackson-datatype-jsr310-2.18.2.jar  jackson-module-parameter-names-2.18.2.jar  spring-boot-starter-tomcat-3.4.2.jar  tomcat-embed-core-10.1.34.jar  tomcat-embed-websocket-10.1.34.jar  spring-web-6.2.2.jar  spring-beans-6.2.2.jar  micrometer-observation-1.14.3.jar  micrometer-commons-1.14.3.jar  spring-webmvc-6.2.2.jar  spring-context-6.2.2.jar  spring-expression-6.2.2.jar  spring-boot-starter-test-3.4.2.jar  spring-boot-test-3.4.2.jar  spring-boot-test-autoconfigure-3.4.2.jar  json-path-2.9.0.jar  slf4j-api-2.0.16.jar  jakarta.xml.bind-api-4.0.2.jar  jakarta.activation-api-2.1.3.jar  json-smart-2.5.1.jar  accessors-smart-2.5.1.jar  asm-9.6.jar  assertj-core-3.26.3.jar  byte-buddy-1.15.11.jar  awaitility-4.2.2.jar  hamcrest-2.2.jar  junit-jupiter-5.11.4.jar  junit-jupiter-api-5.11.4.jar  opentest4j-1.3.0.jar  junit-platform-commons-1.11.4.jar  apiguardian-api-1.1.2.jar  junit-jupiter-params-5.11.4.jar  junit-jupiter-engine-5.11.4.jar  junit-platform-engine-1.11.4.jar  mockito-core-5.14.2.jar  byte-buddy-agent-1.15.11.jar  objenesis-3.3.jar  mockito-junit-jupiter-5.14.2.jar  jsonassert-1.5.3.jar  android-json-0.0.20131108.vaadin1.jar  spring-core-6.2.2.jar  spring-jcl-6.2.2.jar  spring-test-6.2.2.jar  xmlunit-core-2.10.0.jar  spring-security-test-6.4.2.jar  spring-security-core-6.4.2.jar  spring-security-crypto-6.4.2.jar  spring-security-web-6.4.2.jar  spring-boot-starter-data-jpa-3.4.2.jar  spring-boot-starter-jdbc-3.4.2.jar  HikariCP-5.1.0.jar  spring-jdbc-6.2.2.jar  hibernate-core-6.6.5.Final.jar  jakarta.persistence-api-3.1.0.jar  jakarta.transaction-api-2.0.1.jar  jboss-logging-3.6.1.Final.jar  hibernate-commons-annotations-7.0.3.Final.jar  jandex-3.2.0.jar  classmate-1.7.0.jar  jaxb-runtime-4.0.5.jar  jaxb-core-4.0.5.jar  txw2-4.0.5.jar  istack-commons-runtime-4.1.2.jar  jakarta.inject-api-2.0.1.jar  antlr4-runtime-4.13.0.jar  spring-data-jpa-3.4.2.jar  spring-data-commons-3.4.2.jar  spring-orm-6.2.2.jar  spring-tx-6.2.2.jar  spring-aspects-6.2.2.jar  aspectjweaver-1.9.22.1.jar  mysql-connector-j-9.1.0.jar  spring-boot-starter-validation-3.4.2.jar  tomcat-embed-el-10.1.34.jar  hibernate-validator-8.0.2.Final.jar  jakarta.validation-api-3.0.2.jar  spring-boot-starter-security-3.4.2.jar  spring-aop-6.2.2.jar  spring-security-config-6.4.2.jar  jjwt-api-0.11.5.jar  jjwt-impl-0.11.5.jar  jjwt-jackson-0.11.5.jar  jackson-databind-2.18.2.jar  jackson-annotations-2.18.2.jar  jackson-core-2.18.2.jar  lombok-1.18.36.jar  spring-boot-starter-cache-3.4.2.jar  spring-context-support-6.2.2.jar  spring-boot-starter-mail-3.4.2.jar  jakarta.mail-2.0.3.jar  angus-activation-2.0.2.jar  h2-2.3.232.jar  spring-ai-vertex-ai-gemini-spring-boot-starter-1.0.0-M5.jar  spring-ai-spring-boot-autoconfigure-1.0.0-M5.jar  spring-ai-vertex-ai-gemini-1.0.0-M5.jar  google-cloud-vertexai-1.11.0.jar  grpc-api-1.68.0.jar  jsr305-3.0.2.jar  error_prone_annotations-2.32.0.jar  grpc-stub-1.68.0.jar  grpc-protobuf-1.68.0.jar  grpc-protobuf-lite-1.68.0.jar  api-common-2.37.1.jar  auto-value-annotations-1.11.0.jar  javax.annotation-api-1.3.2.jar  j2objc-annotations-3.0.0.jar  protobuf-java-3.25.5.jar  proto-google-common-protos-2.45.1.jar  proto-google-cloud-vertexai-v1-1.11.0.jar  guava-33.3.1-jre.jar  failureaccess-1.0.2.jar  listenablefuture-9999.0-empty-to-avoid-conflict-with-guava.jar  checker-qual-3.47.0.jar  gax-2.54.1.jar  google-auth-library-credentials-1.27.0.jar  opencensus-api-0.31.1.jar  grpc-context-1.68.0.jar  google-auth-library-oauth2-http-1.27.0.jar  gax-grpc-2.54.1.jar  grpc-inprocess-1.68.0.jar  grpc-core-1.68.0.jar  annotations-4.1.1.4.jar  animal-sniffer-annotations-1.24.jar  grpc-alts-1.68.0.jar  grpc-grpclb-1.68.0.jar  conscrypt-openjdk-uber-2.5.2.jar  grpc-auth-1.68.0.jar  grpc-netty-shaded-1.68.0.jar  grpc-util-1.68.0.jar  perfmark-api-0.27.0.jar  grpc-googleapis-1.68.0.jar  grpc-xds-1.68.0.jar  grpc-services-1.68.0.jar  re2j-1.7.jar  gax-httpjson-2.54.1.jar  gson-2.11.0.jar  google-http-client-1.45.0.jar  httpclient-4.5.14.jar  commons-codec-1.17.2.jar  httpcore-4.4.16.jar  opencensus-contrib-http-util-0.31.1.jar  google-http-client-gson-1.45.0.jar  protobuf-java-util-3.25.5.jar  grpc-google-common-protos-2.45.1.jar  proto-google-iam-v1-1.40.1.jar  grpc-google-iam-v1-1.40.1.jar  threetenbp-1.7.0.jar  spring-ai-core-1.0.0-M5.jar  jackson-module-jsonSchema-2.18.2.jar  validation-api-1.1.0.Final.jar  swagger-annotations-2.2.20.jar  jsonschema-module-swagger-2-4.35.0.jar  ST4-4.3.4.jar  antlr-runtime-3.5.3.jar  reactor-core-3.7.2.jar  reactive-streams-1.0.4.jar  spring-messaging-6.2.2.jar  micrometer-core-1.14.3.jar  HdrHistogram-2.2.2.jar  LatencyUtils-2.0.3.jar  context-propagation-1.1.2.jar  jtokkit-1.1.0.jar  jsonschema-generator-4.35.0.jar  jsonschema-module-jackson-4.35.0.jar  spring-ai-retry-1.0.0-M5.jar  spring-retry-2.0.11.jar  spring-webflux-6.2.2.jar
[DEBUG] provider(compact) classpath:  surefire-junit-platform-3.5.2.jar  surefire-api-3.5.2.jar  surefire-logger-api-3.5.2.jar  surefire-shared-utils-3.5.2.jar  common-java5-3.5.2.jar  junit-platform-launcher-1.11.4.jar
[DEBUG] in-process classpath:  C:\Users\abhis\.m2\repository\org\apache\maven\surefire\surefire-junit-platform\3.5.2\surefire-junit-platform-3.5.2.jar  C:\Users\abhis\.m2\repository\org\apache\maven\surefire\surefire-api\3.5.2\surefire-api-3.5.2.jar  C:\Users\abhis\.m2\repository\org\apache\maven\surefire\surefire-logger-api\3.5.2\surefire-logger-api-3.5.2.jar  C:\Users\abhis\.m2\repository\org\apache\maven\surefire\surefire-shared-utils\3.5.2\surefire-shared-utils-3.5.2.jar  C:\Users\abhis\.m2\repository\org\apache\maven\surefire\common-java5\3.5.2\common-java5-3.5.2.jar  C:\Users\abhis\.m2\repository\org\junit\platform\junit-platform-launcher\1.11.4\junit-platform-launcher-1.11.4.jar  C:\Users\abhis\.m2\repository\org\apache\maven\surefire\maven-surefire-common\3.5.2\maven-surefire-common-3.5.2.jar  C:\Users\abhis\.m2\repository\org\apache\maven\surefire\surefire-booter\3.5.2\surefire-booter-3.5.2.jar  C:\Users\abhis\.m2\repository\org\apache\maven\surefire\surefire-extensions-api\3.5.2\surefire-extensions-api-3.5.2.jar  C:\Users\abhis\.m2\repository\org\apache\maven\surefire\surefire-extensions-spi\3.5.2\surefire-extensions-spi-3.5.2.jar
[DEBUG] in-process(compact) classpath:  surefire-junit-platform-3.5.2.jar  surefire-api-3.5.2.jar  surefire-logger-api-3.5.2.jar  surefire-shared-utils-3.5.2.jar  common-java5-3.5.2.jar  junit-platform-launcher-1.11.4.jar  maven-surefire-common-3.5.2.jar  surefire-booter-3.5.2.jar  surefire-extensions-api-3.5.2.jar  surefire-extensions-spi-3.5.2.jar
[INFO] 
[INFO] -------------------------------------------------------
[INFO]  T E S T S
[INFO] -------------------------------------------------------
[DEBUG] Determined Maven Process ID 12152
[DEBUG] Fork Channel [1] connection string 'pipe://1' for the implementation class org.apache.maven.plugin.surefire.extensions.LegacyForkChannel
[DEBUG] boot classpath:  C:\Users\abhis\.m2\repository\org\apache\maven\surefire\surefire-booter\3.5.2\surefire-booter-3.5.2.jar  C:\Users\abhis\.m2\repository\org\apache\maven\surefire\surefire-api\3.5.2\surefire-api-3.5.2.jar  C:\Users\abhis\.m2\repository\org\apache\maven\surefire\surefire-extensions-spi\3.5.2\surefire-extensions-spi-3.5.2.jar  C:\Users\abhis\.m2\repository\org\apache\maven\surefire\surefire-shared-utils\3.5.2\surefire-shared-utils-3.5.2.jar  C:\Users\abhis\.m2\repository\org\apache\maven\surefire\surefire-logger-api\3.5.2\surefire-logger-api-3.5.2.jar  C:\SpringBoot Projects\saas\target\test-classes  C:\SpringBoot Projects\saas\target\classes  C:\Users\abhis\.m2\repository\org\springframework\boot\spring-boot-starter-web\3.4.2\spring-boot-starter-web-3.4.2.jar  C:\Users\abhis\.m2\repository\org\springframework\boot\spring-boot-starter\3.4.2\spring-boot-starter-3.4.2.jar  C:\Users\abhis\.m2\repository\org\springframework\boot\spring-boot\3.4.2\spring-boot-3.4.2.jar  C:\Users\abhis\.m2\repository\org\springframework\boot\spring-boot-autoconfigure\3.4.2\spring-boot-autoconfigure-3.4.2.jar  C:\Users\abhis\.m2\repository\org\springframework\boot\spring-boot-starter-logging\3.4.2\spring-boot-starter-logging-3.4.2.jar  C:\Users\abhis\.m2\repository\ch\qos\logback\logback-classic\1.5.25\logback-classic-1.5.25.jar  C:\Users\abhis\.m2\repository\ch\qos\logback\logback-core\1.5.25\logback-core-1.5.25.jar  C:\Users\abhis\.m2\repository\org\apache\logging\log4j\log4j-to-slf4j\2.24.3\log4j-to-slf4j-2.24.3.jar  C:\Users\abhis\.m2\repository\org\apache\logging\log4j\log4j-api\2.24.3\log4j-api-2.24.3.jar  C:\Users\abhis\.m2\repository\org\slf4j\jul-to-slf4j\2.0.16\jul-to-slf4j-2.0.16.jar  C:\Users\abhis\.m2\repository\jakarta\annotation\jakarta.annotation-api\2.1.1\jakarta.annotation-api-2.1.1.jar  C:\Users\abhis\.m2\repository\org\yaml\snakeyaml\2.3\snakeyaml-2.3.jar  C:\Users\abhis\.m2\repository\org\springframework\boot\spring-boot-starter-json\3.4.2\spring-boot-starter-json-3.4.2.jar  C:\Users\abhis\.m2\repository\com\fasterxml\jackson\datatype\jackson-datatype-jdk8\2.18.2\jackson-datatype-jdk8-2.18.2.jar  C:\Users\abhis\.m2\repository\com\fasterxml\jackson\datatype\jackson-datatype-jsr310\2.18.2\jackson-datatype-jsr310-2.18.2.jar  C:\Users\abhis\.m2\repository\com\fasterxml\jackson\module\jackson-module-parameter-names\2.18.2\jackson-module-parameter-names-2.18.2.jar  C:\Users\abhis\.m2\repository\org\springframework\boot\spring-boot-starter-tomcat\3.4.2\spring-boot-starter-tomcat-3.4.2.jar  C:\Users\abhis\.m2\repository\org\apache\tomcat\embed\tomcat-embed-core\10.1.34\tomcat-embed-core-10.1.34.jar  C:\Users\abhis\.m2\repository\org\apache\tomcat\embed\tomcat-embed-websocket\10.1.34\tomcat-embed-websocket-10.1.34.jar  C:\Users\abhis\.m2\repository\org\springframework\spring-web\6.2.2\spring-web-6.2.2.jar  C:\Users\abhis\.m2\repository\org\springframework\spring-beans\6.2.2\spring-beans-6.2.2.jar  C:\Users\abhis\.m2\repository\io\micrometer\micrometer-observation\1.14.3\micrometer-observation-1.14.3.jar  C:\Users\abhis\.m2\repository\io\micrometer\micrometer-commons\1.14.3\micrometer-commons-1.14.3.jar  C:\Users\abhis\.m2\repository\org\springframework\spring-webmvc\6.2.2\spring-webmvc-6.2.2.jar  C:\Users\abhis\.m2\repository\org\springframework\spring-context\6.2.2\spring-context-6.2.2.jar  C:\Users\abhis\.m2\repository\org\springframework\spring-expression\6.2.2\spring-expression-6.2.2.jar  C:\Users\abhis\.m2\repository\org\springframework\boot\spring-boot-starter-test\3.4.2\spring-boot-starter-test-3.4.2.jar  C:\Users\abhis\.m2\repository\org\springframework\boot\spring-boot-test\3.4.2\spring-boot-test-3.4.2.jar  C:\Users\abhis\.m2\repository\org\springframework\boot\spring-boot-test-autoconfigure\3.4.2\spring-boot-test-autoconfigure-3.4.2.jar  C:\Users\abhis\.m2\repository\com\jayway\jsonpath\json-path\2.9.0\json-path-2.9.0.jar  C:\Users\abhis\.m2\repository\org\slf4j\slf4j-api\2.0.16\slf4j-api-2.0.16.jar  C:\Users\abhis\.m2\repository\jakarta\xml\bind\jakarta.xml.bind-api\4.0.2\jakarta.xml.bind-api-4.0.2.jar  C:\Users\abhis\.m2\repository\jakarta\activation\jakarta.activation-api\2.1.3\jakarta.activation-api-2.1.3.jar  C:\Users\abhis\.m2\repository\net\minidev\json-smart\2.5.1\json-smart-2.5.1.jar  C:\Users\abhis\.m2\repository\net\minidev\accessors-smart\2.5.1\accessors-smart-2.5.1.jar  C:\Users\abhis\.m2\repository\org\ow2\asm\asm\9.6\asm-9.6.jar  C:\Users\abhis\.m2\repository\org\assertj\assertj-core\3.26.3\assertj-core-3.26.3.jar  C:\Users\abhis\.m2\repository\net\bytebuddy\byte-buddy\1.15.11\byte-buddy-1.15.11.jar  C:\Users\abhis\.m2\repository\org\awaitility\awaitility\4.2.2\awaitility-4.2.2.jar  C:\Users\abhis\.m2\repository\org\hamcrest\hamcrest\2.2\hamcrest-2.2.jar  C:\Users\abhis\.m2\repository\org\junit\jupiter\junit-jupiter\5.11.4\junit-jupiter-5.11.4.jar  C:\Users\abhis\.m2\repository\org\junit\jupiter\junit-jupiter-api\5.11.4\junit-jupiter-api-5.11.4.jar  C:\Users\abhis\.m2\repository\org\opentest4j\opentest4j\1.3.0\opentest4j-1.3.0.jar  C:\Users\abhis\.m2\repository\org\junit\platform\junit-platform-commons\1.11.4\junit-platform-commons-1.11.4.jar  C:\Users\abhis\.m2\repository\org\apiguardian\apiguardian-api\1.1.2\apiguardian-api-1.1.2.jar  C:\Users\abhis\.m2\repository\org\junit\jupiter\junit-jupiter-params\5.11.4\junit-jupiter-params-5.11.4.jar  C:\Users\abhis\.m2\repository\org\junit\jupiter\junit-jupiter-engine\5.11.4\junit-jupiter-engine-5.11.4.jar  C:\Users\abhis\.m2\repository\org\junit\platform\junit-platform-engine\1.11.4\junit-platform-engine-1.11.4.jar  C:\Users\abhis\.m2\repository\org\mockito\mockito-core\5.14.2\mockito-core-5.14.2.jar  C:\Users\abhis\.m2\repository\net\bytebuddy\byte-buddy-agent\1.15.11\byte-buddy-agent-1.15.11.jar  C:\Users\abhis\.m2\repository\org\objenesis\objenesis\3.3\objenesis-3.3.jar  C:\Users\abhis\.m2\repository\org\mockito\mockito-junit-jupiter\5.14.2\mockito-junit-jupiter-5.14.2.jar  C:\Users\abhis\.m2\repository\org\skyscreamer\jsonassert\1.5.3\jsonassert-1.5.3.jar  C:\Users\abhis\.m2\repository\com\vaadin\external\google\android-json\0.0.20131108.vaadin1\android-json-0.0.20131108.vaadin1.jar  C:\Users\abhis\.m2\repository\org\springframework\spring-core\6.2.2\spring-core-6.2.2.jar  C:\Users\abhis\.m2\repository\org\springframework\spring-jcl\6.2.2\spring-jcl-6.2.2.jar  C:\Users\abhis\.m2\repository\org\springframework\spring-test\6.2.2\spring-test-6.2.2.jar  C:\Users\abhis\.m2\repository\org\xmlunit\xmlunit-core\2.10.0\xmlunit-core-2.10.0.jar  C:\Users\abhis\.m2\repository\org\springframework\security\spring-security-test\6.4.2\spring-security-test-6.4.2.jar  C:\Users\abhis\.m2\repository\org\springframework\security\spring-security-core\6.4.2\spring-security-core-6.4.2.jar  C:\Users\abhis\.m2\repository\org\springframework\security\spring-security-crypto\6.4.2\spring-security-crypto-6.4.2.jar  C:\Users\abhis\.m2\repository\org\springframework\security\spring-security-web\6.4.2\spring-security-web-6.4.2.jar  C:\Users\abhis\.m2\repository\org\springframework\boot\spring-boot-starter-data-jpa\3.4.2\spring-boot-starter-data-jpa-3.4.2.jar  C:\Users\abhis\.m2\repository\org\springframework\boot\spring-boot-starter-jdbc\3.4.2\spring-boot-starter-jdbc-3.4.2.jar  C:\Users\abhis\.m2\repository\com\zaxxer\HikariCP\5.1.0\HikariCP-5.1.0.jar  C:\Users\abhis\.m2\repository\org\springframework\spring-jdbc\6.2.2\spring-jdbc-6.2.2.jar  C:\Users\abhis\.m2\repository\org\hibernate\orm\hibernate-core\6.6.5.Final\hibernate-core-6.6.5.Final.jar  C:\Users\abhis\.m2\repository\jakarta\persistence\jakarta.persistence-api\3.1.0\jakarta.persistence-api-3.1.0.jar  C:\Users\abhis\.m2\repository\jakarta\transaction\jakarta.transaction-api\2.0.1\jakarta.transaction-api-2.0.1.jar  C:\Users\abhis\.m2\repository\org\jboss\logging\jboss-logging\3.6.1.Final\jboss-logging-3.6.1.Final.jar  C:\Users\abhis\.m2\repository\org\hibernate\common\hibernate-commons-annotations\7.0.3.Final\hibernate-commons-annotations-7.0.3.Final.jar  C:\Users\abhis\.m2\repository\io\smallrye\jandex\3.2.0\jandex-3.2.0.jar  C:\Users\abhis\.m2\repository\com\fasterxml\classmate\1.7.0\classmate-1.7.0.jar  C:\Users\abhis\.m2\repository\org\glassfish\jaxb\jaxb-runtime\4.0.5\jaxb-runtime-4.0.5.jar  C:\Users\abhis\.m2\repository\org\glassfish\jaxb\jaxb-core\4.0.5\jaxb-core-4.0.5.jar  C:\Users\abhis\.m2\repository\org\glassfish\jaxb\txw2\4.0.5\txw2-4.0.5.jar  C:\Users\abhis\.m2\repository\com\sun\istack\istack-commons-runtime\4.1.2\istack-commons-runtime-4.1.2.jar  C:\Users\abhis\.m2\repository\jakarta\inject\jakarta.inject-api\2.0.1\jakarta.inject-api-2.0.1.jar  C:\Users\abhis\.m2\repository\org\antlr\antlr4-runtime\4.13.0\antlr4-runtime-4.13.0.jar  C:\Users\abhis\.m2\repository\org\springframework\data\spring-data-jpa\3.4.2\spring-data-jpa-3.4.2.jar  C:\Users\abhis\.m2\repository\org\springframework\data\spring-data-commons\3.4.2\spring-data-commons-3.4.2.jar  C:\Users\abhis\.m2\repository\org\springframework\spring-orm\6.2.2\spring-orm-6.2.2.jar  C:\Users\abhis\.m2\repository\org\springframework\spring-tx\6.2.2\spring-tx-6.2.2.jar  C:\Users\abhis\.m2\repository\org\springframework\spring-aspects\6.2.2\spring-aspects-6.2.2.jar  C:\Users\abhis\.m2\repository\org\aspectj\aspectjweaver\1.9.22.1\aspectjweaver-1.9.22.1.jar  C:\Users\abhis\.m2\repository\com\mysql\mysql-connector-j\9.1.0\mysql-connector-j-9.1.0.jar  C:\Users\abhis\.m2\repository\org\springframework\boot\spring-boot-starter-validation\3.4.2\spring-boot-starter-validation-3.4.2.jar  C:\Users\abhis\.m2\repository\org\apache\tomcat\embed\tomcat-embed-el\10.1.34\tomcat-embed-el-10.1.34.jar  C:\Users\abhis\.m2\repository\org\hibernate\validator\hibernate-validator\8.0.2.Final\hibernate-validator-8.0.2.Final.jar  C:\Users\abhis\.m2\repository\jakarta\validation\jakarta.validation-api\3.0.2\jakarta.validation-api-3.0.2.jar  C:\Users\abhis\.m2\repository\org\springframework\boot\spring-boot-starter-security\3.4.2\spring-boot-starter-security-3.4.2.jar  C:\Users\abhis\.m2\repository\org\springframework\spring-aop\6.2.2\spring-aop-6.2.2.jar  C:\Users\abhis\.m2\repository\org\springframework\security\spring-security-config\6.4.2\spring-security-config-6.4.2.jar  C:\Users\abhis\.m2\repository\io\jsonwebtoken\jjwt-api\0.11.5\jjwt-api-0.11.5.jar  C:\Users\abhis\.m2\repository\io\jsonwebtoken\jjwt-impl\0.11.5\jjwt-impl-0.11.5.jar  C:\Users\abhis\.m2\repository\io\jsonwebtoken\jjwt-jackson\0.11.5\jjwt-jackson-0.11.5.jar  C:\Users\abhis\.m2\repository\com\fasterxml\jackson\core\jackson-databind\2.18.2\jackson-databind-2.18.2.jar  C:\Users\abhis\.m2\repository\com\fasterxml\jackson\core\jackson-annotations\2.18.2\jackson-annotations-2.18.2.jar  C:\Users\abhis\.m2\repository\com\fasterxml\jackson\core\jackson-core\2.18.2\jackson-core-2.18.2.jar  C:\Users\abhis\.m2\repository\org\projectlombok\lombok\1.18.36\lombok-1.18.36.jar  C:\Users\abhis\.m2\repository\org\springframework\boot\spring-boot-starter-cache\3.4.2\spring-boot-starter-cache-3.4.2.jar  C:\Users\abhis\.m2\repository\org\springframework\spring-context-support\6.2.2\spring-context-support-6.2.2.jar  C:\Users\abhis\.m2\repository\org\springframework\boot\spring-boot-starter-mail\3.4.2\spring-boot-starter-mail-3.4.2.jar  C:\Users\abhis\.m2\repository\org\eclipse\angus\jakarta.mail\2.0.3\jakarta.mail-2.0.3.jar  C:\Users\abhis\.m2\repository\org\eclipse\angus\angus-activation\2.0.2\angus-activation-2.0.2.jar  C:\Users\abhis\.m2\repository\com\h2database\h2\2.3.232\h2-2.3.232.jar  C:\Users\abhis\.m2\repository\org\springframework\ai\spring-ai-vertex-ai-gemini-spring-boot-starter\1.0.0-M5\spring-ai-vertex-ai-gemini-spring-boot-starter-1.0.0-M5.jar  C:\Users\abhis\.m2\repository\org\springframework\ai\spring-ai-spring-boot-autoconfigure\1.0.0-M5\spring-ai-spring-boot-autoconfigure-1.0.0-M5.jar  C:\Users\abhis\.m2\repository\org\springframework\ai\spring-ai-vertex-ai-gemini\1.0.0-M5\spring-ai-vertex-ai-gemini-1.0.0-M5.jar  C:\Users\abhis\.m2\repository\com\google\cloud\google-cloud-vertexai\1.11.0\google-cloud-vertexai-1.11.0.jar  C:\Users\abhis\.m2\repository\io\grpc\grpc-api\1.68.0\grpc-api-1.68.0.jar  C:\Users\abhis\.m2\repository\com\google\code\findbugs\jsr305\3.0.2\jsr305-3.0.2.jar  C:\Users\abhis\.m2\repository\com\google\errorprone\error_prone_annotations\2.32.0\error_prone_annotations-2.32.0.jar  C:\Users\abhis\.m2\repository\io\grpc\grpc-stub\1.68.0\grpc-stub-1.68.0.jar  C:\Users\abhis\.m2\repository\io\grpc\grpc-protobuf\1.68.0\grpc-protobuf-1.68.0.jar  C:\Users\abhis\.m2\repository\io\grpc\grpc-protobuf-lite\1.68.0\grpc-protobuf-lite-1.68.0.jar  C:\Users\abhis\.m2\repository\com\google\api\api-common\2.37.1\api-common-2.37.1.jar  C:\Users\abhis\.m2\repository\com\google\auto\value\auto-value-annotations\1.11.0\auto-value-annotations-1.11.0.jar  C:\Users\abhis\.m2\repository\javax\annotation\javax.annotation-api\1.3.2\javax.annotation-api-1.3.2.jar  C:\Users\abhis\.m2\repository\com\google\j2objc\j2objc-annotations\3.0.0\j2objc-annotations-3.0.0.jar  C:\Users\abhis\.m2\repository\com\google\protobuf\protobuf-java\3.25.5\protobuf-java-3.25.5.jar  C:\Users\abhis\.m2\repository\com\google\api\grpc\proto-google-common-protos\2.45.1\proto-google-common-protos-2.45.1.jar  C:\Users\abhis\.m2\repository\com\google\api\grpc\proto-google-cloud-vertexai-v1\1.11.0\proto-google-cloud-vertexai-v1-1.11.0.jar  C:\Users\abhis\.m2\repository\com\google\guava\guava\33.3.1-jre\guava-33.3.1-jre.jar  C:\Users\abhis\.m2\repository\com\google\guava\failureaccess\1.0.2\failureaccess-1.0.2.jar  C:\Users\abhis\.m2\repository\com\google\guava\listenablefuture\9999.0-empty-to-avoid-conflict-with-guava\listenablefuture-9999.0-empty-to-avoid-conflict-with-guava.jar  C:\Users\abhis\.m2\repository\org\checkerframework\checker-qual\3.47.0\checker-qual-3.47.0.jar  C:\Users\abhis\.m2\repository\com\google\api\gax\2.54.1\gax-2.54.1.jar  C:\Users\abhis\.m2\repository\com\google\auth\google-auth-library-credentials\1.27.0\google-auth-library-credentials-1.27.0.jar  C:\Users\abhis\.m2\repository\io\opencensus\opencensus-api\0.31.1\opencensus-api-0.31.1.jar  C:\Users\abhis\.m2\repository\io\grpc\grpc-context\1.68.0\grpc-context-1.68.0.jar  C:\Users\abhis\.m2\repository\com\google\auth\google-auth-library-oauth2-http\1.27.0\google-auth-library-oauth2-http-1.27.0.jar  C:\Users\abhis\.m2\repository\com\google\api\gax-grpc\2.54.1\gax-grpc-2.54.1.jar  C:\Users\abhis\.m2\repository\io\grpc\grpc-inprocess\1.68.0\grpc-inprocess-1.68.0.jar  C:\Users\abhis\.m2\repository\io\grpc\grpc-core\1.68.0\grpc-core-1.68.0.jar  C:\Users\abhis\.m2\repository\com\google\android\annotations\4.1.1.4\annotations-4.1.1.4.jar  C:\Users\abhis\.m2\repository\org\codehaus\mojo\animal-sniffer-annotations\1.24\animal-sniffer-annotations-1.24.jar  C:\Users\abhis\.m2\repository\io\grpc\grpc-alts\1.68.0\grpc-alts-1.68.0.jar  C:\Users\abhis\.m2\repository\io\grpc\grpc-grpclb\1.68.0\grpc-grpclb-1.68.0.jar  C:\Users\abhis\.m2\repository\org\conscrypt\conscrypt-openjdk-uber\2.5.2\conscrypt-openjdk-uber-2.5.2.jar  C:\Users\abhis\.m2\repository\io\grpc\grpc-auth\1.68.0\grpc-auth-1.68.0.jar  C:\Users\abhis\.m2\repository\io\grpc\grpc-netty-shaded\1.68.0\grpc-netty-shaded-1.68.0.jar  C:\Users\abhis\.m2\repository\io\grpc\grpc-util\1.68.0\grpc-util-1.68.0.jar  C:\Users\abhis\.m2\repository\io\perfmark\perfmark-api\0.27.0\perfmark-api-0.27.0.jar  C:\Users\abhis\.m2\repository\io\grpc\grpc-googleapis\1.68.0\grpc-googleapis-1.68.0.jar  C:\Users\abhis\.m2\repository\io\grpc\grpc-xds\1.68.0\grpc-xds-1.68.0.jar  C:\Users\abhis\.m2\repository\io\grpc\grpc-services\1.68.0\grpc-services-1.68.0.jar  C:\Users\abhis\.m2\repository\com\google\re2j\re2j\1.7\re2j-1.7.jar  C:\Users\abhis\.m2\repository\com\google\api\gax-httpjson\2.54.1\gax-httpjson-2.54.1.jar  C:\Users\abhis\.m2\repository\com\google\code\gson\gson\2.11.0\gson-2.11.0.jar  C:\Users\abhis\.m2\repository\com\google\http-client\google-http-client\1.45.0\google-http-client-1.45.0.jar  C:\Users\abhis\.m2\repository\org\apache\httpcomponents\httpclient\4.5.14\httpclient-4.5.14.jar  C:\Users\abhis\.m2\repository\commons-codec\commons-codec\1.17.2\commons-codec-1.17.2.jar  C:\Users\abhis\.m2\repository\org\apache\httpcomponents\httpcore\4.4.16\httpcore-4.4.16.jar  C:\Users\abhis\.m2\repository\io\opencensus\opencensus-contrib-http-util\0.31.1\opencensus-contrib-http-util-0.31.1.jar  C:\Users\abhis\.m2\repository\com\google\http-client\google-http-client-gson\1.45.0\google-http-client-gson-1.45.0.jar  C:\Users\abhis\.m2\repository\com\google\protobuf\protobuf-java-util\3.25.5\protobuf-java-util-3.25.5.jar  C:\Users\abhis\.m2\repository\com\google\api\grpc\grpc-google-common-protos\2.45.1\grpc-google-common-protos-2.45.1.jar  C:\Users\abhis\.m2\repository\com\google\api\grpc\proto-google-iam-v1\1.40.1\proto-google-iam-v1-1.40.1.jar  C:\Users\abhis\.m2\repository\com\google\api\grpc\grpc-google-iam-v1\1.40.1\grpc-google-iam-v1-1.40.1.jar  C:\Users\abhis\.m2\repository\org\threeten\threetenbp\1.7.0\threetenbp-1.7.0.jar  C:\Users\abhis\.m2\repository\org\springframework\ai\spring-ai-core\1.0.0-M5\spring-ai-core-1.0.0-M5.jar  C:\Users\abhis\.m2\repository\com\fasterxml\jackson\module\jackson-module-jsonSchema\2.18.2\jackson-module-jsonSchema-2.18.2.jar  C:\Users\abhis\.m2\repository\javax\validation\validation-api\1.1.0.Final\validation-api-1.1.0.Final.jar  C:\Users\abhis\.m2\repository\io\swagger\core\v3\swagger-annotations\2.2.20\swagger-annotations-2.2.20.jar  C:\Users\abhis\.m2\repository\com\github\victools\jsonschema-module-swagger-2\4.35.0\jsonschema-module-swagger-2-4.35.0.jar  C:\Users\abhis\.m2\repository\org\antlr\ST4\4.3.4\ST4-4.3.4.jar  C:\Users\abhis\.m2\repository\org\antlr\antlr-runtime\3.5.3\antlr-runtime-3.5.3.jar  C:\Users\abhis\.m2\repository\io\projectreactor\reactor-core\3.7.2\reactor-core-3.7.2.jar  C:\Users\abhis\.m2\repository\org\reactivestreams\reactive-streams\1.0.4\reactive-streams-1.0.4.jar  C:\Users\abhis\.m2\repository\org\springframework\spring-messaging\6.2.2\spring-messaging-6.2.2.jar  C:\Users\abhis\.m2\repository\io\micrometer\micrometer-core\1.14.3\micrometer-core-1.14.3.jar  C:\Users\abhis\.m2\repository\org\hdrhistogram\HdrHistogram\2.2.2\HdrHistogram-2.2.2.jar  C:\Users\abhis\.m2\repository\org\latencyutils\LatencyUtils\2.0.3\LatencyUtils-2.0.3.jar  C:\Users\abhis\.m2\repository\io\micrometer\context-propagation\1.1.2\context-propagation-1.1.2.jar  C:\Users\abhis\.m2\repository\com\knuddels\jtokkit\1.1.0\jtokkit-1.1.0.jar  C:\Users\abhis\.m2\repository\com\github\victools\jsonschema-generator\4.35.0\jsonschema-generator-4.35.0.jar  C:\Users\abhis\.m2\repository\com\github\victools\jsonschema-module-jackson\4.35.0\jsonschema-module-jackson-4.35.0.jar  C:\Users\abhis\.m2\repository\org\springframework\ai\spring-ai-retry\1.0.0-M5\spring-ai-retry-1.0.0-M5.jar  C:\Users\abhis\.m2\repository\org\springframework\retry\spring-retry\2.0.11\spring-retry-2.0.11.jar  C:\Users\abhis\.m2\repository\org\springframework\spring-webflux\6.2.2\spring-webflux-6.2.2.jar  C:\Users\abhis\.m2\repository\org\apache\maven\surefire\surefire-junit-platform\3.5.2\surefire-junit-platform-3.5.2.jar  C:\Users\abhis\.m2\repository\org\apache\maven\surefire\common-java5\3.5.2\common-java5-3.5.2.jar  C:\Users\abhis\.m2\repository\org\junit\platform\junit-platform-launcher\1.11.4\junit-platform-launcher-1.11.4.jar
[DEBUG] boot(compact) classpath:  surefire-booter-3.5.2.jar  surefire-api-3.5.2.jar  surefire-extensions-spi-3.5.2.jar  surefire-shared-utils-3.5.2.jar  surefire-logger-api-3.5.2.jar  test-classes  classes  spring-boot-starter-web-3.4.2.jar  spring-boot-starter-3.4.2.jar  spring-boot-3.4.2.jar  spring-boot-autoconfigure-3.4.2.jar  spring-boot-starter-logging-3.4.2.jar  logback-classic-1.5.25.jar  logback-core-1.5.25.jar  log4j-to-slf4j-2.24.3.jar  log4j-api-2.24.3.jar  jul-to-slf4j-2.0.16.jar  jakarta.annotation-api-2.1.1.jar  snakeyaml-2.3.jar  spring-boot-starter-json-3.4.2.jar  jackson-datatype-jdk8-2.18.2.jar  jackson-datatype-jsr310-2.18.2.jar  jackson-module-parameter-names-2.18.2.jar  spring-boot-starter-tomcat-3.4.2.jar  tomcat-embed-core-10.1.34.jar  tomcat-embed-websocket-10.1.34.jar  spring-web-6.2.2.jar  spring-beans-6.2.2.jar  micrometer-observation-1.14.3.jar  micrometer-commons-1.14.3.jar  spring-webmvc-6.2.2.jar  spring-context-6.2.2.jar  spring-expression-6.2.2.jar  spring-boot-starter-test-3.4.2.jar  spring-boot-test-3.4.2.jar  spring-boot-test-autoconfigure-3.4.2.jar  json-path-2.9.0.jar  slf4j-api-2.0.16.jar  jakarta.xml.bind-api-4.0.2.jar  jakarta.activation-api-2.1.3.jar  json-smart-2.5.1.jar  accessors-smart-2.5.1.jar  asm-9.6.jar  assertj-core-3.26.3.jar  byte-buddy-1.15.11.jar  awaitility-4.2.2.jar  hamcrest-2.2.jar  junit-jupiter-5.11.4.jar  junit-jupiter-api-5.11.4.jar  opentest4j-1.3.0.jar  junit-platform-commons-1.11.4.jar  apiguardian-api-1.1.2.jar  junit-jupiter-params-5.11.4.jar  junit-jupiter-engine-5.11.4.jar  junit-platform-engine-1.11.4.jar  mockito-core-5.14.2.jar  byte-buddy-agent-1.15.11.jar  objenesis-3.3.jar  mockito-junit-jupiter-5.14.2.jar  jsonassert-1.5.3.jar  android-json-0.0.20131108.vaadin1.jar  spring-core-6.2.2.jar  spring-jcl-6.2.2.jar  spring-test-6.2.2.jar  xmlunit-core-2.10.0.jar  spring-security-test-6.4.2.jar  spring-security-core-6.4.2.jar  spring-security-crypto-6.4.2.jar  spring-security-web-6.4.2.jar  spring-boot-starter-data-jpa-3.4.2.jar  spring-boot-starter-jdbc-3.4.2.jar  HikariCP-5.1.0.jar  spring-jdbc-6.2.2.jar  hibernate-core-6.6.5.Final.jar  jakarta.persistence-api-3.1.0.jar  jakarta.transaction-api-2.0.1.jar  jboss-logging-3.6.1.Final.jar  hibernate-commons-annotations-7.0.3.Final.jar  jandex-3.2.0.jar  classmate-1.7.0.jar  jaxb-runtime-4.0.5.jar  jaxb-core-4.0.5.jar  txw2-4.0.5.jar  istack-commons-runtime-4.1.2.jar  jakarta.inject-api-2.0.1.jar  antlr4-runtime-4.13.0.jar  spring-data-jpa-3.4.2.jar  spring-data-commons-3.4.2.jar  spring-orm-6.2.2.jar  spring-tx-6.2.2.jar  spring-aspects-6.2.2.jar  aspectjweaver-1.9.22.1.jar  mysql-connector-j-9.1.0.jar  spring-boot-starter-validation-3.4.2.jar  tomcat-embed-el-10.1.34.jar  hibernate-validator-8.0.2.Final.jar  jakarta.validation-api-3.0.2.jar  spring-boot-starter-security-3.4.2.jar  spring-aop-6.2.2.jar  spring-security-config-6.4.2.jar  jjwt-api-0.11.5.jar  jjwt-impl-0.11.5.jar  jjwt-jackson-0.11.5.jar  jackson-databind-2.18.2.jar  jackson-annotations-2.18.2.jar  jackson-core-2.18.2.jar  lombok-1.18.36.jar  spring-boot-starter-cache-3.4.2.jar  spring-context-support-6.2.2.jar  spring-boot-starter-mail-3.4.2.jar  jakarta.mail-2.0.3.jar  angus-activation-2.0.2.jar  h2-2.3.232.jar  spring-ai-vertex-ai-gemini-spring-boot-starter-1.0.0-M5.jar  spring-ai-spring-boot-autoconfigure-1.0.0-M5.jar  spring-ai-vertex-ai-gemini-1.0.0-M5.jar  google-cloud-vertexai-1.11.0.jar  grpc-api-1.68.0.jar  jsr305-3.0.2.jar  error_prone_annotations-2.32.0.jar  grpc-stub-1.68.0.jar  grpc-protobuf-1.68.0.jar  grpc-protobuf-lite-1.68.0.jar  api-common-2.37.1.jar  auto-value-annotations-1.11.0.jar  javax.annotation-api-1.3.2.jar  j2objc-annotations-3.0.0.jar  protobuf-java-3.25.5.jar  proto-google-common-protos-2.45.1.jar  proto-google-cloud-vertexai-v1-1.11.0.jar  guava-33.3.1-jre.jar  failureaccess-1.0.2.jar  listenablefuture-9999.0-empty-to-avoid-conflict-with-guava.jar  checker-qual-3.47.0.jar  gax-2.54.1.jar  google-auth-library-credentials-1.27.0.jar  opencensus-api-0.31.1.jar  grpc-context-1.68.0.jar  google-auth-library-oauth2-http-1.27.0.jar  gax-grpc-2.54.1.jar  grpc-inprocess-1.68.0.jar  grpc-core-1.68.0.jar  annotations-4.1.1.4.jar  animal-sniffer-annotations-1.24.jar  grpc-alts-1.68.0.jar  grpc-grpclb-1.68.0.jar  conscrypt-openjdk-uber-2.5.2.jar  grpc-auth-1.68.0.jar  grpc-netty-shaded-1.68.0.jar  grpc-util-1.68.0.jar  perfmark-api-0.27.0.jar  grpc-googleapis-1.68.0.jar  grpc-xds-1.68.0.jar  grpc-services-1.68.0.jar  re2j-1.7.jar  gax-httpjson-2.54.1.jar  gson-2.11.0.jar  google-http-client-1.45.0.jar  httpclient-4.5.14.jar  commons-codec-1.17.2.jar  httpcore-4.4.16.jar  opencensus-contrib-http-util-0.31.1.jar  google-http-client-gson-1.45.0.jar  protobuf-java-util-3.25.5.jar  grpc-google-common-protos-2.45.1.jar  proto-google-iam-v1-1.40.1.jar  grpc-google-iam-v1-1.40.1.jar  threetenbp-1.7.0.jar  spring-ai-core-1.0.0-M5.jar  jackson-module-jsonSchema-2.18.2.jar  validation-api-1.1.0.Final.jar  swagger-annotations-2.2.20.jar  jsonschema-module-swagger-2-4.35.0.jar  ST4-4.3.4.jar  antlr-runtime-3.5.3.jar  reactor-core-3.7.2.jar  reactive-streams-1.0.4.jar  spring-messaging-6.2.2.jar  micrometer-core-1.14.3.jar  HdrHistogram-2.2.2.jar  LatencyUtils-2.0.3.jar  context-propagation-1.1.2.jar  jtokkit-1.1.0.jar  jsonschema-generator-4.35.0.jar  jsonschema-module-jackson-4.35.0.jar  spring-ai-retry-1.0.0-M5.jar  spring-retry-2.0.11.jar  spring-webflux-6.2.2.jar  surefire-junit-platform-3.5.2.jar  common-java5-3.5.2.jar  junit-platform-launcher-1.11.4.jar
[DEBUG] Forking command line: cmd.exe /X /C ""C:\Program Files\Java\jdk-21\bin\java" -jar C:\Users\abhis\AppData\Local\Temp\surefire4824230047515468138\surefirebooter-20260224015703007_3.jar C:\Users\abhis\AppData\Local\Temp\surefire4824230047515468138 2026-02-24T01-57-02_928-jvmRun1 surefire-20260224015703007_1tmp surefire_0-20260224015703007_2tmp"
[DEBUG] Fork Channel [1] connected to the client.
[INFO] Running com.jobhunt.saas.SaasApplicationTests
01:57:03.652 [main] INFO org.springframework.test.context.support.AnnotationConfigContextLoaderUtils -- Could not detect default configuration classes for test class [com.jobhunt.saas.SaasApplicationTests]: SaasApplicationTests does not declare any static, non-private, non-final, nested classes annotated with @Configuration.
01:57:03.740 [main] INFO org.springframework.boot.test.context.SpringBootTestContextBootstrapper -- Found @SpringBootConfiguration com.jobhunt.saas.SaasApplication for test class com.jobhunt.saas.SaasApplicationTests

  .   ____          _            __ _ _
 /\\ / ___'_ __ _ _(_)_ __  __ _ \ \ \ \
( ( )\___ | '_ | '_| | '_ \/ _` | \ \ \ \
 \\/  ___)| |_)| | | | | || (_| |  ) ) ) )
  '  |____| .__|_| |_|_| |_\__, | / / / /
 =========|_|==============|___/=/_/_/_/

 :: Spring Boot ::                (v3.4.2)

2026-02-24T01:57:04.161+05:30  INFO 30956 --- [saas] [           main] com.jobhunt.saas.SaasApplicationTests    : Starting SaasApplicationTests using Java 21.0.9 with PID 30956 (started by abhis in C:\SpringBoot Projects\saas)
2026-02-24T01:57:04.163+05:30  INFO 30956 --- [saas] [           main] com.jobhunt.saas.SaasApplicationTests    : The following 1 profile is active: "test"
2026-02-24T01:57:04.965+05:30  INFO 30956 --- [saas] [           main] .s.d.r.c.RepositoryConfigurationDelegate : Bootstrapping Spring Data JPA repositories in DEFAULT mode.
2026-02-24T01:57:05.096+05:30  INFO 30956 --- [saas] [           main] .s.d.r.c.RepositoryConfigurationDelegate : Finished Spring Data repository scanning in 127 ms. Found 6 JPA repository interfaces.
2026-02-24T01:57:05.790+05:30  INFO 30956 --- [saas] [           main] o.hibernate.jpa.internal.util.LogHelper  : HHH000204: Processing PersistenceUnitInfo [name: default]
2026-02-24T01:57:05.928+05:30  INFO 30956 --- [saas] [           main] org.hibernate.Version                    : HHH000412: Hibernate ORM core version 6.6.5.Final
2026-02-24T01:57:06.005+05:30  INFO 30956 --- [saas] [           main] o.h.c.internal.RegionFactoryInitiator    : HHH000026: Second-level cache disabled
2026-02-24T01:57:06.260+05:30  INFO 30956 --- [saas] [           main] o.s.o.j.p.SpringPersistenceUnitInfo      : No LoadTimeWeaver setup: ignoring JPA class transformer
2026-02-24T01:57:06.288+05:30  INFO 30956 --- [saas] [           main] com.zaxxer.hikari.HikariDataSource       : HikariPool-1 - Starting...
2026-02-24T01:57:06.413+05:30  INFO 30956 --- [saas] [           main] com.zaxxer.hikari.pool.HikariPool        : HikariPool-1 - Added connection conn0: url=jdbc:h2:mem:testdb user=SA
2026-02-24T01:57:06.416+05:30  INFO 30956 --- [saas] [           main] com.zaxxer.hikari.HikariDataSource       : HikariPool-1 - Start completed.
2026-02-24T01:57:06.438+05:30  WARN 30956 --- [saas] [           main] org.hibernate.dialect.Dialect            : HHH000511: The 2.3.232 version for [org.hibernate.dialect.MySQLDialect] is no longer supported, hence certain features may not work properly. The minimum supported version is 8.0.0. Check the community dialects project for available legacy versions.
2026-02-24T01:57:06.440+05:30  WARN 30956 --- [saas] [           main] org.hibernate.orm.deprecation            : HHH90000025: MySQLDialect does not need to be specified explicitly using 'hibernate.dialect' (remove the property setting and it will be selected by default)
2026-02-24T01:57:06.452+05:30  INFO 30956 --- [saas] [           main] org.hibernate.orm.connections.pooling    : HHH10001005: Database info:
	Database JDBC URL [Connecting through datasource 'HikariDataSource (HikariPool-1)']
	Database driver: undefined/unknown
	Database version: 2.3.232
	Autocommit mode: undefined/unknown
	Isolation level: undefined/unknown
	Minimum pool size: undefined/unknown
	Maximum pool size: undefined/unknown
2026-02-24T01:57:06.624+05:30 ERROR 30956 --- [saas] [           main] j.LocalContainerEntityManagerFactoryBean : Failed to initialize JPA EntityManagerFactory: error processing @AttributeBinderType annotation '@org.hibernate.annotations.TenantId()'
2026-02-24T01:57:06.624+05:30  WARN 30956 --- [saas] [           main] o.s.w.c.s.GenericWebApplicationContext   : Exception encountered during context initialization - cancelling refresh attempt: org.springframework.beans.factory.BeanCreationException: Error creating bean with name 'entityManagerFactory' defined in class path resource [org/springframework/boot/autoconfigure/orm/jpa/HibernateJpaConfiguration.class]: error processing @AttributeBinderType annotation '@org.hibernate.annotations.TenantId()'
2026-02-24T01:57:06.625+05:30  INFO 30956 --- [saas] [           main] com.zaxxer.hikari.HikariDataSource       : HikariPool-1 - Shutdown initiated...
2026-02-24T01:57:06.629+05:30  INFO 30956 --- [saas] [           main] com.zaxxer.hikari.HikariDataSource       : HikariPool-1 - Shutdown completed.
2026-02-24T01:57:06.649+05:30  INFO 30956 --- [saas] [           main] .s.b.a.l.ConditionEvaluationReportLogger : 

Error starting ApplicationContext. To display the condition evaluation report re-run your application with 'debug' enabled.
2026-02-24T01:57:06.663+05:30 ERROR 30956 --- [saas] [           main] o.s.boot.SpringApplication               : Application run failed

org.springframework.beans.factory.BeanCreationException: Error creating bean with name 'entityManagerFactory' defined in class path resource [org/springframework/boot/autoconfigure/orm/jpa/HibernateJpaConfiguration.class]: error processing @AttributeBinderType annotation '@org.hibernate.annotations.TenantId()'
	at org.springframework.beans.factory.support.AbstractAutowireCapableBeanFactory.initializeBean(AbstractAutowireCapableBeanFactory.java:1812) ~[spring-beans-6.2.2.jar:6.2.2]
	at org.springframework.beans.factory.support.AbstractAutowireCapableBeanFactory.doCreateBean(AbstractAutowireCapableBeanFactory.java:601) ~[spring-beans-6.2.2.jar:6.2.2]
	at org.springframework.beans.factory.support.AbstractAutowireCapableBeanFactory.createBean(AbstractAutowireCapableBeanFactory.java:523) ~[spring-beans-6.2.2.jar:6.2.2]
	at org.springframework.beans.factory.support.AbstractBeanFactory.lambda$doGetBean$0(AbstractBeanFactory.java:336) ~[spring-beans-6.2.2.jar:6.2.2]
	at org.springframework.beans.factory.support.DefaultSingletonBeanRegistry.getSingleton(DefaultSingletonBeanRegistry.java:307) ~[spring-beans-6.2.2.jar:6.2.2]
	at org.springframework.beans.factory.support.AbstractBeanFactory.doGetBean(AbstractBeanFactory.java:334) ~[spring-beans-6.2.2.jar:6.2.2]
	at org.springframework.beans.factory.support.AbstractBeanFactory.getBean(AbstractBeanFactory.java:204) ~[spring-beans-6.2.2.jar:6.2.2]
	at org.springframework.context.support.AbstractApplicationContext.finishBeanFactoryInitialization(AbstractApplicationContext.java:970) ~[spring-context-6.2.2.jar:6.2.2]
	at org.springframework.context.support.AbstractApplicationContext.refresh(AbstractApplicationContext.java:627) ~[spring-context-6.2.2.jar:6.2.2]
	at org.springframework.boot.SpringApplication.refresh(SpringApplication.java:752) ~[spring-boot-3.4.2.jar:3.4.2]
	at org.springframework.boot.SpringApplication.refreshContext(SpringApplication.java:439) ~[spring-boot-3.4.2.jar:3.4.2]
	at org.springframework.boot.SpringApplication.run(SpringApplication.java:318) ~[spring-boot-3.4.2.jar:3.4.2]
	at org.springframework.boot.test.context.SpringBootContextLoader.lambda$loadContext$3(SpringBootContextLoader.java:137) ~[spring-boot-test-3.4.2.jar:3.4.2]
	at org.springframework.util.function.ThrowingSupplier.get(ThrowingSupplier.java:58) ~[spring-core-6.2.2.jar:6.2.2]
	at org.springframework.util.function.ThrowingSupplier.get(ThrowingSupplier.java:46) ~[spring-core-6.2.2.jar:6.2.2]
	at org.springframework.boot.SpringApplication.withHook(SpringApplication.java:1461) ~[spring-boot-3.4.2.jar:3.4.2]
	at org.springframework.boot.test.context.SpringBootContextLoader$ContextLoaderHook.run(SpringBootContextLoader.java:553) ~[spring-boot-test-3.4.2.jar:3.4.2]
	at org.springframework.boot.test.context.SpringBootContextLoader.loadContext(SpringBootContextLoader.java:137) ~[spring-boot-test-3.4.2.jar:3.4.2]
	at org.springframework.boot.test.context.SpringBootContextLoader.loadContext(SpringBootContextLoader.java:108) ~[spring-boot-test-3.4.2.jar:3.4.2]
	at org.springframework.test.context.cache.DefaultCacheAwareContextLoaderDelegate.loadContextInternal(DefaultCacheAwareContextLoaderDelegate.java:225) ~[spring-test-6.2.2.jar:6.2.2]
	at org.springframework.test.context.cache.DefaultCacheAwareContextLoaderDelegate.loadContext(DefaultCacheAwareContextLoaderDelegate.java:152) ~[spring-test-6.2.2.jar:6.2.2]
	at org.springframework.test.context.support.DefaultTestContext.getApplicationContext(DefaultTestContext.java:130) ~[spring-test-6.2.2.jar:6.2.2]
	at org.springframework.test.context.web.ServletTestExecutionListener.setUpRequestContextIfNecessary(ServletTestExecutionListener.java:191) ~[spring-test-6.2.2.jar:6.2.2]
	at org.springframework.test.context.web.ServletTestExecutionListener.prepareTestInstance(ServletTestExecutionListener.java:130) ~[spring-test-6.2.2.jar:6.2.2]
	at org.springframework.test.context.TestContextManager.prepareTestInstance(TestContextManager.java:260) ~[spring-test-6.2.2.jar:6.2.2]
	at org.springframework.test.context.junit.jupiter.SpringExtension.postProcessTestInstance(SpringExtension.java:160) ~[spring-test-6.2.2.jar:6.2.2]
	at org.junit.jupiter.engine.descriptor.ClassBasedTestDescriptor.lambda$invokeTestInstancePostProcessors$11(ClassBasedTestDescriptor.java:378) ~[junit-jupiter-engine-5.11.4.jar:5.11.4]
	at org.junit.jupiter.engine.descriptor.ClassBasedTestDescriptor.executeAndMaskThrowable(ClassBasedTestDescriptor.java:383) ~[junit-jupiter-engine-5.11.4.jar:5.11.4]
	at org.junit.jupiter.engine.descriptor.ClassBasedTestDescriptor.lambda$invokeTestInstancePostProcessors$12(ClassBasedTestDescriptor.java:378) ~[junit-jupiter-engine-5.11.4.jar:5.11.4]
	at java.base/java.util.stream.ForEachOps$ForEachOp$OfRef.accept(ForEachOps.java:184) ~[na:na]
	at java.base/java.util.stream.ReferencePipeline$3$1.accept(ReferencePipeline.java:197) ~[na:na]
	at java.base/java.util.stream.ReferencePipeline$2$1.accept(ReferencePipeline.java:179) ~[na:na]
	at java.base/java.util.stream.ReferencePipeline$3$1.accept(ReferencePipeline.java:197) ~[na:na]
	at java.base/java.util.ArrayList$ArrayListSpliterator.forEachRemaining(ArrayList.java:1708) ~[na:na]
	at java.base/java.util.stream.AbstractPipeline.copyInto(AbstractPipeline.java:509) ~[na:na]
	at java.base/java.util.stream.AbstractPipeline.wrapAndCopyInto(AbstractPipeline.java:499) ~[na:na]
	at java.base/java.util.stream.ForEachOps$ForEachOp.evaluateSequential(ForEachOps.java:151) ~[na:na]
	at java.base/java.util.stream.ForEachOps$ForEachOp$OfRef.evaluateSequential(ForEachOps.java:174) ~[na:na]
	at java.base/java.util.stream.AbstractPipeline.evaluate(AbstractPipeline.java:234) ~[na:na]
	at java.base/java.util.stream.ReferencePipeline.forEach(ReferencePipeline.java:596) ~[na:na]
	at org.junit.jupiter.engine.descriptor.ClassBasedTestDescriptor.invokeTestInstancePostProcessors(ClassBasedTestDescriptor.java:377) ~[junit-jupiter-engine-5.11.4.jar:5.11.4]
	at org.junit.jupiter.engine.descriptor.ClassBasedTestDescriptor.lambda$instantiateAndPostProcessTestInstance$7(ClassBasedTestDescriptor.java:290) ~[junit-jupiter-engine-5.11.4.jar:5.11.4]
	at org.junit.platform.engine.support.hierarchical.ThrowableCollector.execute(ThrowableCollector.java:73) ~[junit-platform-engine-1.11.4.jar:1.11.4]
	at org.junit.jupiter.engine.descriptor.ClassBasedTestDescriptor.instantiateAndPostProcessTestInstance(ClassBasedTestDescriptor.java:289) ~[junit-jupiter-engine-5.11.4.jar:5.11.4]
	at org.junit.jupiter.engine.descriptor.ClassBasedTestDescriptor.lambda$testInstancesProvider$5(ClassBasedTestDescriptor.java:279) ~[junit-jupiter-engine-5.11.4.jar:5.11.4]
	at java.base/java.util.Optional.orElseGet(Optional.java:364) ~[na:na]
	at org.junit.jupiter.engine.descriptor.ClassBasedTestDescriptor.lambda$testInstancesProvider$6(ClassBasedTestDescriptor.java:278) ~[junit-jupiter-engine-5.11.4.jar:5.11.4]
	at org.junit.jupiter.engine.execution.TestInstancesProvider.getTestInstances(TestInstancesProvider.java:31) ~[junit-jupiter-engine-5.11.4.jar:5.11.4]
	at org.junit.jupiter.engine.descriptor.TestMethodTestDescriptor.lambda$prepare$1(TestMethodTestDescriptor.java:105) ~[junit-jupiter-engine-5.11.4.jar:5.11.4]
	at org.junit.platform.engine.support.hierarchical.ThrowableCollector.execute(ThrowableCollector.java:73) ~[junit-platform-engine-1.11.4.jar:1.11.4]
	at org.junit.jupiter.engine.descriptor.TestMethodTestDescriptor.prepare(TestMethodTestDescriptor.java:104) ~[junit-jupiter-engine-5.11.4.jar:5.11.4]
	at org.junit.jupiter.engine.descriptor.TestMethodTestDescriptor.prepare(TestMethodTestDescriptor.java:68) ~[junit-jupiter-engine-5.11.4.jar:5.11.4]
	at org.junit.platform.engine.support.hierarchical.NodeTestTask.lambda$prepare$2(NodeTestTask.java:128) ~[junit-platform-engine-1.11.4.jar:1.11.4]
	at org.junit.platform.engine.support.hierarchical.ThrowableCollector.execute(ThrowableCollector.java:73) ~[junit-platform-engine-1.11.4.jar:1.11.4]
	at org.junit.platform.engine.support.hierarchical.NodeTestTask.prepare(NodeTestTask.java:128) ~[junit-platform-engine-1.11.4.jar:1.11.4]
	at org.junit.platform.engine.support.hierarchical.NodeTestTask.execute(NodeTestTask.java:95) ~[junit-platform-engine-1.11.4.jar:1.11.4]
	at java.base/java.util.ArrayList.forEach(ArrayList.java:1596) ~[na:na]
	at org.junit.platform.engine.support.hierarchical.SameThreadHierarchicalTestExecutorService.invokeAll(SameThreadHierarchicalTestExecutorService.java:41) ~[junit-platform-engine-1.11.4.jar:1.11.4]
	at org.junit.platform.engine.support.hierarchical.NodeTestTask.lambda$executeRecursively$6(NodeTestTask.java:160) ~[junit-platform-engine-1.11.4.jar:1.11.4]
	at org.junit.platform.engine.support.hierarchical.ThrowableCollector.execute(ThrowableCollector.java:73) ~[junit-platform-engine-1.11.4.jar:1.11.4]
	at org.junit.platform.engine.support.hierarchical.NodeTestTask.lambda$executeRecursively$8(NodeTestTask.java:146) ~[junit-platform-engine-1.11.4.jar:1.11.4]
	at org.junit.platform.engine.support.hierarchical.Node.around(Node.java:137) ~[junit-platform-engine-1.11.4.jar:1.11.4]
	at org.junit.platform.engine.support.hierarchical.NodeTestTask.lambda$executeRecursively$9(NodeTestTask.java:144) ~[junit-platform-engine-1.11.4.jar:1.11.4]
	at org.junit.platform.engine.support.hierarchical.ThrowableCollector.execute(ThrowableCollector.java:73) ~[junit-platform-engine-1.11.4.jar:1.11.4]
	at org.junit.platform.engine.support.hierarchical.NodeTestTask.executeRecursively(NodeTestTask.java:143) ~[junit-platform-engine-1.11.4.jar:1.11.4]
	at org.junit.platform.engine.support.hierarchical.NodeTestTask.execute(NodeTestTask.java:100) ~[junit-platform-engine-1.11.4.jar:1.11.4]
	at java.base/java.util.ArrayList.forEach(ArrayList.java:1596) ~[na:na]
	at org.junit.platform.engine.support.hierarchical.SameThreadHierarchicalTestExecutorService.invokeAll(SameThreadHierarchicalTestExecutorService.java:41) ~[junit-platform-engine-1.11.4.jar:1.11.4]
	at org.junit.platform.engine.support.hierarchical.NodeTestTask.lambda$executeRecursively$6(NodeTestTask.java:160) ~[junit-platform-engine-1.11.4.jar:1.11.4]
	at org.junit.platform.engine.support.hierarchical.ThrowableCollector.execute(ThrowableCollector.java:73) ~[junit-platform-engine-1.11.4.jar:1.11.4]
	at org.junit.platform.engine.support.hierarchical.NodeTestTask.lambda$executeRecursively$8(NodeTestTask.java:146) ~[junit-platform-engine-1.11.4.jar:1.11.4]
	at org.junit.platform.engine.support.hierarchical.Node.around(Node.java:137) ~[junit-platform-engine-1.11.4.jar:1.11.4]
	at org.junit.platform.engine.support.hierarchical.NodeTestTask.lambda$executeRecursively$9(NodeTestTask.java:144) ~[junit-platform-engine-1.11.4.jar:1.11.4]
	at org.junit.platform.engine.support.hierarchical.ThrowableCollector.execute(ThrowableCollector.java:73) ~[junit-platform-engine-1.11.4.jar:1.11.4]
	at org.junit.platform.engine.support.hierarchical.NodeTestTask.executeRecursively(NodeTestTask.java:143) ~[junit-platform-engine-1.11.4.jar:1.11.4]
	at org.junit.platform.engine.support.hierarchical.NodeTestTask.execute(NodeTestTask.java:100) ~[junit-platform-engine-1.11.4.jar:1.11.4]
	at org.junit.platform.engine.support.hierarchical.SameThreadHierarchicalTestExecutorService.submit(SameThreadHierarchicalTestExecutorService.java:35) ~[junit-platform-engine-1.11.4.jar:1.11.4]
	at org.junit.platform.engine.support.hierarchical.HierarchicalTestExecutor.execute(HierarchicalTestExecutor.java:57) ~[junit-platform-engine-1.11.4.jar:1.11.4]
	at org.junit.platform.engine.support.hierarchical.HierarchicalTestEngine.execute(HierarchicalTestEngine.java:54) ~[junit-platform-engine-1.11.4.jar:1.11.4]
	at org.junit.platform.launcher.core.EngineExecutionOrchestrator.execute(EngineExecutionOrchestrator.java:198) ~[junit-platform-launcher-1.11.4.jar:1.11.4]
	at org.junit.platform.launcher.core.EngineExecutionOrchestrator.execute(EngineExecutionOrchestrator.java:169) ~[junit-platform-launcher-1.11.4.jar:1.11.4]
	at org.junit.platform.launcher.core.EngineExecutionOrchestrator.execute(EngineExecutionOrchestrator.java:93) ~[junit-platform-launcher-1.11.4.jar:1.11.4]
	at org.junit.platform.launcher.core.EngineExecutionOrchestrator.lambda$execute$0(EngineExecutionOrchestrator.java:58) ~[junit-platform-launcher-1.11.4.jar:1.11.4]
	at org.junit.platform.launcher.core.EngineExecutionOrchestrator.withInterceptedStreams(EngineExecutionOrchestrator.java:141) ~[junit-platform-launcher-1.11.4.jar:1.11.4]
	at org.junit.platform.launcher.core.EngineExecutionOrchestrator.execute(EngineExecutionOrchestrator.java:57) ~[junit-platform-launcher-1.11.4.jar:1.11.4]
	at org.junit.platform.launcher.core.DefaultLauncher.execute(DefaultLauncher.java:103) ~[junit-platform-launcher-1.11.4.jar:1.11.4]
	at org.junit.platform.launcher.core.DefaultLauncher.execute(DefaultLauncher.java:85) ~[junit-platform-launcher-1.11.4.jar:1.11.4]
	at org.junit.platform.launcher.core.DelegatingLauncher.execute(DelegatingLauncher.java:47) ~[junit-platform-launcher-1.11.4.jar:1.11.4]
	at org.apache.maven.surefire.junitplatform.LazyLauncher.execute(LazyLauncher.java:56) ~[surefire-junit-platform-3.5.2.jar:3.5.2]
	at org.apache.maven.surefire.junitplatform.JUnitPlatformProvider.execute(JUnitPlatformProvider.java:184) ~[surefire-junit-platform-3.5.2.jar:3.5.2]
	at org.apache.maven.surefire.junitplatform.JUnitPlatformProvider.invokeAllTests(JUnitPlatformProvider.java:148) ~[surefire-junit-platform-3.5.2.jar:3.5.2]
	at org.apache.maven.surefire.junitplatform.JUnitPlatformProvider.invoke(JUnitPlatformProvider.java:122) ~[surefire-junit-platform-3.5.2.jar:3.5.2]
	at org.apache.maven.surefire.booter.ForkedBooter.runSuitesInProcess(ForkedBooter.java:385) ~[surefire-booter-3.5.2.jar:3.5.2]
	at org.apache.maven.surefire.booter.ForkedBooter.execute(ForkedBooter.java:162) ~[surefire-booter-3.5.2.jar:3.5.2]
	at org.apache.maven.surefire.booter.ForkedBooter.run(ForkedBooter.java:507) ~[surefire-booter-3.5.2.jar:3.5.2]
	at org.apache.maven.surefire.booter.ForkedBooter.main(ForkedBooter.java:495) ~[surefire-booter-3.5.2.jar:3.5.2]
Caused by: org.hibernate.AnnotationException: error processing @AttributeBinderType annotation '@org.hibernate.annotations.TenantId()'
	at org.hibernate.boot.model.internal.PropertyBinder.callAttributeBinders(PropertyBinder.java:299) ~[hibernate-core-6.6.5.Final.jar:6.6.5.Final]
	at org.hibernate.boot.model.internal.PropertyBinder.lambda$callAttributeBindersInSecondPass$60f50dbf$1(PropertyBinder.java:337) ~[hibernate-core-6.6.5.Final.jar:6.6.5.Final]
	at org.hibernate.boot.internal.InFlightMetadataCollectorImpl.processSecondPasses(InFlightMetadataCollectorImpl.java:1842) ~[hibernate-core-6.6.5.Final.jar:6.6.5.Final]
	at org.hibernate.boot.internal.InFlightMetadataCollectorImpl.processSecondPasses(InFlightMetadataCollectorImpl.java:1800) ~[hibernate-core-6.6.5.Final.jar:6.6.5.Final]
	at org.hibernate.boot.model.process.spi.MetadataBuildingProcess.complete(MetadataBuildingProcess.java:334) ~[hibernate-core-6.6.5.Final.jar:6.6.5.Final]
	at org.hibernate.jpa.boot.internal.EntityManagerFactoryBuilderImpl.metadata(EntityManagerFactoryBuilderImpl.java:1431) ~[hibernate-core-6.6.5.Final.jar:6.6.5.Final]
	at org.hibernate.jpa.boot.internal.EntityManagerFactoryBuilderImpl.build(EntityManagerFactoryBuilderImpl.java:1502) ~[hibernate-core-6.6.5.Final.jar:6.6.5.Final]
	at org.springframework.orm.jpa.vendor.SpringHibernateJpaPersistenceProvider.createContainerEntityManagerFactory(SpringHibernateJpaPersistenceProvider.java:66) ~[spring-orm-6.2.2.jar:6.2.2]
	at org.springframework.orm.jpa.LocalContainerEntityManagerFactoryBean.createNativeEntityManagerFactory(LocalContainerEntityManagerFactoryBean.java:390) ~[spring-orm-6.2.2.jar:6.2.2]
	at org.springframework.orm.jpa.AbstractEntityManagerFactoryBean.buildNativeEntityManagerFactory(AbstractEntityManagerFactoryBean.java:419) ~[spring-orm-6.2.2.jar:6.2.2]
	at org.springframework.orm.jpa.AbstractEntityManagerFactoryBean.afterPropertiesSet(AbstractEntityManagerFactoryBean.java:400) ~[spring-orm-6.2.2.jar:6.2.2]
	at org.springframework.orm.jpa.LocalContainerEntityManagerFactoryBean.afterPropertiesSet(LocalContainerEntityManagerFactoryBean.java:366) ~[spring-orm-6.2.2.jar:6.2.2]
	at org.springframework.beans.factory.support.AbstractAutowireCapableBeanFactory.invokeInitMethods(AbstractAutowireCapableBeanFactory.java:1859) ~[spring-beans-6.2.2.jar:6.2.2]
	at org.springframework.beans.factory.support.AbstractAutowireCapableBeanFactory.initializeBean(AbstractAutowireCapableBeanFactory.java:1808) ~[spring-beans-6.2.2.jar:6.2.2]
	... 95 common frames omitted
Caused by: java.lang.NullPointerException: Cannot invoke "org.hibernate.type.BasicType.getJavaTypeDescriptor()" because "tenantIdType" is null
	at org.hibernate.binder.internal.TenantIdBinder.bind(TenantIdBinder.java:68) ~[hibernate-core-6.6.5.Final.jar:6.6.5.Final]
	at org.hibernate.binder.internal.TenantIdBinder.bind(TenantIdBinder.java:35) ~[hibernate-core-6.6.5.Final.jar:6.6.5.Final]
	at org.hibernate.boot.model.internal.PropertyBinder.callAttributeBinders(PropertyBinder.java:296) ~[hibernate-core-6.6.5.Final.jar:6.6.5.Final]
	... 108 common frames omitted

2026-02-24T01:57:06.672+05:30  WARN 30956 --- [saas] [           main] o.s.test.context.TestContextManager      : Caught exception while allowing TestExecutionListener [org.springframework.test.context.web.ServletTestExecutionListener] to prepare test instance [com.jobhunt.saas.SaasApplicationTests@4ae6451d]

java.lang.IllegalStateException: Failed to load ApplicationContext for [WebMergedContextConfiguration@52b891de testClass = com.jobhunt.saas.SaasApplicationTests, locations = [], classes = [com.jobhunt.saas.SaasApplication], contextInitializerClasses = [], activeProfiles = ["test"], propertySourceDescriptors = [], propertySourceProperties = ["spring.datasource.url=jdbc:h2:mem:testdb;DB_CLOSE_DELAY=-1", "spring.datasource.driverClassName=org.h2.Driver", "spring.datasource.username=sa", "spring.datasource.password=", "spring.jpa.database-platform=org.hibernate.dialect.H2Dialect", "spring.jpa.hibernate.ddl-auto=create-drop", "org.springframework.boot.test.context.SpringBootTestContextBootstrapper=true"], contextCustomizers = [org.springframework.boot.test.context.filter.ExcludeFilterContextCustomizer@18ece7f4, org.springframework.boot.test.json.DuplicateJsonObjectContextCustomizerFactory$DuplicateJsonObjectContextCustomizer@264f218, org.springframework.boot.test.mock.mockito.MockitoContextCustomizer@0, org.springframework.boot.test.web.client.TestRestTemplateContextCustomizer@2462cb01, org.springframework.boot.test.web.reactive.server.WebTestClientContextCustomizer@452e19ca, org.springframework.boot.test.web.reactor.netty.DisableReactorResourceFactoryGlobalResourcesContextCustomizerFactory$DisableReactorResourceFactoryGlobalResourcesContextCustomizerCustomizer@5e17553a, org.springframework.boot.test.autoconfigure.OnFailureConditionReportContextCustomizerFactory$OnFailureConditionReportContextCustomizer@102cec62, org.springframework.boot.test.autoconfigure.actuate.observability.ObservabilityContextCustomizerFactory$DisableObservabilityContextCustomizer@1f, org.springframework.boot.test.autoconfigure.properties.PropertyMappingContextCustomizer@0, org.springframework.boot.test.autoconfigure.web.servlet.WebDriverContextCustomizer@37911f88, org.springframework.test.context.support.DynamicPropertiesContextCustomizer@0, org.springframework.boot.test.context.SpringBootTestAnnotation@5d04ee57], resourceBasePath = "src/main/webapp", contextLoader = org.springframework.boot.test.context.SpringBootContextLoader, parent = null]
	at org.springframework.test.context.cache.DefaultCacheAwareContextLoaderDelegate.loadContext(DefaultCacheAwareContextLoaderDelegate.java:180) ~[spring-test-6.2.2.jar:6.2.2]
	at org.springframework.test.context.support.DefaultTestContext.getApplicationContext(DefaultTestContext.java:130) ~[spring-test-6.2.2.jar:6.2.2]
	at org.springframework.test.context.web.ServletTestExecutionListener.setUpRequestContextIfNecessary(ServletTestExecutionListener.java:191) ~[spring-test-6.2.2.jar:6.2.2]
	at org.springframework.test.context.web.ServletTestExecutionListener.prepareTestInstance(ServletTestExecutionListener.java:130) ~[spring-test-6.2.2.jar:6.2.2]
	at org.springframework.test.context.TestContextManager.prepareTestInstance(TestContextManager.java:260) ~[spring-test-6.2.2.jar:6.2.2]
	at org.springframework.test.context.junit.jupiter.SpringExtension.postProcessTestInstance(SpringExtension.java:160) ~[spring-test-6.2.2.jar:6.2.2]
	at org.junit.jupiter.engine.descriptor.ClassBasedTestDescriptor.lambda$invokeTestInstancePostProcessors$11(ClassBasedTestDescriptor.java:378) ~[junit-jupiter-engine-5.11.4.jar:5.11.4]
	at org.junit.jupiter.engine.descriptor.ClassBasedTestDescriptor.executeAndMaskThrowable(ClassBasedTestDescriptor.java:383) ~[junit-jupiter-engine-5.11.4.jar:5.11.4]
	at org.junit.jupiter.engine.descriptor.ClassBasedTestDescriptor.lambda$invokeTestInstancePostProcessors$12(ClassBasedTestDescriptor.java:378) ~[junit-jupiter-engine-5.11.4.jar:5.11.4]
	at java.base/java.util.stream.ForEachOps$ForEachOp$OfRef.accept(ForEachOps.java:184) ~[na:na]
	at java.base/java.util.stream.ReferencePipeline$3$1.accept(ReferencePipeline.java:197) ~[na:na]
	at java.base/java.util.stream.ReferencePipeline$2$1.accept(ReferencePipeline.java:179) ~[na:na]
	at java.base/java.util.stream.ReferencePipeline$3$1.accept(ReferencePipeline.java:197) ~[na:na]
	at java.base/java.util.ArrayList$ArrayListSpliterator.forEachRemaining(ArrayList.java:1708) ~[na:na]
	at java.base/java.util.stream.AbstractPipeline.copyInto(AbstractPipeline.java:509) ~[na:na]
	at java.base/java.util.stream.AbstractPipeline.wrapAndCopyInto(AbstractPipeline.java:499) ~[na:na]
	at java.base/java.util.stream.ForEachOps$ForEachOp.evaluateSequential(ForEachOps.java:151) ~[na:na]
	at java.base/java.util.stream.ForEachOps$ForEachOp$OfRef.evaluateSequential(ForEachOps.java:174) ~[na:na]
	at java.base/java.util.stream.AbstractPipeline.evaluate(AbstractPipeline.java:234) ~[na:na]
	at java.base/java.util.stream.ReferencePipeline.forEach(ReferencePipeline.java:596) ~[na:na]
	at org.junit.jupiter.engine.descriptor.ClassBasedTestDescriptor.invokeTestInstancePostProcessors(ClassBasedTestDescriptor.java:377) ~[junit-jupiter-engine-5.11.4.jar:5.11.4]
	at org.junit.jupiter.engine.descriptor.ClassBasedTestDescriptor.lambda$instantiateAndPostProcessTestInstance$7(ClassBasedTestDescriptor.java:290) ~[junit-jupiter-engine-5.11.4.jar:5.11.4]
	at org.junit.platform.engine.support.hierarchical.ThrowableCollector.execute(ThrowableCollector.java:73) ~[junit-platform-engine-1.11.4.jar:1.11.4]
	at org.junit.jupiter.engine.descriptor.ClassBasedTestDescriptor.instantiateAndPostProcessTestInstance(ClassBasedTestDescriptor.java:289) ~[junit-jupiter-engine-5.11.4.jar:5.11.4]
	at org.junit.jupiter.engine.descriptor.ClassBasedTestDescriptor.lambda$testInstancesProvider$5(ClassBasedTestDescriptor.java:279) ~[junit-jupiter-engine-5.11.4.jar:5.11.4]
	at java.base/java.util.Optional.orElseGet(Optional.java:364) ~[na:na]
	at org.junit.jupiter.engine.descriptor.ClassBasedTestDescriptor.lambda$testInstancesProvider$6(ClassBasedTestDescriptor.java:278) ~[junit-jupiter-engine-5.11.4.jar:5.11.4]
	at org.junit.jupiter.engine.execution.TestInstancesProvider.getTestInstances(TestInstancesProvider.java:31) ~[junit-jupiter-engine-5.11.4.jar:5.11.4]
	at org.junit.jupiter.engine.descriptor.TestMethodTestDescriptor.lambda$prepare$1(TestMethodTestDescriptor.java:105) ~[junit-jupiter-engine-5.11.4.jar:5.11.4]
	at org.junit.platform.engine.support.hierarchical.ThrowableCollector.execute(ThrowableCollector.java:73) ~[junit-platform-engine-1.11.4.jar:1.11.4]
	at org.junit.jupiter.engine.descriptor.TestMethodTestDescriptor.prepare(TestMethodTestDescriptor.java:104) ~[junit-jupiter-engine-5.11.4.jar:5.11.4]
	at org.junit.jupiter.engine.descriptor.TestMethodTestDescriptor.prepare(TestMethodTestDescriptor.java:68) ~[junit-jupiter-engine-5.11.4.jar:5.11.4]
	at org.junit.platform.engine.support.hierarchical.NodeTestTask.lambda$prepare$2(NodeTestTask.java:128) ~[junit-platform-engine-1.11.4.jar:1.11.4]
	at org.junit.platform.engine.support.hierarchical.ThrowableCollector.execute(ThrowableCollector.java:73) ~[junit-platform-engine-1.11.4.jar:1.11.4]
	at org.junit.platform.engine.support.hierarchical.NodeTestTask.prepare(NodeTestTask.java:128) ~[junit-platform-engine-1.11.4.jar:1.11.4]
	at org.junit.platform.engine.support.hierarchical.NodeTestTask.execute(NodeTestTask.java:95) ~[junit-platform-engine-1.11.4.jar:1.11.4]
	at java.base/java.util.ArrayList.forEach(ArrayList.java:1596) ~[na:na]
	at org.junit.platform.engine.support.hierarchical.SameThreadHierarchicalTestExecutorService.invokeAll(SameThreadHierarchicalTestExecutorService.java:41) ~[junit-platform-engine-1.11.4.jar:1.11.4]
	at org.junit.platform.engine.support.hierarchical.NodeTestTask.lambda$executeRecursively$6(NodeTestTask.java:160) ~[junit-platform-engine-1.11.4.jar:1.11.4]
	at org.junit.platform.engine.support.hierarchical.ThrowableCollector.execute(ThrowableCollector.java:73) ~[junit-platform-engine-1.11.4.jar:1.11.4]
	at org.junit.platform.engine.support.hierarchical.NodeTestTask.lambda$executeRecursively$8(NodeTestTask.java:146) ~[junit-platform-engine-1.11.4.jar:1.11.4]
	at org.junit.platform.engine.support.hierarchical.Node.around(Node.java:137) ~[junit-platform-engine-1.11.4.jar:1.11.4]
	at org.junit.platform.engine.support.hierarchical.NodeTestTask.lambda$executeRecursively$9(NodeTestTask.java:144) ~[junit-platform-engine-1.11.4.jar:1.11.4]
	at org.junit.platform.engine.support.hierarchical.ThrowableCollector.execute(ThrowableCollector.java:73) ~[junit-platform-engine-1.11.4.jar:1.11.4]
	at org.junit.platform.engine.support.hierarchical.NodeTestTask.executeRecursively(NodeTestTask.java:143) ~[junit-platform-engine-1.11.4.jar:1.11.4]
	at org.junit.platform.engine.support.hierarchical.NodeTestTask.execute(NodeTestTask.java:100) ~[junit-platform-engine-1.11.4.jar:1.11.4]
	at java.base/java.util.ArrayList.forEach(ArrayList.java:1596) ~[na:na]
	at org.junit.platform.engine.support.hierarchical.SameThreadHierarchicalTestExecutorService.invokeAll(SameThreadHierarchicalTestExecutorService.java:41) ~[junit-platform-engine-1.11.4.jar:1.11.4]
	at org.junit.platform.engine.support.hierarchical.NodeTestTask.lambda$executeRecursively$6(NodeTestTask.java:160) ~[junit-platform-engine-1.11.4.jar:1.11.4]
	at org.junit.platform.engine.support.hierarchical.ThrowableCollector.execute(ThrowableCollector.java:73) ~[junit-platform-engine-1.11.4.jar:1.11.4]
	at org.junit.platform.engine.support.hierarchical.NodeTestTask.lambda$executeRecursively$8(NodeTestTask.java:146) ~[junit-platform-engine-1.11.4.jar:1.11.4]
	at org.junit.platform.engine.support.hierarchical.Node.around(Node.java:137) ~[junit-platform-engine-1.11.4.jar:1.11.4]
	at org.junit.platform.engine.support.hierarchical.NodeTestTask.lambda$executeRecursively$9(NodeTestTask.java:144) ~[junit-platform-engine-1.11.4.jar:1.11.4]
	at org.junit.platform.engine.support.hierarchical.ThrowableCollector.execute(ThrowableCollector.java:73) ~[junit-platform-engine-1.11.4.jar:1.11.4]
	at org.junit.platform.engine.support.hierarchical.NodeTestTask.executeRecursively(NodeTestTask.java:143) ~[junit-platform-engine-1.11.4.jar:1.11.4]
	at org.junit.platform.engine.support.hierarchical.NodeTestTask.execute(NodeTestTask.java:100) ~[junit-platform-engine-1.11.4.jar:1.11.4]
	at org.junit.platform.engine.support.hierarchical.SameThreadHierarchicalTestExecutorService.submit(SameThreadHierarchicalTestExecutorService.java:35) ~[junit-platform-engine-1.11.4.jar:1.11.4]
	at org.junit.platform.engine.support.hierarchical.HierarchicalTestExecutor.execute(HierarchicalTestExecutor.java:57) ~[junit-platform-engine-1.11.4.jar:1.11.4]
	at org.junit.platform.engine.support.hierarchical.HierarchicalTestEngine.execute(HierarchicalTestEngine.java:54) ~[junit-platform-engine-1.11.4.jar:1.11.4]
	at org.junit.platform.launcher.core.EngineExecutionOrchestrator.execute(EngineExecutionOrchestrator.java:198) ~[junit-platform-launcher-1.11.4.jar:1.11.4]
	at org.junit.platform.launcher.core.EngineExecutionOrchestrator.execute(EngineExecutionOrchestrator.java:169) ~[junit-platform-launcher-1.11.4.jar:1.11.4]
	at org.junit.platform.launcher.core.EngineExecutionOrchestrator.execute(EngineExecutionOrchestrator.java:93) ~[junit-platform-launcher-1.11.4.jar:1.11.4]
	at org.junit.platform.launcher.core.EngineExecutionOrchestrator.lambda$execute$0(EngineExecutionOrchestrator.java:58) ~[junit-platform-launcher-1.11.4.jar:1.11.4]
	at org.junit.platform.launcher.core.EngineExecutionOrchestrator.withInterceptedStreams(EngineExecutionOrchestrator.java:141) ~[junit-platform-launcher-1.11.4.jar:1.11.4]
	at org.junit.platform.launcher.core.EngineExecutionOrchestrator.execute(EngineExecutionOrchestrator.java:57) ~[junit-platform-launcher-1.11.4.jar:1.11.4]
	at org.junit.platform.launcher.core.DefaultLauncher.execute(DefaultLauncher.java:103) ~[junit-platform-launcher-1.11.4.jar:1.11.4]
	at org.junit.platform.launcher.core.DefaultLauncher.execute(DefaultLauncher.java:85) ~[junit-platform-launcher-1.11.4.jar:1.11.4]
	at org.junit.platform.launcher.core.DelegatingLauncher.execute(DelegatingLauncher.java:47) ~[junit-platform-launcher-1.11.4.jar:1.11.4]
	at org.apache.maven.surefire.junitplatform.LazyLauncher.execute(LazyLauncher.java:56) ~[surefire-junit-platform-3.5.2.jar:3.5.2]
	at org.apache.maven.surefire.junitplatform.JUnitPlatformProvider.execute(JUnitPlatformProvider.java:184) ~[surefire-junit-platform-3.5.2.jar:3.5.2]
	at org.apache.maven.surefire.junitplatform.JUnitPlatformProvider.invokeAllTests(JUnitPlatformProvider.java:148) ~[surefire-junit-platform-3.5.2.jar:3.5.2]
	at org.apache.maven.surefire.junitplatform.JUnitPlatformProvider.invoke(JUnitPlatformProvider.java:122) ~[surefire-junit-platform-3.5.2.jar:3.5.2]
	at org.apache.maven.surefire.booter.ForkedBooter.runSuitesInProcess(ForkedBooter.java:385) ~[surefire-booter-3.5.2.jar:3.5.2]
	at org.apache.maven.surefire.booter.ForkedBooter.execute(ForkedBooter.java:162) ~[surefire-booter-3.5.2.jar:3.5.2]
	at org.apache.maven.surefire.booter.ForkedBooter.run(ForkedBooter.java:507) ~[surefire-booter-3.5.2.jar:3.5.2]
	at org.apache.maven.surefire.booter.ForkedBooter.main(ForkedBooter.java:495) ~[surefire-booter-3.5.2.jar:3.5.2]
Caused by: org.springframework.beans.factory.BeanCreationException: Error creating bean with name 'entityManagerFactory' defined in class path resource [org/springframework/boot/autoconfigure/orm/jpa/HibernateJpaConfiguration.class]: error processing @AttributeBinderType annotation '@org.hibernate.annotations.TenantId()'
	at org.springframework.beans.factory.support.AbstractAutowireCapableBeanFactory.initializeBean(AbstractAutowireCapableBeanFactory.java:1812) ~[spring-beans-6.2.2.jar:6.2.2]
	at org.springframework.beans.factory.support.AbstractAutowireCapableBeanFactory.doCreateBean(AbstractAutowireCapableBeanFactory.java:601) ~[spring-beans-6.2.2.jar:6.2.2]
	at org.springframework.beans.factory.support.AbstractAutowireCapableBeanFactory.createBean(AbstractAutowireCapableBeanFactory.java:523) ~[spring-beans-6.2.2.jar:6.2.2]
	at org.springframework.beans.factory.support.AbstractBeanFactory.lambda$doGetBean$0(AbstractBeanFactory.java:336) ~[spring-beans-6.2.2.jar:6.2.2]
	at org.springframework.beans.factory.support.DefaultSingletonBeanRegistry.getSingleton(DefaultSingletonBeanRegistry.java:307) ~[spring-beans-6.2.2.jar:6.2.2]
	at org.springframework.beans.factory.support.AbstractBeanFactory.doGetBean(AbstractBeanFactory.java:334) ~[spring-beans-6.2.2.jar:6.2.2]
	at org.springframework.beans.factory.support.AbstractBeanFactory.getBean(AbstractBeanFactory.java:204) ~[spring-beans-6.2.2.jar:6.2.2]
	at org.springframework.context.support.AbstractApplicationContext.finishBeanFactoryInitialization(AbstractApplicationContext.java:970) ~[spring-context-6.2.2.jar:6.2.2]
	at org.springframework.context.support.AbstractApplicationContext.refresh(AbstractApplicationContext.java:627) ~[spring-context-6.2.2.jar:6.2.2]
	at org.springframework.boot.SpringApplication.refresh(SpringApplication.java:752) ~[spring-boot-3.4.2.jar:3.4.2]
	at org.springframework.boot.SpringApplication.refreshContext(SpringApplication.java:439) ~[spring-boot-3.4.2.jar:3.4.2]
	at org.springframework.boot.SpringApplication.run(SpringApplication.java:318) ~[spring-boot-3.4.2.jar:3.4.2]
	at org.springframework.boot.test.context.SpringBootContextLoader.lambda$loadContext$3(SpringBootContextLoader.java:137) ~[spring-boot-test-3.4.2.jar:3.4.2]
	at org.springframework.util.function.ThrowingSupplier.get(ThrowingSupplier.java:58) ~[spring-core-6.2.2.jar:6.2.2]
	at org.springframework.util.function.ThrowingSupplier.get(ThrowingSupplier.java:46) ~[spring-core-6.2.2.jar:6.2.2]
	at org.springframework.boot.SpringApplication.withHook(SpringApplication.java:1461) ~[spring-boot-3.4.2.jar:3.4.2]
	at org.springframework.boot.test.context.SpringBootContextLoader$ContextLoaderHook.run(SpringBootContextLoader.java:553) ~[spring-boot-test-3.4.2.jar:3.4.2]
	at org.springframework.boot.test.context.SpringBootContextLoader.loadContext(SpringBootContextLoader.java:137) ~[spring-boot-test-3.4.2.jar:3.4.2]
	at org.springframework.boot.test.context.SpringBootContextLoader.loadContext(SpringBootContextLoader.java:108) ~[spring-boot-test-3.4.2.jar:3.4.2]
	at org.springframework.test.context.cache.DefaultCacheAwareContextLoaderDelegate.loadContextInternal(DefaultCacheAwareContextLoaderDelegate.java:225) ~[spring-test-6.2.2.jar:6.2.2]
	at org.springframework.test.context.cache.DefaultCacheAwareContextLoaderDelegate.loadContext(DefaultCacheAwareContextLoaderDelegate.java:152) ~[spring-test-6.2.2.jar:6.2.2]
	... 75 common frames omitted
Caused by: org.hibernate.AnnotationException: error processing @AttributeBinderType annotation '@org.hibernate.annotations.TenantId()'
	at org.hibernate.boot.model.internal.PropertyBinder.callAttributeBinders(PropertyBinder.java:299) ~[hibernate-core-6.6.5.Final.jar:6.6.5.Final]
	at org.hibernate.boot.model.internal.PropertyBinder.lambda$callAttributeBindersInSecondPass$60f50dbf$1(PropertyBinder.java:337) ~[hibernate-core-6.6.5.Final.jar:6.6.5.Final]
	at org.hibernate.boot.internal.InFlightMetadataCollectorImpl.processSecondPasses(InFlightMetadataCollectorImpl.java:1842) ~[hibernate-core-6.6.5.Final.jar:6.6.5.Final]
	at org.hibernate.boot.internal.InFlightMetadataCollectorImpl.processSecondPasses(InFlightMetadataCollectorImpl.java:1800) ~[hibernate-core-6.6.5.Final.jar:6.6.5.Final]
	at org.hibernate.boot.model.process.spi.MetadataBuildingProcess.complete(MetadataBuildingProcess.java:334) ~[hibernate-core-6.6.5.Final.jar:6.6.5.Final]
	at org.hibernate.jpa.boot.internal.EntityManagerFactoryBuilderImpl.metadata(EntityManagerFactoryBuilderImpl.java:1431) ~[hibernate-core-6.6.5.Final.jar:6.6.5.Final]
	at org.hibernate.jpa.boot.internal.EntityManagerFactoryBuilderImpl.build(EntityManagerFactoryBuilderImpl.java:1502) ~[hibernate-core-6.6.5.Final.jar:6.6.5.Final]
	at org.springframework.orm.jpa.vendor.SpringHibernateJpaPersistenceProvider.createContainerEntityManagerFactory(SpringHibernateJpaPersistenceProvider.java:66) ~[spring-orm-6.2.2.jar:6.2.2]
	at org.springframework.orm.jpa.LocalContainerEntityManagerFactoryBean.createNativeEntityManagerFactory(LocalContainerEntityManagerFactoryBean.java:390) ~[spring-orm-6.2.2.jar:6.2.2]
	at org.springframework.orm.jpa.AbstractEntityManagerFactoryBean.buildNativeEntityManagerFactory(AbstractEntityManagerFactoryBean.java:419) ~[spring-orm-6.2.2.jar:6.2.2]
	at org.springframework.orm.jpa.AbstractEntityManagerFactoryBean.afterPropertiesSet(AbstractEntityManagerFactoryBean.java:400) ~[spring-orm-6.2.2.jar:6.2.2]
	at org.springframework.orm.jpa.LocalContainerEntityManagerFactoryBean.afterPropertiesSet(LocalContainerEntityManagerFactoryBean.java:366) ~[spring-orm-6.2.2.jar:6.2.2]
	at org.springframework.beans.factory.support.AbstractAutowireCapableBeanFactory.invokeInitMethods(AbstractAutowireCapableBeanFactory.java:1859) ~[spring-beans-6.2.2.jar:6.2.2]
	at org.springframework.beans.factory.support.AbstractAutowireCapableBeanFactory.initializeBean(AbstractAutowireCapableBeanFactory.java:1808) ~[spring-beans-6.2.2.jar:6.2.2]
	... 95 common frames omitted
Caused by: java.lang.NullPointerException: Cannot invoke "org.hibernate.type.BasicType.getJavaTypeDescriptor()" because "tenantIdType" is null
	at org.hibernate.binder.internal.TenantIdBinder.bind(TenantIdBinder.java:68) ~[hibernate-core-6.6.5.Final.jar:6.6.5.Final]
	at org.hibernate.binder.internal.TenantIdBinder.bind(TenantIdBinder.java:35) ~[hibernate-core-6.6.5.Final.jar:6.6.5.Final]
	at org.hibernate.boot.model.internal.PropertyBinder.callAttributeBinders(PropertyBinder.java:296) ~[hibernate-core-6.6.5.Final.jar:6.6.5.Final]
	... 108 common frames omitted

[ERROR] Tests run: 1, Failures: 0, Errors: 1, Skipped: 0, Time elapsed: 3.156 s <<< FAILURE! -- in com.jobhunt.saas.SaasApplicationTests
[ERROR] com.jobhunt.saas.SaasApplicationTests.contextLoads -- Time elapsed: 0.006 s <<< ERROR!
java.lang.IllegalStateException: Failed to load ApplicationContext for [WebMergedContextConfiguration@52b891de testClass = com.jobhunt.saas.SaasApplicationTests, locations = [], classes = [com.jobhunt.saas.SaasApplication], contextInitializerClasses = [], activeProfiles = ["test"], propertySourceDescriptors = [], propertySourceProperties = ["spring.datasource.url=jdbc:h2:mem:testdb;DB_CLOSE_DELAY=-1", "spring.datasource.driverClassName=org.h2.Driver", "spring.datasource.username=sa", "spring.datasource.password=", "spring.jpa.database-platform=org.hibernate.dialect.H2Dialect", "spring.jpa.hibernate.ddl-auto=create-drop", "org.springframework.boot.test.context.SpringBootTestContextBootstrapper=true"], contextCustomizers = [org.springframework.boot.test.context.filter.ExcludeFilterContextCustomizer@18ece7f4, org.springframework.boot.test.json.DuplicateJsonObjectContextCustomizerFactory$DuplicateJsonObjectContextCustomizer@264f218, org.springframework.boot.test.mock.mockito.MockitoContextCustomizer@0, org.springframework.boot.test.web.client.TestRestTemplateContextCustomizer@2462cb01, org.springframework.boot.test.web.reactive.server.WebTestClientContextCustomizer@452e19ca, org.springframework.boot.test.web.reactor.netty.DisableReactorResourceFactoryGlobalResourcesContextCustomizerFactory$DisableReactorResourceFactoryGlobalResourcesContextCustomizerCustomizer@5e17553a, org.springframework.boot.test.autoconfigure.OnFailureConditionReportContextCustomizerFactory$OnFailureConditionReportContextCustomizer@102cec62, org.springframework.boot.test.autoconfigure.actuate.observability.ObservabilityContextCustomizerFactory$DisableObservabilityContextCustomizer@1f, org.springframework.boot.test.autoconfigure.properties.PropertyMappingContextCustomizer@0, org.springframework.boot.test.autoconfigure.web.servlet.WebDriverContextCustomizer@37911f88, org.springframework.test.context.support.DynamicPropertiesContextCustomizer@0, org.springframework.boot.test.context.SpringBootTestAnnotation@5d04ee57], resourceBasePath = "src/main/webapp", contextLoader = org.springframework.boot.test.context.SpringBootContextLoader, parent = null]
	at org.springframework.test.context.cache.DefaultCacheAwareContextLoaderDelegate.loadContext(DefaultCacheAwareContextLoaderDelegate.java:180)
	at org.springframework.test.context.support.DefaultTestContext.getApplicationContext(DefaultTestContext.java:130)
	at org.springframework.test.context.web.ServletTestExecutionListener.setUpRequestContextIfNecessary(ServletTestExecutionListener.java:191)
	at org.springframework.test.context.web.ServletTestExecutionListener.prepareTestInstance(ServletTestExecutionListener.java:130)
	at org.springframework.test.context.TestContextManager.prepareTestInstance(TestContextManager.java:260)
	at org.springframework.test.context.junit.jupiter.SpringExtension.postProcessTestInstance(SpringExtension.java:160)
	at java.base/java.util.stream.ForEachOps$ForEachOp$OfRef.accept(ForEachOps.java:184)
	at java.base/java.util.stream.ReferencePipeline$3$1.accept(ReferencePipeline.java:197)
	at java.base/java.util.stream.ReferencePipeline$2$1.accept(ReferencePipeline.java:179)
	at java.base/java.util.stream.ReferencePipeline$3$1.accept(ReferencePipeline.java:197)
	at java.base/java.util.ArrayList$ArrayListSpliterator.forEachRemaining(ArrayList.java:1708)
	at java.base/java.util.stream.AbstractPipeline.copyInto(AbstractPipeline.java:509)
	at java.base/java.util.stream.AbstractPipeline.wrapAndCopyInto(AbstractPipeline.java:499)
	at java.base/java.util.stream.ForEachOps$ForEachOp.evaluateSequential(ForEachOps.java:151)
	at java.base/java.util.stream.ForEachOps$ForEachOp$OfRef.evaluateSequential(ForEachOps.java:174)
	at java.base/java.util.stream.AbstractPipeline.evaluate(AbstractPipeline.java:234)
	at java.base/java.util.stream.ReferencePipeline.forEach(ReferencePipeline.java:596)
	at java.base/java.util.Optional.orElseGet(Optional.java:364)
	at java.base/java.util.ArrayList.forEach(ArrayList.java:1596)
	at java.base/java.util.ArrayList.forEach(ArrayList.java:1596)
Caused by: org.springframework.beans.factory.BeanCreationException: Error creating bean with name 'entityManagerFactory' defined in class path resource [org/springframework/boot/autoconfigure/orm/jpa/HibernateJpaConfiguration.class]: error processing @AttributeBinderType annotation '@org.hibernate.annotations.TenantId()'
	at org.springframework.beans.factory.support.AbstractAutowireCapableBeanFactory.initializeBean(AbstractAutowireCapableBeanFactory.java:1812)
	at org.springframework.beans.factory.support.AbstractAutowireCapableBeanFactory.doCreateBean(AbstractAutowireCapableBeanFactory.java:601)
	at org.springframework.beans.factory.support.AbstractAutowireCapableBeanFactory.createBean(AbstractAutowireCapableBeanFactory.java:523)
	at org.springframework.beans.factory.support.AbstractBeanFactory.lambda$doGetBean$0(AbstractBeanFactory.java:336)
	at org.springframework.beans.factory.support.DefaultSingletonBeanRegistry.getSingleton(DefaultSingletonBeanRegistry.java:307)
	at org.springframework.beans.factory.support.AbstractBeanFactory.doGetBean(AbstractBeanFactory.java:334)
	at org.springframework.beans.factory.support.AbstractBeanFactory.getBean(AbstractBeanFactory.java:204)
	at org.springframework.context.support.AbstractApplicationContext.finishBeanFactoryInitialization(AbstractApplicationContext.java:970)
	at org.springframework.context.support.AbstractApplicationContext.refresh(AbstractApplicationContext.java:627)
	at org.springframework.boot.SpringApplication.refresh(SpringApplication.java:752)
	at org.springframework.boot.SpringApplication.refreshContext(SpringApplication.java:439)
	at org.springframework.boot.SpringApplication.run(SpringApplication.java:318)
	at org.springframework.boot.test.context.SpringBootContextLoader.lambda$loadContext$3(SpringBootContextLoader.java:137)
	at org.springframework.util.function.ThrowingSupplier.get(ThrowingSupplier.java:58)
	at org.springframework.util.function.ThrowingSupplier.get(ThrowingSupplier.java:46)
	at org.springframework.boot.SpringApplication.withHook(SpringApplication.java:1461)
	at org.springframework.boot.test.context.SpringBootContextLoader$ContextLoaderHook.run(SpringBootContextLoader.java:553)
	at org.springframework.boot.test.context.SpringBootContextLoader.loadContext(SpringBootContextLoader.java:137)
	at org.springframework.boot.test.context.SpringBootContextLoader.loadContext(SpringBootContextLoader.java:108)
	at org.springframework.test.context.cache.DefaultCacheAwareContextLoaderDelegate.loadContextInternal(DefaultCacheAwareContextLoaderDelegate.java:225)
	at org.springframework.test.context.cache.DefaultCacheAwareContextLoaderDelegate.loadContext(DefaultCacheAwareContextLoaderDelegate.java:152)
	... 19 more
Caused by: org.hibernate.AnnotationException: error processing @AttributeBinderType annotation '@org.hibernate.annotations.TenantId()'
	at org.hibernate.boot.model.internal.PropertyBinder.callAttributeBinders(PropertyBinder.java:299)
	at org.hibernate.boot.model.internal.PropertyBinder.lambda$callAttributeBindersInSecondPass$60f50dbf$1(PropertyBinder.java:337)
	at org.hibernate.boot.internal.InFlightMetadataCollectorImpl.processSecondPasses(InFlightMetadataCollectorImpl.java:1842)
	at org.hibernate.boot.internal.InFlightMetadataCollectorImpl.processSecondPasses(InFlightMetadataCollectorImpl.java:1800)
	at org.hibernate.boot.model.process.spi.MetadataBuildingProcess.complete(MetadataBuildingProcess.java:334)
	at org.hibernate.jpa.boot.internal.EntityManagerFactoryBuilderImpl.metadata(EntityManagerFactoryBuilderImpl.java:1431)
	at org.hibernate.jpa.boot.internal.EntityManagerFactoryBuilderImpl.build(EntityManagerFactoryBuilderImpl.java:1502)
	at org.springframework.orm.jpa.vendor.SpringHibernateJpaPersistenceProvider.createContainerEntityManagerFactory(SpringHibernateJpaPersistenceProvider.java:66)
	at org.springframework.orm.jpa.LocalContainerEntityManagerFactoryBean.createNativeEntityManagerFactory(LocalContainerEntityManagerFactoryBean.java:390)
	at org.springframework.orm.jpa.AbstractEntityManagerFactoryBean.buildNativeEntityManagerFactory(AbstractEntityManagerFactoryBean.java:419)
	at org.springframework.orm.jpa.AbstractEntityManagerFactoryBean.afterPropertiesSet(AbstractEntityManagerFactoryBean.java:400)
	at org.springframework.orm.jpa.LocalContainerEntityManagerFactoryBean.afterPropertiesSet(LocalContainerEntityManagerFactoryBean.java:366)
	at org.springframework.beans.factory.support.AbstractAutowireCapableBeanFactory.invokeInitMethods(AbstractAutowireCapableBeanFactory.java:1859)
	at org.springframework.beans.factory.support.AbstractAutowireCapableBeanFactory.initializeBean(AbstractAutowireCapableBeanFactory.java:1808)
	... 39 more
Caused by: java.lang.NullPointerException: Cannot invoke "org.hibernate.type.BasicType.getJavaTypeDescriptor()" because "tenantIdType" is null
	at org.hibernate.binder.internal.TenantIdBinder.bind(TenantIdBinder.java:68)
	at org.hibernate.binder.internal.TenantIdBinder.bind(TenantIdBinder.java:35)
	at org.hibernate.boot.model.internal.PropertyBinder.callAttributeBinders(PropertyBinder.java:296)
	... 52 more

[DEBUG] Closing the fork 1 after saying GoodBye.
[INFO] 
[INFO] Results:
[INFO] 
[ERROR] Errors: 
[ERROR]   SaasApplicationTests.contextLoads ╗ IllegalState Failed to load ApplicationContext for [WebMergedContextConfiguration@52b891de testClass = com.jobhunt.saas.SaasApplicationTests, locations = [], classes = [com.jobhunt.saas.SaasApplication], contextInitializerClasses = [], activeProfiles = ["test"], propertySourceDescriptors = [], propertySourceProperties = ["spring.datasource.url=jdbc:h2:mem:testdb;DB_CLOSE_DELAY=-1", "spring.datasource.driverClassName=org.h2.Driver", "spring.datasource.username=sa", "spring.datasource.password=", "spring.jpa.database-platform=org.hibernate.dialect.H2Dialect", "spring.jpa.hibernate.ddl-auto=create-drop", "org.springframework.boot.test.context.SpringBootTestContextBootstrapper=true"], contextCustomizers = [org.springframework.boot.test.context.filter.ExcludeFilterContextCustomizer@18ece7f4, org.springframework.boot.test.json.DuplicateJsonObjectContextCustomizerFactory$DuplicateJsonObjectContextCustomizer@264f218, org.springframework.boot.test.mock.mockito.MockitoContextCustomizer@0, org.springframework.boot.test.web.client.TestRestTemplateContextCustomizer@2462cb01, org.springframework.boot.test.web.reactive.server.WebTestClientContextCustomizer@452e19ca, org.springframework.boot.test.web.reactor.netty.DisableReactorResourceFactoryGlobalResourcesContextCustomizerFactory$DisableReactorResourceFactoryGlobalResourcesContextCustomizerCustomizer@5e17553a, org.springframework.boot.test.autoconfigure.OnFailureConditionReportContextCustomizerFactory$OnFailureConditionReportContextCustomizer@102cec62, org.springframework.boot.test.autoconfigure.actuate.observability.ObservabilityContextCustomizerFactory$DisableObservabilityContextCustomizer@1f, org.springframework.boot.test.autoconfigure.properties.PropertyMappingContextCustomizer@0, org.springframework.boot.test.autoconfigure.web.servlet.WebDriverContextCustomizer@37911f88, org.springframework.test.context.support.DynamicPropertiesContextCustomizer@0, org.springframework.boot.test.context.SpringBootTestAnnotation@5d04ee57], resourceBasePath = "src/main/webapp", contextLoader = org.springframework.boot.test.context.SpringBootContextLoader, parent = null]
[INFO] 
[ERROR] Tests run: 1, Failures: 0, Errors: 1, Skipped: 0
[INFO] 
[INFO] ------------------------------------------------------------------------
[INFO] BUILD FAILURE
[INFO] ------------------------------------------------------------------------
[INFO] Total time:  5.240 s
[INFO] Finished at: 2026-02-24T01:57:06+05:30
[INFO] ------------------------------------------------------------------------
[ERROR] Failed to execute goal org.apache.maven.plugins:maven-surefire-plugin:3.5.2:test (default-test) on project saas: 
[ERROR] 
[ERROR] See C:\SpringBoot Projects\saas\target\surefire-reports for the individual test results.
[ERROR] See dump files (if any exist) [date].dump, [date]-jvmRun[N].dump and [date].dumpstream.
[ERROR] -> [Help 1]
org.apache.maven.lifecycle.LifecycleExecutionException: Failed to execute goal org.apache.maven.plugins:maven-surefire-plugin:3.5.2:test (default-test) on project saas: 

See C:\SpringBoot Projects\saas\target\surefire-reports for the individual test results.
See dump files (if any exist) [date].dump, [date]-jvmRun[N].dump and [date].dumpstream.
    at org.apache.maven.lifecycle.internal.MojoExecutor.doExecute2 (MojoExecutor.java:333)
    at org.apache.maven.lifecycle.internal.MojoExecutor.doExecute (MojoExecutor.java:316)
    at org.apache.maven.lifecycle.internal.MojoExecutor.execute (MojoExecutor.java:212)
    at org.apache.maven.lifecycle.internal.MojoExecutor.execute (MojoExecutor.java:174)
    at org.apache.maven.lifecycle.internal.MojoExecutor.access$000 (MojoExecutor.java:75)
    at org.apache.maven.lifecycle.internal.MojoExecutor$1.run (MojoExecutor.java:162)
    at org.apache.maven.plugin.DefaultMojosExecutionStrategy.execute (DefaultMojosExecutionStrategy.java:39)
    at org.apache.maven.lifecycle.internal.MojoExecutor.execute (MojoExecutor.java:159)
    at org.apache.maven.lifecycle.internal.LifecycleModuleBuilder.buildProject (LifecycleModuleBuilder.java:105)
    at org.apache.maven.lifecycle.internal.LifecycleModuleBuilder.buildProject (LifecycleModuleBuilder.java:73)
    at org.apache.maven.lifecycle.internal.builder.singlethreaded.SingleThreadedBuilder.build (SingleThreadedBuilder.java:53)
    at org.apache.maven.lifecycle.internal.LifecycleStarter.execute (LifecycleStarter.java:118)
    at org.apache.maven.DefaultMaven.doExecute (DefaultMaven.java:261)
    at org.apache.maven.DefaultMaven.doExecute (DefaultMaven.java:173)
    at org.apache.maven.DefaultMaven.execute (DefaultMaven.java:101)
    at org.apache.maven.cli.MavenCli.execute (MavenCli.java:906)
    at org.apache.maven.cli.MavenCli.doMain (MavenCli.java:283)
    at org.apache.maven.cli.MavenCli.main (MavenCli.java:206)
    at jdk.internal.reflect.DirectMethodHandleAccessor.invoke (DirectMethodHandleAccessor.java:103)
    at java.lang.reflect.Method.invoke (Method.java:580)
    at org.codehaus.plexus.classworlds.launcher.Launcher.launchEnhanced (Launcher.java:255)
    at org.codehaus.plexus.classworlds.launcher.Launcher.launch (Launcher.java:201)
    at org.codehaus.plexus.classworlds.launcher.Launcher.mainWithExitCode (Launcher.java:361)
    at org.codehaus.plexus.classworlds.launcher.Launcher.main (Launcher.java:314)
Caused by: org.apache.maven.plugin.MojoFailureException: 

See C:\SpringBoot Projects\saas\target\surefire-reports for the individual test results.
See dump files (if any exist) [date].dump, [date]-jvmRun[N].dump and [date].dumpstream.
    at org.apache.maven.plugin.surefire.SurefireHelper.throwException (SurefireHelper.java:247)
    at org.apache.maven.plugin.surefire.SurefireHelper.reportExecution (SurefireHelper.java:159)
    at org.apache.maven.plugin.surefire.SurefireMojo.handleSummary (SurefireMojo.java:547)
    at org.apache.maven.plugin.surefire.AbstractSurefireMojo.executeAfterPreconditionsChecked (AbstractSurefireMojo.java:1146)
    at org.apache.maven.plugin.surefire.AbstractSurefireMojo.execute (AbstractSurefireMojo.java:968)
    at org.apache.maven.plugin.DefaultBuildPluginManager.executeMojo (DefaultBuildPluginManager.java:126)
    at org.apache.maven.lifecycle.internal.MojoExecutor.doExecute2 (MojoExecutor.java:328)
    at org.apache.maven.lifecycle.internal.MojoExecutor.doExecute (MojoExecutor.java:316)
    at org.apache.maven.lifecycle.internal.MojoExecutor.execute (MojoExecutor.java:212)
    at org.apache.maven.lifecycle.internal.MojoExecutor.execute (MojoExecutor.java:174)
    at org.apache.maven.lifecycle.internal.MojoExecutor.access$000 (MojoExecutor.java:75)
    at org.apache.maven.lifecycle.internal.MojoExecutor$1.run (MojoExecutor.java:162)
    at org.apache.maven.plugin.DefaultMojosExecutionStrategy.execute (DefaultMojosExecutionStrategy.java:39)
    at org.apache.maven.lifecycle.internal.MojoExecutor.execute (MojoExecutor.java:159)
    at org.apache.maven.lifecycle.internal.LifecycleModuleBuilder.buildProject (LifecycleModuleBuilder.java:105)
    at org.apache.maven.lifecycle.internal.LifecycleModuleBuilder.buildProject (LifecycleModuleBuilder.java:73)
    at org.apache.maven.lifecycle.internal.builder.singlethreaded.SingleThreadedBuilder.build (SingleThreadedBuilder.java:53)
    at org.apache.maven.lifecycle.internal.LifecycleStarter.execute (LifecycleStarter.java:118)
    at org.apache.maven.DefaultMaven.doExecute (DefaultMaven.java:261)
    at org.apache.maven.DefaultMaven.doExecute (DefaultMaven.java:173)
    at org.apache.maven.DefaultMaven.execute (DefaultMaven.java:101)
    at org.apache.maven.cli.MavenCli.execute (MavenCli.java:906)
    at org.apache.maven.cli.MavenCli.doMain (MavenCli.java:283)
    at org.apache.maven.cli.MavenCli.main (MavenCli.java:206)
    at jdk.internal.reflect.DirectMethodHandleAccessor.invoke (DirectMethodHandleAccessor.java:103)
    at java.lang.reflect.Method.invoke (Method.java:580)
    at org.codehaus.plexus.classworlds.launcher.Launcher.launchEnhanced (Launcher.java:255)
    at org.codehaus.plexus.classworlds.launcher.Launcher.launch (Launcher.java:201)
    at org.codehaus.plexus.classworlds.launcher.Launcher.mainWithExitCode (Launcher.java:361)
    at org.codehaus.plexus.classworlds.launcher.Launcher.main (Launcher.java:314)
[ERROR] 
[ERROR] 
[ERROR] For more information about the errors and possible solutions, please read the following articles:
[ERROR] [Help 1] http://cwiki.apache.org/confluence/display/MAVEN/MojoFailureException
[DEBUG] Shutting down adapter factory; available factories [file-lock, rwlock-local, semaphore-local, noop]; available name mappers [discriminating, file-gav, file-hgav, file-static, gav, static]
[DEBUG] Shutting down 'file-lock' factory
[DEBUG] Shutting down 'rwlock-local' factory
[DEBUG] Shutting down 'semaphore-local' factory
[DEBUG] Shutting down 'noop' factory
